Archive member included to satisfy reference by file (symbol)

C:/Users/XUYUE~1/OneDrive/Desktop/REMOTE~1/3K04_G~1/slprj/ert/_sharedutils/rtwshared.lib(rt_roundd_snf.o)
                              a2_changes_nov25.o (rt_roundd_snf)
C:/ProgramData/MATLAB/SupportPackages/R2022a/3P.instrset/cmsis.instrset/CMSIS/RTOS/RTX/LIB/GCC/libRTX_CM4.a(rt_cmsis.o)
                              RTX_Conf_CM.o (osKernelInitialize)
C:/ProgramData/MATLAB/SupportPackages/R2022a/3P.instrset/cmsis.instrset/CMSIS/RTOS/RTX/LIB/GCC/libRTX_CM4.a(hal_cm.o)
                              C:/ProgramData/MATLAB/SupportPackages/R2022a/3P.instrset/cmsis.instrset/CMSIS/RTOS/RTX/LIB/GCC/libRTX_CM4.a(rt_cmsis.o) (rt_ret_val)
C:/ProgramData/MATLAB/SupportPackages/R2022a/3P.instrset/cmsis.instrset/CMSIS/RTOS/RTX/LIB/GCC/libRTX_CM4.a(rt_memory.o)
                              C:/ProgramData/MATLAB/SupportPackages/R2022a/3P.instrset/cmsis.instrset/CMSIS/RTOS/RTX/LIB/GCC/libRTX_CM4.a(rt_cmsis.o) (rt_init_mem)
C:/ProgramData/MATLAB/SupportPackages/R2022a/3P.instrset/cmsis.instrset/CMSIS/RTOS/RTX/LIB/GCC/libRTX_CM4.a(rt_membox.o)
                              C:/ProgramData/MATLAB/SupportPackages/R2022a/3P.instrset/cmsis.instrset/CMSIS/RTOS/RTX/LIB/GCC/libRTX_CM4.a(rt_cmsis.o) (_init_box)
C:/ProgramData/MATLAB/SupportPackages/R2022a/3P.instrset/cmsis.instrset/CMSIS/RTOS/RTX/LIB/GCC/libRTX_CM4.a(rt_mutex.o)
                              C:/ProgramData/MATLAB/SupportPackages/R2022a/3P.instrset/cmsis.instrset/CMSIS/RTOS/RTX/LIB/GCC/libRTX_CM4.a(rt_cmsis.o) (rt_mut_init)
C:/ProgramData/MATLAB/SupportPackages/R2022a/3P.instrset/cmsis.instrset/CMSIS/RTOS/RTX/LIB/GCC/libRTX_CM4.a(rt_time.o)
                              C:/ProgramData/MATLAB/SupportPackages/R2022a/3P.instrset/cmsis.instrset/CMSIS/RTOS/RTX/LIB/GCC/libRTX_CM4.a(rt_cmsis.o) (os_time)
C:/ProgramData/MATLAB/SupportPackages/R2022a/3P.instrset/cmsis.instrset/CMSIS/RTOS/RTX/LIB/GCC/libRTX_CM4.a(rt_semaphore.o)
                              C:/ProgramData/MATLAB/SupportPackages/R2022a/3P.instrset/cmsis.instrset/CMSIS/RTOS/RTX/LIB/GCC/libRTX_CM4.a(rt_cmsis.o) (rt_sem_init)
C:/ProgramData/MATLAB/SupportPackages/R2022a/3P.instrset/cmsis.instrset/CMSIS/RTOS/RTX/LIB/GCC/libRTX_CM4.a(rt_mailbox.o)
                              C:/ProgramData/MATLAB/SupportPackages/R2022a/3P.instrset/cmsis.instrset/CMSIS/RTOS/RTX/LIB/GCC/libRTX_CM4.a(rt_cmsis.o) (rt_mbx_init)
C:/ProgramData/MATLAB/SupportPackages/R2022a/3P.instrset/cmsis.instrset/CMSIS/RTOS/RTX/LIB/GCC/libRTX_CM4.a(rt_list.o)
                              C:/ProgramData/MATLAB/SupportPackages/R2022a/3P.instrset/cmsis.instrset/CMSIS/RTOS/RTX/LIB/GCC/libRTX_CM4.a(rt_cmsis.o) (rt_put_prio)
C:/ProgramData/MATLAB/SupportPackages/R2022a/3P.instrset/cmsis.instrset/CMSIS/RTOS/RTX/LIB/GCC/libRTX_CM4.a(rt_event.o)
                              C:/ProgramData/MATLAB/SupportPackages/R2022a/3P.instrset/cmsis.instrset/CMSIS/RTOS/RTX/LIB/GCC/libRTX_CM4.a(rt_cmsis.o) (rt_evt_wait)
C:/ProgramData/MATLAB/SupportPackages/R2022a/3P.instrset/cmsis.instrset/CMSIS/RTOS/RTX/LIB/GCC/libRTX_CM4.a(rt_system.o)
                              C:/ProgramData/MATLAB/SupportPackages/R2022a/3P.instrset/cmsis.instrset/CMSIS/RTOS/RTX/LIB/GCC/libRTX_CM4.a(rt_cmsis.o) (rt_suspend)
C:/ProgramData/MATLAB/SupportPackages/R2022a/3P.instrset/cmsis.instrset/CMSIS/RTOS/RTX/LIB/GCC/libRTX_CM4.a(rt_task.o)
                              C:/ProgramData/MATLAB/SupportPackages/R2022a/3P.instrset/cmsis.instrset/CMSIS/RTOS/RTX/LIB/GCC/libRTX_CM4.a(rt_system.o) (rt_switch_req)
C:/ProgramData/MATLAB/SupportPackages/R2022a/3P.instrset/cmsis.instrset/CMSIS/RTOS/RTX/LIB/GCC/libRTX_CM4.a(hal_cm4.o)
                              C:/ProgramData/MATLAB/SupportPackages/R2022a/3P.instrset/cmsis.instrset/CMSIS/RTOS/RTX/LIB/GCC/libRTX_CM4.a(rt_task.o) (rt_get_PSP)
C:/ProgramData/MATLAB/SupportPackages/R2022a/3P.instrset/cmsis.instrset/CMSIS/RTOS/RTX/LIB/GCC/libRTX_CM4.a(svc_table.o)
                              C:/ProgramData/MATLAB/SupportPackages/R2022a/3P.instrset/cmsis.instrset/CMSIS/RTOS/RTX/LIB/GCC/libRTX_CM4.a(hal_cm4.o) (SVC_Table)
C:/ProgramData/MATLAB/SupportPackages/R2022a/3P.instrset/cmsis.instrset/CMSIS/RTOS/RTX/LIB/GCC/libRTX_CM4.a(rt_robin.o)
                              C:/ProgramData/MATLAB/SupportPackages/R2022a/3P.instrset/cmsis.instrset/CMSIS/RTOS/RTX/LIB/GCC/libRTX_CM4.a(rt_system.o) (os_robin)
C:/ProgramData/MATLAB/SupportPackages/R2022a/toolbox/target/supportpackages/freedomk64f/src/ksdk_armgcc_lib/bm/libksdk_platform.a(fsl_os_abstraction_bm.o)
                              MW_SCI.o (OSA_SemaPost)
C:/ProgramData/MATLAB/SupportPackages/R2022a/toolbox/target/supportpackages/freedomk64f/src/ksdk_armgcc_lib/bm/libksdk_platform.a(fsl_clock_manager.o)
                              board.o (CLOCK_SYS_OscInit)
C:/ProgramData/MATLAB/SupportPackages/R2022a/toolbox/target/supportpackages/freedomk64f/src/ksdk_armgcc_lib/bm/libksdk_platform.a(fsl_clock_manager_common.o)
[...]
Memory Configuration

Name             Origin             Length             Attributes
m_interrupts     0x00000000         0x00000400         xr
m_flash_config   0x00000400         0x00000010         xr
m_text           0x00000410         0x000ffbf0         xr
m_data_2         0x1fff0000         0x00010000         rw
m_data           0x20000000         0x00030000         rw
*default*        0x00000000         0xffffffff

Linker script and memory map

LOAD c:/progra~3/matlab/suppor~1/r2022a/3p778c~1.ins/gnuarm~1.ins/win/bin/../lib/gcc/arm-none-eabi/9.3.1/thumb/v7e-m+fp/hard/crti.o
LOAD c:/progra~3/matlab/suppor~1/r2022a/3p778c~1.ins/gnuarm~1.ins/win/bin/../lib/gcc/arm-none-eabi/9.3.1/thumb/v7e-m+fp/hard/crtbegin.o
LOAD c:/progra~3/matlab/suppor~1/r2022a/3p778c~1.ins/gnuarm~1.ins/win/bin/../lib/gcc/arm-none-eabi/9.3.1/../../../../arm-none-eabi/lib/thumb/v7e-m+fp/hard/crt0.o
LOAD MW_AnalogInput.o
LOAD mw_sdk_interface.o
LOAD MW_SCI.o
LOAD MW_digitalIO.o
LOAD i2c_api.o
LOAD MW_I2C.o
LOAD ert_main.o
LOAD DCM_SEND.o
LOAD a2_changes_nov25.o
LOAD a2_changes_nov25_data.o
LOAD startup.o
LOAD system_MK64F12.o
LOAD startup_MK64F12.o
LOAD board.o
LOAD hardware_init.o
LOAD pin_mux.o
LOAD fsl_misc_utilities.o
LOAD fsl_edma_irq.o
LOAD fsl_uart_irq.o
LOAD irq_stub.o
LOAD sbrk.o
LOAD cmsis_rtos_init.o
LOAD RTX_Conf_CM.o
LOAD mw_thread.o
LOAD mw_semaphore.o
LOAD mw_timer.o
LOAD mw_signal.o
LOAD C:/Users/XUYUE~1/OneDrive/Desktop/REMOTE~1/3K04_G~1/slprj/ert/_sharedutils/rtwshared.lib
LOAD C:/ProgramData/MATLAB/SupportPackages/R2022a/3P.instrset/cmsis.instrset/CMSIS/DSP/Lib/GCC/libarm_cortexM4lf_math.a
LOAD C:/ProgramData/MATLAB/SupportPackages/R2022a/3P.instrset/cmsis.instrset/CMSIS/RTOS/RTX/LIB/GCC/libRTX_CM4.a
LOAD C:/ProgramData/MATLAB/SupportPackages/R2022a/toolbox/target/supportpackages/freedomk64f/src/ksdk_armgcc_lib/bm/libksdk_platform.a
LOAD c:/progra~3/matlab/suppor~1/r2022a/3p778c~1.ins/gnuarm~1.ins/win/bin/../lib/gcc/arm-none-eabi/9.3.1/../../../../arm-none-eabi/lib/thumb/v7e-m+fp/hard\libstdc++.a
LOAD c:/progra~3/matlab/suppor~1/r2022a/3p778c~1.ins/gnuarm~1.ins/win/bin/../lib/gcc/arm-none-eabi/9.3.1/../../../../arm-none-eabi/lib/thumb/v7e-m+fp/hard\libm.a
START GROUP
LOAD c:/progra~3/matlab/suppor~1/r2022a/3p778c~1.ins/gnuarm~1.ins/win/bin/../lib/gcc/arm-none-eabi/9.3.1/thumb/v7e-m+fp/hard\libgcc.a
LOAD c:/progra~3/matlab/suppor~1/r2022a/3p778c~1.ins/gnuarm~1.ins/win/bin/../lib/gcc/arm-none-eabi/9.3.1/../../../../arm-none-eabi/lib/thumb/v7e-m+fp/hard\libg.a
LOAD c:/progra~3/matlab/suppor~1/r2022a/3p778c~1.ins/gnuarm~1.ins/win/bin/../lib/gcc/arm-none-eabi/9.3.1/../../../../arm-none-eabi/lib/thumb/v7e-m+fp/hard\libc.a
END GROUP
START GROUP
LOAD c:/progra~3/matlab/suppor~1/r2022a/3p778c~1.ins/gnuarm~1.ins/win/bin/../lib/gcc/arm-none-eabi/9.3.1/thumb/v7e-m+fp/hard\libgcc.a
LOAD c:/progra~3/matlab/suppor~1/r2022a/3p778c~1.ins/gnuarm~1.ins/win/bin/../lib/gcc/arm-none-eabi/9.3.1/../../../../arm-none-eabi/lib/thumb/v7e-m+fp/hard\libc.a
LOAD c:/progra~3/matlab/suppor~1/r2022a/3p778c~1.ins/gnuarm~1.ins/win/bin/../lib/gcc/arm-none-eabi/9.3.1/../../../../arm-none-eabi/lib/thumb/v7e-m+fp/hard\libnosys.a
END GROUP
LOAD c:/progra~3/matlab/suppor~1/r2022a/3p778c~1.ins/gnuarm~1.ins/win/bin/../lib/gcc/arm-none-eabi/9.3.1/thumb/v7e-m+fp/hard/crtend.o
LOAD c:/progra~3/matlab/suppor~1/r2022a/3p778c~1.ins/gnuarm~1.ins/win/bin/../lib/gcc/arm-none-eabi/9.3.1/thumb/v7e-m+fp/hard/crtn.o
                0x00000400                HEAP_SIZE = DEFINED (__heap_size__)?__heap_size__:0x400
                0x00000400                STACK_SIZE = DEFINED (__stack_size__)?__stack_size__:0x400
                0x00000000                M_VECTOR_RAM_SIZE = DEFINED (__ram_vector_table__)?0x400:0x0

.interrupts     0x00000000      0x400
                0x00000000                __VECTOR_TABLE = .
                0x00000000                . = ALIGN (0x4)
 *(.isr_vector)
 .isr_vector    0x00000000      0x400 startup_MK64F12.o
                0x00000000                __isr_vector
                0x00000400                . = ALIGN (0x4)

.flash_config   0x00000400       0x10
                0x00000400                . = ALIGN (0x4)
 *(.FlashConfig)
 .FlashConfig   0x00000400       0x10 startup_MK64F12.o
                0x00000410                . = ALIGN (0x4)

.text           0x00000440     0xde70
                0x00000440                . = ALIGN (0x4)
 *(.text)
 .text          0x00000440       0x40 c:/progra~3/matlab/suppor~1/r2022a/3p778c~1.ins/gnuarm~1.ins/win/bin/../lib/gcc/arm-none-eabi/9.3.1/thumb/v7e-m+fp/hard/crtbegin.o
 .text          0x00000480       0x7c c:/progra~3/matlab/suppor~1/r2022a/3p778c~1.ins/gnuarm~1.ins/win/bin/../lib/gcc/arm-none-eabi/9.3.1/../../../../arm-none-eabi/lib/thumb/v7e-m+fp/hard/crt0.o
                0x00000480                _stack_init
                0x00000488                _start
                0x00000488                _mainCRTStartup
 .text          0x000004fc       0x14 startup_MK64F12.o
                0x000004fc                Reset_Handler
                0x0000050c                ENET_Receive_IRQHandler
                0x0000050c                ENET_1588_Timer_IRQHandler
                0x0000050c                DefaultISR
                0x0000050c                PIT2_IRQHandler
                0x0000050c                PIT0_IRQHandler
                0x0000050c                ENET_Error_IRQHandler
                0x0000050c                PIT3_IRQHandler
                0x0000050c                SDHC_IRQHandler
                0x0000050c                ENET_Transmit_IRQHandler
                0x0000050c                PIT1_IRQHandler
 .text          0x00000510      0x198 C:/ProgramData/MATLAB/SupportPackages/R2022a/3P.instrset/cmsis.instrset/CMSIS/RTOS/RTX/LIB/GCC/libRTX_CM4.a(hal_cm4.o)
                0x00000510                rt_set_PSP
                0x00000516                rt_get_PSP
                0x0000051c                os_set_env
                0x00000534                _alloc_box
                0x00000550                _free_box
                0x0000056c                SVC_Handler
                0x00000612                PendSV_Handler
                0x00000618                Sys_Switch
                0x00000672                SysTick_Handler
                0x0000067c                OS_Tick_Handler
 .text          0x000006a8      0x378 c:/progra~3/matlab/suppor~1/r2022a/3p778c~1.ins/gnuarm~1.ins/win/bin/../lib/gcc/arm-none-eabi/9.3.1/thumb/v7e-m+fp/hard\libgcc.a(_arm_addsubdf3.o)
                0x000006a8                __aeabi_drsub
                0x000006b0                __aeabi_dsub
                0x000006b0                __subdf3
                0x000006b4                __aeabi_dadd
                0x000006b4                __adddf3
                0x0000092c                __floatunsidf
                0x0000092c                __aeabi_ui2d
                0x0000094c                __floatsidf
                0x0000094c                __aeabi_i2d
                0x00000970                __aeabi_f2d
                0x00000970                __extendsfdf2
                0x000009b4                __floatundidf
                0x000009b4                __aeabi_ul2d
                0x000009c4                __floatdidf
                0x000009c4                __aeabi_l2d
 .text          0x00000a20      0x424 c:/progra~3/matlab/suppor~1/r2022a/3p778c~1.ins/gnuarm~1.ins/win/bin/../lib/gcc/arm-none-eabi/9.3.1/thumb/v7e-m+fp/hard\libgcc.a(_arm_muldivdf3.o)
                0x00000a20                __aeabi_dmul
                0x00000a20                __muldf3
                0x00000c74                __divdf3
                0x00000c74                __aeabi_ddiv
 .text          0x00000e44      0x110 c:/progra~3/matlab/suppor~1/r2022a/3p778c~1.ins/gnuarm~1.ins/win/bin/../lib/gcc/arm-none-eabi/9.3.1/thumb/v7e-m+fp/hard\libgcc.a(_arm_cmpdf2.o)
                0x00000e44                __gtdf2
                0x00000e44                __gedf2
                0x00000e4c                __ltdf2
                0x00000e4c                __ledf2
                0x00000e54                __nedf2
                0x00000e54                __eqdf2
                0x00000e54                __cmpdf2
                0x00000ed0                __aeabi_cdrcmple
                0x00000ee0                __aeabi_cdcmpeq
                0x00000ee0                __aeabi_cdcmple
                0x00000ef0                __aeabi_dcmpeq
                0x00000f04                __aeabi_dcmplt
                0x00000f18                __aeabi_dcmple
                0x00000f2c                __aeabi_dcmpge
                0x00000f40                __aeabi_dcmpgt
 .text          0x00000f54       0x50 c:/progra~3/matlab/suppor~1/r2022a/3p778c~1.ins/gnuarm~1.ins/win/bin/../lib/gcc/arm-none-eabi/9.3.1/thumb/v7e-m+fp/hard\libgcc.a(_arm_fixdfsi.o)
                0x00000f54                __aeabi_d2iz
                0x00000f54                __fixdfsi
 .text          0x00000fa4       0x40 c:/progra~3/matlab/suppor~1/r2022a/3p778c~1.ins/gnuarm~1.ins/win/bin/../lib/gcc/arm-none-eabi/9.3.1/thumb/v7e-m+fp/hard\libgcc.a(_arm_fixunsdfsi.o)
                0x00000fa4                __aeabi_d2uiz
                0x00000fa4                __fixunsdfsi
 .text          0x00000fe4       0x30 c:/progra~3/matlab/suppor~1/r2022a/3p778c~1.ins/gnuarm~1.ins/win/bin/../lib/gcc/arm-none-eabi/9.3.1/thumb/v7e-m+fp/hard\libgcc.a(_aeabi_uldivmod.o)
                0x00000fe4                __aeabi_uldivmod
 .text          0x00001014      0x2c4 c:/progra~3/matlab/suppor~1/r2022a/3p778c~1.ins/gnuarm~1.ins/win/bin/../lib/gcc/arm-none-eabi/9.3.1/thumb/v7e-m+fp/hard\libgcc.a(_udivmoddi4.o)
                0x00001014                __udivmoddi4
 .text          0x000012d8      0x9b8 c:/progra~3/matlab/suppor~1/r2022a/3p778c~1.ins/gnuarm~1.ins/win/bin/../lib/gcc/arm-none-eabi/9.3.1/thumb/v7e-m+fp/hard\libgcc.a(unwind-arm.o)
                0x00001580                _Unwind_GetCFA
                0x00001584                __gnu_Unwind_RaiseException
                0x000015e4                __gnu_Unwind_ForcedUnwind
                0x000015f8                __gnu_Unwind_Resume
                0x0000163c                __gnu_Unwind_Resume_or_Rethrow
                0x0000164c                _Unwind_Complete
                0x00001650                _Unwind_DeleteException
                0x0000165c                _Unwind_VRS_Get
                0x000016a4                _Unwind_VRS_Set
                0x000016ec                __gnu_Unwind_Backtrace
                0x00001a0c                __aeabi_unwind_cpp_pr0
                0x00001a10                __aeabi_unwind_cpp_pr1
                0x00001a14                __aeabi_unwind_cpp_pr2
                0x00001a18                _Unwind_VRS_Pop
 .text          0x00001c90      0x1ac c:/progra~3/matlab/suppor~1/r2022a/3p778c~1.ins/gnuarm~1.ins/win/bin/../lib/gcc/arm-none-eabi/9.3.1/thumb/v7e-m+fp/hard\libgcc.a(libunwind.o)
                0x00001c90                __restore_core_regs
                0x00001c90                restore_core_regs
                0x00001ca8                __gnu_Unwind_Restore_VFP
                0x00001cb0                __gnu_Unwind_Save_VFP
                0x00001cb8                __gnu_Unwind_Restore_VFP_D
                0x00001cc0                __gnu_Unwind_Save_VFP_D
                0x00001cc8                __gnu_Unwind_Restore_VFP_D_16_to_31
                0x00001cd0                __gnu_Unwind_Save_VFP_D_16_to_31
                0x00001cd8                __gnu_Unwind_Restore_WMMXD
                0x00001d1c                __gnu_Unwind_Save_WMMXD
                0x00001d60                __gnu_Unwind_Restore_WMMXC
                0x00001d74                __gnu_Unwind_Save_WMMXC
                0x00001d88                ___Unwind_RaiseException
                0x00001d88                _Unwind_RaiseException
                0x00001dac                _Unwind_Resume
                0x00001dac                ___Unwind_Resume
                0x00001dd0                _Unwind_Resume_or_Rethrow
                0x00001dd0                ___Unwind_Resume_or_Rethrow
                0x00001df4                _Unwind_ForcedUnwind
                0x00001df4                ___Unwind_ForcedUnwind
                0x00001e18                ___Unwind_Backtrace
                0x00001e18                _Unwind_Backtrace
 .text          0x00001e3c      0x340 c:/progra~3/matlab/suppor~1/r2022a/3p778c~1.ins/gnuarm~1.ins/win/bin/../lib/gcc/arm-none-eabi/9.3.1/thumb/v7e-m+fp/hard\libgcc.a(pr-support.o)
                0x00001e94                __gnu_unwind_execute
                0x00002130                __gnu_unwind_frame
                0x0000215c                _Unwind_GetRegionStart
                0x00002168                _Unwind_GetLanguageSpecificData
 .text          0x0000217c        0x4 c:/progra~3/matlab/suppor~1/r2022a/3p778c~1.ins/gnuarm~1.ins/win/bin/../lib/gcc/arm-none-eabi/9.3.1/thumb/v7e-m+fp/hard\libgcc.a(_dvmd_tls.o)
                0x0000217c                __aeabi_idiv0
                0x0000217c                __aeabi_ldiv0
 .text          0x00002180      0x134 c:/progra~3/matlab/suppor~1/r2022a/3p778c~1.ins/gnuarm~1.ins/win/bin/../lib/gcc/arm-none-eabi/9.3.1/../../../../arm-none-eabi/lib/thumb/v7e-m+fp/hard\libg.a(lib_a-memcpy.o)
                0x00002180                memcpy
 *fill*         0x000022b4        0xc 
 .text          0x000022c0       0xa0 c:/progra~3/matlab/suppor~1/r2022a/3p778c~1.ins/gnuarm~1.ins/win/bin/../lib/gcc/arm-none-eabi/9.3.1/../../../../arm-none-eabi/lib/thumb/v7e-m+fp/hard\libg.a(lib_a-memchr.o)
                0x000022c0                memchr
 *fill*         0x00002360       0x20 
 .text          0x00002380       0xdc c:/progra~3/matlab/suppor~1/r2022a/3p778c~1.ins/gnuarm~1.ins/win/bin/../lib/gcc/arm-none-eabi/9.3.1/../../../../arm-none-eabi/lib/thumb/v7e-m+fp/hard\libg.a(lib_a-strlen.o)
                0x00002380                strlen
 *(.text*)
 .text.MW_AnalogInSingle_Open
                0x0000245c       0xa8 MW_AnalogInput.o
                0x0000245c                MW_AnalogInSingle_Open
 .text.MW_AnalogIn_SetTriggerSource
                0x00002504       0x1a MW_AnalogInput.o
                0x00002504                MW_AnalogIn_SetTriggerSource
 *fill*         0x0000251e        0x2 
 .text.MW_AnalogInSingle_ReadResult
                0x00002520       0xb8 MW_AnalogInput.o
                0x00002520                MW_AnalogInSingle_ReadResult
 .text.MW_AnalogIn_Start
                0x000025d8       0x14 MW_AnalogInput.o
                0x000025d8                MW_AnalogIn_Start
 .text.MW_AnalogIn_Stop
                0x000025ec       0x14 MW_AnalogInput.o
                0x000025ec                MW_AnalogIn_Stop
 .text.MW_AnalogIn_Close
                0x00002600       0x14 MW_AnalogInput.o
                0x00002600                MW_AnalogIn_Close
 .text.EDMA_HAL_HTCDSetDestAddr
                0x00002614       0x48 MW_SCI.o
 .text.EDMA_HAL_HTCDSetIntCmd
                0x0000265c       0x58 MW_SCI.o
 .text.MW_SCI_Open
                0x000026b4      0x5b0 MW_SCI.o
                0x000026b4                MW_SCI_Open
 .text.MW_SCI_SetBaudrate
                0x00002c64       0x18 MW_SCI.o
                0x00002c64                MW_SCI_SetBaudrate
 .text.MW_SCI_SetFrameFormat
                0x00002c7c       0x28 MW_SCI.o
                0x00002c7c                MW_SCI_SetFrameFormat
 .text.MW_SCI_Receive
                0x00002ca4       0xa4 MW_SCI.o
                0x00002ca4                MW_SCI_Receive
 .text.MW_SCI_Transmit
                0x00002d48       0x80 MW_SCI.o
                0x00002d48                MW_SCI_Transmit
 .text.MW_SCI_Close
                0x00002dc8       0x14 MW_SCI.o
                0x00002dc8                MW_SCI_Close
 .text.MW_UART_DRV_EdmaStartReceiveData
                0x00002ddc       0xac MW_SCI.o
 .text.MW_UART_DRV_EdmaRxCallback
                0x00002e88       0x1c MW_SCI.o
 .text.MW_UART_DRV_EdmaCompleteReceiveData
                0x00002ea4      0x120 MW_SCI.o
 .text.MW_digitalIO_open
                0x00002fc4       0xe0 MW_digitalIO.o
                0x00002fc4                MW_digitalIO_open
 .text.MW_digitalIO_read
                0x000030a4       0x70 MW_digitalIO.o
                0x000030a4                MW_digitalIO_read
 .text.MW_digitalIO_write
                0x00003114       0x7e MW_digitalIO.o
                0x00003114                MW_digitalIO_write
 .text.MW_digitalIO_close
                0x00003192       0x3c MW_digitalIO.o
                0x00003192                MW_digitalIO_close
 .text.CLOCK_SYS_GetI2cFreq
                0x000031ce       0x16 i2c_api.o
 .text.I2C_HAL_Enable
                0x000031e4       0x28 i2c_api.o
 .text.I2C_HAL_SendAck
                0x0000320c       0x28 i2c_api.o
 .text.I2C_HAL_SendNak
                0x00003234       0x28 i2c_api.o
 .text.I2C_HAL_SetDirMode
                0x0000325c       0x2e i2c_api.o
 .text.I2C_HAL_ReadByte
                0x0000328a       0x1a i2c_api.o
 .text.I2C_HAL_WriteByte
                0x000032a4       0x1e i2c_api.o
 .text.I2C_HAL_GetStatusFlag
                0x000032c2       0x34 i2c_api.o
 .text.I2C_HAL_IsMaster
                0x000032f6       0x32 i2c_api.o
 .text.I2C_HAL_SetIntCmd
                0x00003328       0x2c i2c_api.o
 .text.I2C_HAL_ClearInt
                0x00003354       0x1a i2c_api.o
 *fill*         0x0000336e        0x2 
 .text.PORT_HAL_SetOpenDrainCmd
                0x00003370       0x50 i2c_api.o
 .text.PORT_HAL_SetMuxMode
                0x000033c0       0x58 i2c_api.o
 .text.i2c_init
                0x00003418       0x54 i2c_api.o
                0x00003418                i2c_init
 .text.i2c_start
                0x0000346c       0x28 i2c_api.o
                0x0000346c                i2c_start
 .text.i2c_stop
                0x00003494       0x50 i2c_api.o
                0x00003494                i2c_stop
 .text.timeout_status_poll
                0x000034e4       0x58 i2c_api.o
 .text.i2c_wait_end_tx_transfer
                0x0000353c       0x54 i2c_api.o
 .text.i2c_wait_end_rx_transfer
                0x00003590       0x3c i2c_api.o
 .text.i2c_do_write
                0x000035cc       0x38 i2c_api.o
 .text.i2c_do_read
                0x00003604       0x50 i2c_api.o
 .text.i2c_frequency
                0x00003654       0x50 i2c_api.o
                0x00003654                i2c_frequency
 .text.i2c_read
                0x000036a4       0xe0 i2c_api.o
                0x000036a4                i2c_read
 .text.i2c_write
                0x00003784       0x90 i2c_api.o
                0x00003784                i2c_write
 .text.configure_i2c_pins
                0x00003814       0x7c i2c_api.o
                0x00003814                configure_i2c_pins
 .text.MW_I2C_Open
                0x00003890       0x48 MW_I2C.o
                0x00003890                MW_I2C_Open
 .text.MW_I2C_SetBusSpeed
                0x000038d8       0x2e MW_I2C.o
                0x000038d8                MW_I2C_SetBusSpeed
 .text.MW_I2C_MasterRead
                0x00003906       0x68 MW_I2C.o
                0x00003906                MW_I2C_MasterRead
 .text.MW_I2C_MasterWrite
                0x0000396e       0x68 MW_I2C.o
                0x0000396e                MW_I2C_MasterWrite
 .text.MW_I2C_Close
                0x000039d6       0x14 MW_I2C.o
                0x000039d6                MW_I2C_Close
 *fill*         0x000039ea        0x2 
 .text.baseRateTask
                0x000039ec       0x7c ert_main.o
                0x000039ec                baseRateTask
 .text.terminateTask
                0x00003a68       0x34 ert_main.o
                0x00003a68                terminateTask
 .text.main     0x00003a9c       0x48 ert_main.o
                0x00003a9c                main
 .text.a2_changes_nov_SystemCore_setup
                0x00003ae4       0x64 DCM_SEND.o
 .text.DCM_SEND_Init
                0x00003b48       0x28 DCM_SEND.o
                0x00003b48                DCM_SEND_Init
 .text.DCM_SEND
                0x00003b70      0x438 DCM_SEND.o
                0x00003b70                DCM_SEND
 .text.DCM_SEND_Term
                0x00003fa8       0x40 DCM_SEND.o
                0x00003fa8                DCM_SEND_Term
 .text.a2_changes_no_bitshift_anonFcn1
                0x00003fe8       0xb4 a2_changes_nov25.o
 .text.a2_changes_nov25_VVIR
                0x0000409c      0x1a8 a2_changes_nov25.o
 .text.a2_changes_nov25_AAIR
                0x00004244      0x1a8 a2_changes_nov25.o
 .text.a2_changes_nov25_Start
                0x000043ec      0x19c a2_changes_nov25.o
 .text.a2_changes_nov25_VVI
                0x00004588      0x1c0 a2_changes_nov25.o
 .text.a2_changes__SystemCore_setup_kj
                0x00004748      0x16c a2_changes_nov25.o
 .text.a2_changes_n_SystemCore_setup_k
                0x000048b4       0x80 a2_changes_nov25.o
 *fill*         0x00004934        0x4 
 .text.a2_changes_nov25_step
                0x00004938      0xef0 a2_changes_nov25.o
                0x00004938                a2_changes_nov25_step
 .text.a2_changes_nov25_initialize
                0x00005828      0x2b4 a2_changes_nov25.o
                0x00005828                a2_changes_nov25_initialize
 .text.a2_changes_nov25_terminate
                0x00005adc      0x1cc a2_changes_nov25.o
                0x00005adc                a2_changes_nov25_terminate
 .text.init_data_bss
                0x00005ca8       0xd0 startup.o
                0x00005ca8                init_data_bss
 .text.SystemInit
                0x00005d78      0x1dc system_MK64F12.o
                0x00005d78                SystemInit
 .text.SystemCoreClockUpdate
                0x00005f54      0x290 system_MK64F12.o
                0x00005f54                SystemCoreClockUpdate
 .text.PORT_HAL_SetMuxMode
                0x000061e4       0x58 board.o
 .text.SMC_HAL_SetProtection
                0x0000623c       0x1e board.o
 *fill*         0x0000625a        0x2 
 .text.BOARD_InitOsc0
                0x0000625c       0x30 board.o
                0x0000625c                BOARD_InitOsc0
 .text.BOARD_InitRtcOsc
                0x0000628c       0x28 board.o
                0x0000628c                BOARD_InitRtcOsc
 .text.BOARD_ClockInit
                0x000062b4       0x34 board.o
                0x000062b4                BOARD_ClockInit
 .text.hardware_init
                0x000062e8       0x30 hardware_init.o
                0x000062e8                hardware_init
 .text.PORT_HAL_SetMuxMode
                0x00006318       0x58 pin_mux.o
 .text.SIM_HAL_EnableClock
                0x00006370       0x44 pin_mux.o
 .text.configure_uart_pins
                0x000063b4      0x194 pin_mux.o
                0x000063b4                configure_uart_pins
 .text.DMA0_IRQHandler
                0x00006548        0xe fsl_edma_irq.o
                0x00006548                DMA0_IRQHandler
 .text.DMA1_IRQHandler
                0x00006556        0xe fsl_edma_irq.o
                0x00006556                DMA1_IRQHandler
 .text.DMA2_IRQHandler
                0x00006564        0xe fsl_edma_irq.o
                0x00006564                DMA2_IRQHandler
 .text.DMA3_IRQHandler
                0x00006572        0xe fsl_edma_irq.o
                0x00006572                DMA3_IRQHandler
 .text.DMA4_IRQHandler
                0x00006580        0xe fsl_edma_irq.o
                0x00006580                DMA4_IRQHandler
 .text.DMA5_IRQHandler
                0x0000658e        0xe fsl_edma_irq.o
                0x0000658e                DMA5_IRQHandler
 .text.DMA6_IRQHandler
                0x0000659c        0xe fsl_edma_irq.o
                0x0000659c                DMA6_IRQHandler
 .text.DMA7_IRQHandler
                0x000065aa        0xe fsl_edma_irq.o
                0x000065aa                DMA7_IRQHandler
 .text.DMA8_IRQHandler
                0x000065b8        0xe fsl_edma_irq.o
                0x000065b8                DMA8_IRQHandler
 .text.DMA9_IRQHandler
                0x000065c6        0xe fsl_edma_irq.o
                0x000065c6                DMA9_IRQHandler
 .text.DMA10_IRQHandler
                0x000065d4        0xe fsl_edma_irq.o
                0x000065d4                DMA10_IRQHandler
 .text.DMA11_IRQHandler
                0x000065e2        0xe fsl_edma_irq.o
                0x000065e2                DMA11_IRQHandler
 .text.DMA12_IRQHandler
                0x000065f0        0xe fsl_edma_irq.o
                0x000065f0                DMA12_IRQHandler
 .text.DMA13_IRQHandler
                0x000065fe        0xe fsl_edma_irq.o
                0x000065fe                DMA13_IRQHandler
 .text.DMA14_IRQHandler
                0x0000660c        0xe fsl_edma_irq.o
                0x0000660c                DMA14_IRQHandler
 .text.DMA15_IRQHandler
                0x0000661a        0xe fsl_edma_irq.o
                0x0000661a                DMA15_IRQHandler
 .text.DMA_Error_IRQHandler
                0x00006628        0xe fsl_edma_irq.o
                0x00006628                DMA_Error_IRQHandler
 .text.UART0_RX_TX_IRQHandler
                0x00006636        0xe fsl_uart_irq.o
                0x00006636                UART0_RX_TX_IRQHandler
 .text.UART1_RX_TX_IRQHandler
                0x00006644        0xe fsl_uart_irq.o
                0x00006644                UART1_RX_TX_IRQHandler
 .text.UART2_RX_TX_IRQHandler
                0x00006652        0xe fsl_uart_irq.o
                0x00006652                UART2_RX_TX_IRQHandler
 .text.UART3_RX_TX_IRQHandler
                0x00006660        0xe fsl_uart_irq.o
                0x00006660                UART3_RX_TX_IRQHandler
 .text.UART4_RX_TX_IRQHandler
                0x0000666e        0xe fsl_uart_irq.o
                0x0000666e                UART4_RX_TX_IRQHandler
 .text.UART5_RX_TX_IRQHandler
                0x0000667c        0xe fsl_uart_irq.o
                0x0000667c                UART5_RX_TX_IRQHandler
 .text.NMI_Handler
                0x0000668a        0x6 irq_stub.o
                0x0000668a                NMI_Handler
 .text.HardFault_Handler
                0x00006690        0x6 irq_stub.o
                0x00006690                HardFault_Handler
 .text.MemManage_Handler
                0x00006696        0x6 irq_stub.o
                0x00006696                MemManage_Handler
 .text.BusFault_Handler
                0x0000669c        0x6 irq_stub.o
                0x0000669c                BusFault_Handler
 .text.UsageFault_Handler
                0x000066a2        0x6 irq_stub.o
                0x000066a2                UsageFault_Handler
 .text.DebugMon_Handler
                0x000066a8        0x6 irq_stub.o
                0x000066a8                DebugMon_Handler
 .text.MCM_IRQHandler
                0x000066ae        0x6 irq_stub.o
                0x000066ae                MCM_IRQHandler
 .text.FTFE_IRQHandler
                0x000066b4        0x6 irq_stub.o
                0x000066b4                FTFE_IRQHandler
 .text.Read_Collision_IRQHandler
                0x000066ba        0x6 irq_stub.o
                0x000066ba                Read_Collision_IRQHandler
 .text.LVD_LVW_IRQHandler
                0x000066c0        0x6 irq_stub.o
                0x000066c0                LVD_LVW_IRQHandler
 .text.LLWU_IRQHandler
                0x000066c6        0x6 irq_stub.o
                0x000066c6                LLWU_IRQHandler
 .text.WDOG_EWM_IRQHandler
                0x000066cc        0x6 irq_stub.o
                0x000066cc                WDOG_EWM_IRQHandler
 .text.RNG_IRQHandler
                0x000066d2        0x6 irq_stub.o
                0x000066d2                RNG_IRQHandler
 .text.I2C0_IRQHandler
                0x000066d8        0x6 irq_stub.o
                0x000066d8                I2C0_IRQHandler
 .text.I2C1_IRQHandler
                0x000066de        0x6 irq_stub.o
                0x000066de                I2C1_IRQHandler
 .text.SPI0_IRQHandler
                0x000066e4        0x6 irq_stub.o
                0x000066e4                SPI0_IRQHandler
 .text.SPI1_IRQHandler
                0x000066ea        0x6 irq_stub.o
                0x000066ea                SPI1_IRQHandler
 .text.I2S0_Tx_IRQHandler
                0x000066f0        0x6 irq_stub.o
                0x000066f0                I2S0_Tx_IRQHandler
 .text.I2S0_Rx_IRQHandler
                0x000066f6        0x6 irq_stub.o
                0x000066f6                I2S0_Rx_IRQHandler
 .text.UART0_LON_IRQHandler
                0x000066fc        0x6 irq_stub.o
                0x000066fc                UART0_LON_IRQHandler
 .text.UART0_ERR_IRQHandler
                0x00006702        0x6 irq_stub.o
                0x00006702                UART0_ERR_IRQHandler
 .text.UART1_ERR_IRQHandler
                0x00006708        0x6 irq_stub.o
                0x00006708                UART1_ERR_IRQHandler
 .text.UART2_ERR_IRQHandler
                0x0000670e        0x6 irq_stub.o
                0x0000670e                UART2_ERR_IRQHandler
 .text.UART3_ERR_IRQHandler
                0x00006714        0x6 irq_stub.o
                0x00006714                UART3_ERR_IRQHandler
 .text.ADC0_IRQHandler
                0x0000671a        0x6 irq_stub.o
                0x0000671a                ADC0_IRQHandler
 .text.CMP0_IRQHandler
                0x00006720        0x6 irq_stub.o
                0x00006720                CMP0_IRQHandler
 .text.CMP1_IRQHandler
                0x00006726        0x6 irq_stub.o
                0x00006726                CMP1_IRQHandler
 .text.FTM0_IRQHandler
                0x0000672c        0x6 irq_stub.o
                0x0000672c                FTM0_IRQHandler
 .text.FTM1_IRQHandler
                0x00006732        0x6 irq_stub.o
                0x00006732                FTM1_IRQHandler
 .text.FTM2_IRQHandler
                0x00006738        0x6 irq_stub.o
                0x00006738                FTM2_IRQHandler
 .text.CMT_IRQHandler
                0x0000673e        0x6 irq_stub.o
                0x0000673e                CMT_IRQHandler
 .text.RTC_IRQHandler
                0x00006744        0x6 irq_stub.o
                0x00006744                RTC_IRQHandler
 .text.RTC_Seconds_IRQHandler
                0x0000674a        0x6 irq_stub.o
                0x0000674a                RTC_Seconds_IRQHandler
 .text.PDB0_IRQHandler
                0x00006750        0x6 irq_stub.o
                0x00006750                PDB0_IRQHandler
 .text.USB0_IRQHandler
                0x00006756        0x6 irq_stub.o
                0x00006756                USB0_IRQHandler
 .text.USBDCD_IRQHandler
                0x0000675c        0x6 irq_stub.o
                0x0000675c                USBDCD_IRQHandler
 .text.Reserved71_IRQHandler
                0x00006762        0x6 irq_stub.o
                0x00006762                Reserved71_IRQHandler
 .text.DAC0_IRQHandler
                0x00006768        0x6 irq_stub.o
                0x00006768                DAC0_IRQHandler
 .text.MCG_IRQHandler
                0x0000676e        0x6 irq_stub.o
                0x0000676e                MCG_IRQHandler
 .text.LPTMR0_IRQHandler
                0x00006774        0x6 irq_stub.o
                0x00006774                LPTMR0_IRQHandler
 .text.PORTA_IRQHandler
                0x0000677a        0x6 irq_stub.o
                0x0000677a                PORTA_IRQHandler
 .text.PORTB_IRQHandler
                0x00006780        0x6 irq_stub.o
                0x00006780                PORTB_IRQHandler
 .text.PORTC_IRQHandler
                0x00006786        0x6 irq_stub.o
                0x00006786                PORTC_IRQHandler
 .text.PORTD_IRQHandler
                0x0000678c        0x6 irq_stub.o
                0x0000678c                PORTD_IRQHandler
 .text.PORTE_IRQHandler
                0x00006792        0x6 irq_stub.o
                0x00006792                PORTE_IRQHandler
 .text.SWI_IRQHandler
                0x00006798        0x6 irq_stub.o
                0x00006798                SWI_IRQHandler
 .text.SPI2_IRQHandler
                0x0000679e        0x6 irq_stub.o
                0x0000679e                SPI2_IRQHandler
 .text.UART4_ERR_IRQHandler
                0x000067a4        0x6 irq_stub.o
                0x000067a4                UART4_ERR_IRQHandler
 .text.UART5_ERR_IRQHandler
                0x000067aa        0x6 irq_stub.o
                0x000067aa                UART5_ERR_IRQHandler
 .text.CMP2_IRQHandler
                0x000067b0        0x6 irq_stub.o
                0x000067b0                CMP2_IRQHandler
 .text.FTM3_IRQHandler
                0x000067b6        0x6 irq_stub.o
                0x000067b6                FTM3_IRQHandler
 .text.DAC1_IRQHandler
                0x000067bc        0x6 irq_stub.o
                0x000067bc                DAC1_IRQHandler
 .text.ADC1_IRQHandler
                0x000067c2        0x6 irq_stub.o
                0x000067c2                ADC1_IRQHandler
 .text.I2C2_IRQHandler
                0x000067c8        0x6 irq_stub.o
                0x000067c8                I2C2_IRQHandler
 .text.CAN0_ORed_Message_buffer_IRQHandler
                0x000067ce        0x6 irq_stub.o
                0x000067ce                CAN0_ORed_Message_buffer_IRQHandler
 .text.CAN0_Bus_Off_IRQHandler
                0x000067d4        0x6 irq_stub.o
                0x000067d4                CAN0_Bus_Off_IRQHandler
 .text.CAN0_Error_IRQHandler
                0x000067da        0x6 irq_stub.o
                0x000067da                CAN0_Error_IRQHandler
 .text.CAN0_Tx_Warning_IRQHandler
                0x000067e0        0x6 irq_stub.o
                0x000067e0                CAN0_Tx_Warning_IRQHandler
 .text.CAN0_Rx_Warning_IRQHandler
                0x000067e6        0x6 irq_stub.o
                0x000067e6                CAN0_Rx_Warning_IRQHandler
 .text.CAN0_Wake_Up_IRQHandler
                0x000067ec        0x6 irq_stub.o
                0x000067ec                CAN0_Wake_Up_IRQHandler
 *fill*         0x000067f2        0x2 
 .text._sbrk    0x000067f4       0x5c sbrk.o
                0x000067f4                _sbrk
 .text.schedulerTask
                0x00006850       0x1c cmsis_rtos_init.o
                0x00006850                schedulerTask
 .text.mw_initSignalEvents
                0x0000686c       0x40 cmsis_rtos_init.o
                0x0000686c                mw_initSignalEvents
 .text.mw_RTOSInit
                0x000068ac       0x8c cmsis_rtos_init.o
                0x000068ac                mw_RTOSInit
 .text.os_idle_demon
                0x00006938        0x8 RTX_Conf_CM.o
                0x00006938                os_idle_demon
 .text.os_error
                0x00006940       0x2c RTX_Conf_CM.o
                0x00006940                os_error
 .text.rt_init_robin
                0x0000696c        0x4 RTX_Conf_CM.o
                0x0000696c                rt_init_robin
 .text.rt_chk_robin
                0x00006970        0x4 RTX_Conf_CM.o
                0x00006970                rt_chk_robin
 .text.software_init_hook
                0x00006974       0x34 RTX_Conf_CM.o
                0x00006974                software_init_hook
 .text.mw_osThreadCreate
                0x000069a8       0x52 mw_thread.o
                0x000069a8                mw_osThreadCreate
 .text.mw_osThreadGetId
                0x000069fa        0xe mw_thread.o
                0x000069fa                mw_osThreadGetId
 .text.mw_osThreadExit
                0x00006a08       0x22 mw_thread.o
                0x00006a08                mw_osThreadExit
 .text.mw_osTimerCreate
                0x00006a2a       0x4e mw_timer.o
                0x00006a2a                mw_osTimerCreate
 .text.mw_osTimerStart
                0x00006a78       0x24 mw_timer.o
                0x00006a78                mw_osTimerStart
 .text.mw_osSignalSet
                0x00006a9c       0x2e mw_signal.o
                0x00006a9c                mw_osSignalSet
 .text.mw_osSignalClear
                0x00006aca       0x26 mw_signal.o
                0x00006aca                mw_osSignalClear
 .text.mw_osSignalWaitEver
                0x00006af0       0x20 mw_signal.o
                0x00006af0                mw_osSignalWaitEver
 .text.mw_osSignalEventCreate
                0x00006b10       0x20 mw_signal.o
                0x00006b10                mw_osSignalEventCreate
 .text.mw_osSignalEventRelease
                0x00006b30       0x26 mw_signal.o
                0x00006b30                mw_osSignalEventRelease
 .text.mw_osSignalEventWaitEver
                0x00006b56       0x34 mw_signal.o
                0x00006b56                mw_osSignalEventWaitEver
 *fill*         0x00006b8a        0x2 
 .text.rt_roundd_snf
                0x00006b8c       0xf4 C:/Users/XUYUE~1/OneDrive/Desktop/REMOTE~1/3K04_G~1/slprj/ert/_sharedutils/rtwshared.lib(rt_roundd_snf.o)
                0x00006b8c                rt_roundd_snf
 .text.osThreadExit
                0x00006c80       0x18 C:/ProgramData/MATLAB/SupportPackages/R2022a/3P.instrset/cmsis.instrset/CMSIS/RTOS/RTX/LIB/GCC/libRTX_CM4.a(rt_cmsis.o)
                0x00006c80                osThreadExit
 .text.svcKernelInitialize
                0x00006c98      0x104 C:/ProgramData/MATLAB/SupportPackages/R2022a/3P.instrset/cmsis.instrset/CMSIS/RTOS/RTX/LIB/GCC/libRTX_CM4.a(rt_cmsis.o)
                0x00006c98                svcKernelInitialize
 .text.svcKernelStart
                0x00006d9c       0x48 C:/ProgramData/MATLAB/SupportPackages/R2022a/3P.instrset/cmsis.instrset/CMSIS/RTOS/RTX/LIB/GCC/libRTX_CM4.a(rt_cmsis.o)
                0x00006d9c                svcKernelStart
 .text.osKernelInitialize
                0x00006de4       0x28 C:/ProgramData/MATLAB/SupportPackages/R2022a/3P.instrset/cmsis.instrset/CMSIS/RTOS/RTX/LIB/GCC/libRTX_CM4.a(rt_cmsis.o)
                0x00006de4                osKernelInitialize
 .text.osKernelStart
                0x00006e0c       0x74 C:/ProgramData/MATLAB/SupportPackages/R2022a/3P.instrset/cmsis.instrset/CMSIS/RTOS/RTX/LIB/GCC/libRTX_CM4.a(rt_cmsis.o)
                0x00006e0c                osKernelStart
 .text.svcThreadCreate
                0x00006e80       0x7c C:/ProgramData/MATLAB/SupportPackages/R2022a/3P.instrset/cmsis.instrset/CMSIS/RTOS/RTX/LIB/GCC/libRTX_CM4.a(rt_cmsis.o)
                0x00006e80                svcThreadCreate
 .text.svcThreadGetId
                0x00006efc       0x18 C:/ProgramData/MATLAB/SupportPackages/R2022a/3P.instrset/cmsis.instrset/CMSIS/RTOS/RTX/LIB/GCC/libRTX_CM4.a(rt_cmsis.o)
                0x00006efc                svcThreadGetId
 .text.svcThreadTerminate
                0x00006f14       0x48 C:/ProgramData/MATLAB/SupportPackages/R2022a/3P.instrset/cmsis.instrset/CMSIS/RTOS/RTX/LIB/GCC/libRTX_CM4.a(rt_cmsis.o)
                0x00006f14                svcThreadTerminate
 .text.osThreadCreate
                0x00006f5c       0xa4 C:/ProgramData/MATLAB/SupportPackages/R2022a/3P.instrset/cmsis.instrset/CMSIS/RTOS/RTX/LIB/GCC/libRTX_CM4.a(rt_cmsis.o)
                0x00006f5c                osThreadCreate
 .text.osThreadGetId
                0x00007000       0x18 C:/ProgramData/MATLAB/SupportPackages/R2022a/3P.instrset/cmsis.instrset/CMSIS/RTOS/RTX/LIB/GCC/libRTX_CM4.a(rt_cmsis.o)
                0x00007000                osThreadGetId
 .text.osThreadTerminate
                0x00007018       0x18 C:/ProgramData/MATLAB/SupportPackages/R2022a/3P.instrset/cmsis.instrset/CMSIS/RTOS/RTX/LIB/GCC/libRTX_CM4.a(rt_cmsis.o)
                0x00007018                osThreadTerminate
 .text.svcTimerCreate
                0x00007030       0x40 C:/ProgramData/MATLAB/SupportPackages/R2022a/3P.instrset/cmsis.instrset/CMSIS/RTOS/RTX/LIB/GCC/libRTX_CM4.a(rt_cmsis.o)
                0x00007030                svcTimerCreate
 .text.svcTimerStart
                0x00007070       0xdc C:/ProgramData/MATLAB/SupportPackages/R2022a/3P.instrset/cmsis.instrset/CMSIS/RTOS/RTX/LIB/GCC/libRTX_CM4.a(rt_cmsis.o)
                0x00007070                svcTimerStart
 .text.svcTimerCall
                0x0000714c       0x18 C:/ProgramData/MATLAB/SupportPackages/R2022a/3P.instrset/cmsis.instrset/CMSIS/RTOS/RTX/LIB/GCC/libRTX_CM4.a(rt_cmsis.o)
                0x0000714c                svcTimerCall
 .text.sysTimerTick
                0x00007164       0xc8 C:/ProgramData/MATLAB/SupportPackages/R2022a/3P.instrset/cmsis.instrset/CMSIS/RTOS/RTX/LIB/GCC/libRTX_CM4.a(rt_cmsis.o)
                0x00007164                sysTimerTick
 .text.osTimerCreate
                0x0000722c       0x68 C:/ProgramData/MATLAB/SupportPackages/R2022a/3P.instrset/cmsis.instrset/CMSIS/RTOS/RTX/LIB/GCC/libRTX_CM4.a(rt_cmsis.o)
                0x0000722c                osTimerCreate
 .text.osTimerStart
                0x00007294       0x18 C:/ProgramData/MATLAB/SupportPackages/R2022a/3P.instrset/cmsis.instrset/CMSIS/RTOS/RTX/LIB/GCC/libRTX_CM4.a(rt_cmsis.o)
                0x00007294                osTimerStart
 .text.osTimerThread
                0x000072ac       0x3c C:/ProgramData/MATLAB/SupportPackages/R2022a/3P.instrset/cmsis.instrset/CMSIS/RTOS/RTX/LIB/GCC/libRTX_CM4.a(rt_cmsis.o)
                0x000072ac                osTimerThread
 .text.svcSignalSet
                0x000072e8       0x2c C:/ProgramData/MATLAB/SupportPackages/R2022a/3P.instrset/cmsis.instrset/CMSIS/RTOS/RTX/LIB/GCC/libRTX_CM4.a(rt_cmsis.o)
                0x000072e8                svcSignalSet
 .text.svcSignalClear
                0x00007314       0x2c C:/ProgramData/MATLAB/SupportPackages/R2022a/3P.instrset/cmsis.instrset/CMSIS/RTOS/RTX/LIB/GCC/libRTX_CM4.a(rt_cmsis.o)
                0x00007314                svcSignalClear
 .text.svcSignalWait
                0x00007340      0x100 C:/ProgramData/MATLAB/SupportPackages/R2022a/3P.instrset/cmsis.instrset/CMSIS/RTOS/RTX/LIB/GCC/libRTX_CM4.a(rt_cmsis.o)
                0x00007340                svcSignalWait
 .text.osSignalSet
                0x00007440       0x40 C:/ProgramData/MATLAB/SupportPackages/R2022a/3P.instrset/cmsis.instrset/CMSIS/RTOS/RTX/LIB/GCC/libRTX_CM4.a(rt_cmsis.o)
                0x00007440                osSignalSet
 .text.osSignalClear
                0x00007480       0x1c C:/ProgramData/MATLAB/SupportPackages/R2022a/3P.instrset/cmsis.instrset/CMSIS/RTOS/RTX/LIB/GCC/libRTX_CM4.a(rt_cmsis.o)
                0x00007480                osSignalClear
 .text.osSignalWait
                0x0000749c       0x2c C:/ProgramData/MATLAB/SupportPackages/R2022a/3P.instrset/cmsis.instrset/CMSIS/RTOS/RTX/LIB/GCC/libRTX_CM4.a(rt_cmsis.o)
                0x0000749c                osSignalWait
 .text.svcMessageGet
                0x000074c8       0xbc C:/ProgramData/MATLAB/SupportPackages/R2022a/3P.instrset/cmsis.instrset/CMSIS/RTOS/RTX/LIB/GCC/libRTX_CM4.a(rt_cmsis.o)
                0x000074c8                svcMessageGet
 .text.rt_init_stack
                0x00007584       0xa8 C:/ProgramData/MATLAB/SupportPackages/R2022a/3P.instrset/cmsis.instrset/CMSIS/RTOS/RTX/LIB/GCC/libRTX_CM4.a(hal_cm.o)
                0x00007584                rt_init_stack
 .text.rt_ret_val
                0x0000762c       0x14 C:/ProgramData/MATLAB/SupportPackages/R2022a/3P.instrset/cmsis.instrset/CMSIS/RTOS/RTX/LIB/GCC/libRTX_CM4.a(hal_cm.o)
                0x0000762c                rt_ret_val
 .text.rt_ret_val2
                0x00007640       0x24 C:/ProgramData/MATLAB/SupportPackages/R2022a/3P.instrset/cmsis.instrset/CMSIS/RTOS/RTX/LIB/GCC/libRTX_CM4.a(hal_cm.o)
                0x00007640                rt_ret_val2
 .text.dbg_init
                0x00007664       0x34 C:/ProgramData/MATLAB/SupportPackages/R2022a/3P.instrset/cmsis.instrset/CMSIS/RTOS/RTX/LIB/GCC/libRTX_CM4.a(hal_cm.o)
                0x00007664                dbg_init
 .text.dbg_task_notify
                0x00007698       0x2c C:/ProgramData/MATLAB/SupportPackages/R2022a/3P.instrset/cmsis.instrset/CMSIS/RTOS/RTX/LIB/GCC/libRTX_CM4.a(hal_cm.o)
                0x00007698                dbg_task_notify
 .text.dbg_task_switch
                0x000076c4       0x14 C:/ProgramData/MATLAB/SupportPackages/R2022a/3P.instrset/cmsis.instrset/CMSIS/RTOS/RTX/LIB/GCC/libRTX_CM4.a(hal_cm.o)
                0x000076c4                dbg_task_switch
 .text.rt_init_mem
                0x000076d8       0x1c C:/ProgramData/MATLAB/SupportPackages/R2022a/3P.instrset/cmsis.instrset/CMSIS/RTOS/RTX/LIB/GCC/libRTX_CM4.a(rt_memory.o)
                0x000076d8                rt_init_mem
 .text.rt_alloc_mem
                0x000076f4       0x48 C:/ProgramData/MATLAB/SupportPackages/R2022a/3P.instrset/cmsis.instrset/CMSIS/RTOS/RTX/LIB/GCC/libRTX_CM4.a(rt_memory.o)
                0x000076f4                rt_alloc_mem
 .text.rt_free_mem
                0x0000773c       0x54 C:/ProgramData/MATLAB/SupportPackages/R2022a/3P.instrset/cmsis.instrset/CMSIS/RTOS/RTX/LIB/GCC/libRTX_CM4.a(rt_memory.o)
                0x0000773c                rt_free_mem
 .text._init_box
                0x00007790       0x58 C:/ProgramData/MATLAB/SupportPackages/R2022a/3P.instrset/cmsis.instrset/CMSIS/RTOS/RTX/LIB/GCC/libRTX_CM4.a(rt_membox.o)
                0x00007790                _init_box
 .text.rt_alloc_box
                0x000077e8       0x1c C:/ProgramData/MATLAB/SupportPackages/R2022a/3P.instrset/cmsis.instrset/CMSIS/RTOS/RTX/LIB/GCC/libRTX_CM4.a(rt_membox.o)
                0x000077e8                rt_alloc_box
 .text.rt_free_box
                0x00007804       0x28 C:/ProgramData/MATLAB/SupportPackages/R2022a/3P.instrset/cmsis.instrset/CMSIS/RTOS/RTX/LIB/GCC/libRTX_CM4.a(rt_membox.o)
                0x00007804                rt_free_box
 .text.rt_sem_psh
                0x0000782c       0x34 C:/ProgramData/MATLAB/SupportPackages/R2022a/3P.instrset/cmsis.instrset/CMSIS/RTOS/RTX/LIB/GCC/libRTX_CM4.a(rt_semaphore.o)
                0x0000782c                rt_sem_psh
 .text.rt_mbx_init
                0x00007860       0x18 C:/ProgramData/MATLAB/SupportPackages/R2022a/3P.instrset/cmsis.instrset/CMSIS/RTOS/RTX/LIB/GCC/libRTX_CM4.a(rt_mailbox.o)
                0x00007860                rt_mbx_init
 .text.rt_mbx_wait
                0x00007878       0xa8 C:/ProgramData/MATLAB/SupportPackages/R2022a/3P.instrset/cmsis.instrset/CMSIS/RTOS/RTX/LIB/GCC/libRTX_CM4.a(rt_mailbox.o)
                0x00007878                rt_mbx_wait
 .text.rt_mbx_check
                0x00007920        0x8 C:/ProgramData/MATLAB/SupportPackages/R2022a/3P.instrset/cmsis.instrset/CMSIS/RTOS/RTX/LIB/GCC/libRTX_CM4.a(rt_mailbox.o)
                0x00007920                rt_mbx_check
 .text.isr_mbx_send
                0x00007928       0x10 C:/ProgramData/MATLAB/SupportPackages/R2022a/3P.instrset/cmsis.instrset/CMSIS/RTOS/RTX/LIB/GCC/libRTX_CM4.a(rt_mailbox.o)
                0x00007928                isr_mbx_send
 .text.rt_mbx_psh
                0x00007938       0xe8 C:/ProgramData/MATLAB/SupportPackages/R2022a/3P.instrset/cmsis.instrset/CMSIS/RTOS/RTX/LIB/GCC/libRTX_CM4.a(rt_mailbox.o)
                0x00007938                rt_mbx_psh
 .text.rt_put_prio
                0x00007a20       0x50 C:/ProgramData/MATLAB/SupportPackages/R2022a/3P.instrset/cmsis.instrset/CMSIS/RTOS/RTX/LIB/GCC/libRTX_CM4.a(rt_list.o)
                0x00007a20                rt_put_prio
 .text.rt_get_first
                0x00007a70       0x28 C:/ProgramData/MATLAB/SupportPackages/R2022a/3P.instrset/cmsis.instrset/CMSIS/RTOS/RTX/LIB/GCC/libRTX_CM4.a(rt_list.o)
                0x00007a70                rt_get_first
 .text.rt_put_rdy_first
                0x00007a98       0x14 C:/ProgramData/MATLAB/SupportPackages/R2022a/3P.instrset/cmsis.instrset/CMSIS/RTOS/RTX/LIB/GCC/libRTX_CM4.a(rt_list.o)
                0x00007a98                rt_put_rdy_first
 .text.rt_resort_prio
                0x00007aac       0xac C:/ProgramData/MATLAB/SupportPackages/R2022a/3P.instrset/cmsis.instrset/CMSIS/RTOS/RTX/LIB/GCC/libRTX_CM4.a(rt_list.o)
                0x00007aac                rt_resort_prio
 .text.rt_put_dly
                0x00007b58       0x60 C:/ProgramData/MATLAB/SupportPackages/R2022a/3P.instrset/cmsis.instrset/CMSIS/RTOS/RTX/LIB/GCC/libRTX_CM4.a(rt_list.o)
                0x00007b58                rt_put_dly
 .text.rt_dec_dly
                0x00007bb8       0xbc C:/ProgramData/MATLAB/SupportPackages/R2022a/3P.instrset/cmsis.instrset/CMSIS/RTOS/RTX/LIB/GCC/libRTX_CM4.a(rt_list.o)
                0x00007bb8                rt_dec_dly
 .text.rt_rmv_list
                0x00007c74       0x2c C:/ProgramData/MATLAB/SupportPackages/R2022a/3P.instrset/cmsis.instrset/CMSIS/RTOS/RTX/LIB/GCC/libRTX_CM4.a(rt_list.o)
                0x00007c74                rt_rmv_list
 .text.rt_rmv_dly
                0x00007ca0       0x30 C:/ProgramData/MATLAB/SupportPackages/R2022a/3P.instrset/cmsis.instrset/CMSIS/RTOS/RTX/LIB/GCC/libRTX_CM4.a(rt_list.o)
                0x00007ca0                rt_rmv_dly
 .text.rt_psq_enq
                0x00007cd0       0x44 C:/ProgramData/MATLAB/SupportPackages/R2022a/3P.instrset/cmsis.instrset/CMSIS/RTOS/RTX/LIB/GCC/libRTX_CM4.a(rt_list.o)
                0x00007cd0                rt_psq_enq
 .text.rt_evt_wait
                0x00007d14       0x44 C:/ProgramData/MATLAB/SupportPackages/R2022a/3P.instrset/cmsis.instrset/CMSIS/RTOS/RTX/LIB/GCC/libRTX_CM4.a(rt_event.o)
                0x00007d14                rt_evt_wait
 .text.rt_evt_set
                0x00007d58       0x58 C:/ProgramData/MATLAB/SupportPackages/R2022a/3P.instrset/cmsis.instrset/CMSIS/RTOS/RTX/LIB/GCC/libRTX_CM4.a(rt_event.o)
                0x00007d58                rt_evt_set
 .text.rt_evt_clr
                0x00007db0       0x18 C:/ProgramData/MATLAB/SupportPackages/R2022a/3P.instrset/cmsis.instrset/CMSIS/RTOS/RTX/LIB/GCC/libRTX_CM4.a(rt_event.o)
                0x00007db0                rt_evt_clr
 .text.isr_evt_set
                0x00007dc8       0x24 C:/ProgramData/MATLAB/SupportPackages/R2022a/3P.instrset/cmsis.instrset/CMSIS/RTOS/RTX/LIB/GCC/libRTX_CM4.a(rt_event.o)
                0x00007dc8                isr_evt_set
 .text.rt_evt_psh
                0x00007dec       0x50 C:/ProgramData/MATLAB/SupportPackages/R2022a/3P.instrset/cmsis.instrset/CMSIS/RTOS/RTX/LIB/GCC/libRTX_CM4.a(rt_event.o)
                0x00007dec                rt_evt_psh
 .text.rt_psh_req
                0x00007e3c       0x20 C:/ProgramData/MATLAB/SupportPackages/R2022a/3P.instrset/cmsis.instrset/CMSIS/RTOS/RTX/LIB/GCC/libRTX_CM4.a(rt_system.o)
                0x00007e3c                rt_psh_req
 .text.rt_pop_req
                0x00007e5c       0x9c C:/ProgramData/MATLAB/SupportPackages/R2022a/3P.instrset/cmsis.instrset/CMSIS/RTOS/RTX/LIB/GCC/libRTX_CM4.a(rt_system.o)
                0x00007e5c                rt_pop_req
 .text.os_tick_init
                0x00007ef8       0x40 C:/ProgramData/MATLAB/SupportPackages/R2022a/3P.instrset/cmsis.instrset/CMSIS/RTOS/RTX/LIB/GCC/libRTX_CM4.a(rt_system.o)
                0x00007ef8                os_tick_init
 .text.os_tick_irqack
                0x00007f38        0x4 C:/ProgramData/MATLAB/SupportPackages/R2022a/3P.instrset/cmsis.instrset/CMSIS/RTOS/RTX/LIB/GCC/libRTX_CM4.a(rt_system.o)
                0x00007f38                os_tick_irqack
 .text.rt_systick
                0x00007f3c       0x3c C:/ProgramData/MATLAB/SupportPackages/R2022a/3P.instrset/cmsis.instrset/CMSIS/RTOS/RTX/LIB/GCC/libRTX_CM4.a(rt_system.o)
                0x00007f3c                rt_systick
 .text.rt_stk_check
                0x00007f78       0x24 C:/ProgramData/MATLAB/SupportPackages/R2022a/3P.instrset/cmsis.instrset/CMSIS/RTOS/RTX/LIB/GCC/libRTX_CM4.a(rt_system.o)
                0x00007f78                rt_stk_check
 .text.rt_switch_req
                0x00007f9c       0x24 C:/ProgramData/MATLAB/SupportPackages/R2022a/3P.instrset/cmsis.instrset/CMSIS/RTOS/RTX/LIB/GCC/libRTX_CM4.a(rt_task.o)
                0x00007f9c                rt_switch_req
 .text.rt_dispatch
                0x00007fc0       0x78 C:/ProgramData/MATLAB/SupportPackages/R2022a/3P.instrset/cmsis.instrset/CMSIS/RTOS/RTX/LIB/GCC/libRTX_CM4.a(rt_task.o)
                0x00007fc0                rt_dispatch
 .text.rt_block
                0x00008038       0x50 C:/ProgramData/MATLAB/SupportPackages/R2022a/3P.instrset/cmsis.instrset/CMSIS/RTOS/RTX/LIB/GCC/libRTX_CM4.a(rt_task.o)
                0x00008038                rt_block
 .text.rt_tsk_self
                0x00008088       0x10 C:/ProgramData/MATLAB/SupportPackages/R2022a/3P.instrset/cmsis.instrset/CMSIS/RTOS/RTX/LIB/GCC/libRTX_CM4.a(rt_task.o)
                0x00008088                rt_tsk_self
 .text.rt_tsk_prio
                0x00008098       0xa0 C:/ProgramData/MATLAB/SupportPackages/R2022a/3P.instrset/cmsis.instrset/CMSIS/RTOS/RTX/LIB/GCC/libRTX_CM4.a(rt_task.o)
                0x00008098                rt_tsk_prio
 .text.rt_tsk_create
                0x00008138       0xc8 C:/ProgramData/MATLAB/SupportPackages/R2022a/3P.instrset/cmsis.instrset/CMSIS/RTOS/RTX/LIB/GCC/libRTX_CM4.a(rt_task.o)
                0x00008138                rt_tsk_create
 .text.rt_tsk_delete
                0x00008200      0x1bc C:/ProgramData/MATLAB/SupportPackages/R2022a/3P.instrset/cmsis.instrset/CMSIS/RTOS/RTX/LIB/GCC/libRTX_CM4.a(rt_task.o)
                0x00008200                rt_tsk_delete
 .text.rt_sys_init
                0x000083bc       0xdc C:/ProgramData/MATLAB/SupportPackages/R2022a/3P.instrset/cmsis.instrset/CMSIS/RTOS/RTX/LIB/GCC/libRTX_CM4.a(rt_task.o)
                0x000083bc                rt_sys_init
 .text.rt_sys_start
                0x00008498       0x8c C:/ProgramData/MATLAB/SupportPackages/R2022a/3P.instrset/cmsis.instrset/CMSIS/RTOS/RTX/LIB/GCC/libRTX_CM4.a(rt_task.o)
                0x00008498                rt_sys_start
 .text.OSA_TimeInit
                0x00008524       0x40 C:/ProgramData/MATLAB/SupportPackages/R2022a/toolbox/target/supportpackages/freedomk64f/src/ksdk_armgcc_lib/bm/libksdk_platform.a(fsl_os_abstraction_bm.o)
                0x00008524                OSA_TimeInit
 .text.OSA_TimeDiff
                0x00008564        0xe C:/ProgramData/MATLAB/SupportPackages/R2022a/toolbox/target/supportpackages/freedomk64f/src/ksdk_armgcc_lib/bm/libksdk_platform.a(fsl_os_abstraction_bm.o)
                0x00008564                OSA_TimeDiff
 *fill*         0x00008572        0x2 
 .text.OSA_SemaCreate
                0x00008574       0x2c C:/ProgramData/MATLAB/SupportPackages/R2022a/toolbox/target/supportpackages/freedomk64f/src/ksdk_armgcc_lib/bm/libksdk_platform.a(fsl_os_abstraction_bm.o)
                0x00008574                OSA_SemaCreate
 .text.OSA_SemaPost
                0x000085a0       0x3c C:/ProgramData/MATLAB/SupportPackages/R2022a/toolbox/target/supportpackages/freedomk64f/src/ksdk_armgcc_lib/bm/libksdk_platform.a(fsl_os_abstraction_bm.o)
                0x000085a0                OSA_SemaPost
 .text.task_init
                0x000085dc       0x38 C:/ProgramData/MATLAB/SupportPackages/R2022a/toolbox/target/supportpackages/freedomk64f/src/ksdk_armgcc_lib/bm/libksdk_platform.a(fsl_os_abstraction_bm.o)
                0x000085dc                task_init
 .text.OSA_TimeGetMsec
                0x00008614        0xc C:/ProgramData/MATLAB/SupportPackages/R2022a/toolbox/target/supportpackages/freedomk64f/src/ksdk_armgcc_lib/bm/libksdk_platform.a(fsl_os_abstraction_bm.o)
                0x00008614                OSA_TimeGetMsec
 .text.OSA_TimeDelay
                0x00008620       0x1c C:/ProgramData/MATLAB/SupportPackages/R2022a/toolbox/target/supportpackages/freedomk64f/src/ksdk_armgcc_lib/bm/libksdk_platform.a(fsl_os_abstraction_bm.o)
                0x00008620                OSA_TimeDelay
 .text.OSA_Init
                0x0000863c        0xe C:/ProgramData/MATLAB/SupportPackages/R2022a/toolbox/target/supportpackages/freedomk64f/src/ksdk_armgcc_lib/bm/libksdk_platform.a(fsl_os_abstraction_bm.o)
                0x0000863c                OSA_Init
 *fill*         0x0000864a        0x2 
 .text.CLOCK_SYS_SetMcgPeeToFbe
                0x0000864c       0x34 C:/ProgramData/MATLAB/SupportPackages/R2022a/toolbox/target/supportpackages/freedomk64f/src/ksdk_armgcc_lib/bm/libksdk_platform.a(fsl_clock_manager.o)
 .text.CLOCK_SYS_SetMcgMode
                0x00008680      0x124 C:/ProgramData/MATLAB/SupportPackages/R2022a/toolbox/target/supportpackages/freedomk64f/src/ksdk_armgcc_lib/bm/libksdk_platform.a(fsl_clock_manager.o)
                0x00008680                CLOCK_SYS_SetMcgMode
 .text.CLOCK_SYS_SetOscerConfigration
                0x000087a4       0x20 C:/ProgramData/MATLAB/SupportPackages/R2022a/toolbox/target/supportpackages/freedomk64f/src/ksdk_armgcc_lib/bm/libksdk_platform.a(fsl_clock_manager.o)
                0x000087a4                CLOCK_SYS_SetOscerConfigration
 .text.CLOCK_SYS_OscInit
                0x000087c4       0x98 C:/ProgramData/MATLAB/SupportPackages/R2022a/toolbox/target/supportpackages/freedomk64f/src/ksdk_armgcc_lib/bm/libksdk_platform.a(fsl_clock_manager.o)
                0x000087c4                CLOCK_SYS_OscInit
 .text.CLOCK_SYS_RtcOscInit
                0x0000885c       0x6c C:/ProgramData/MATLAB/SupportPackages/R2022a/toolbox/target/supportpackages/freedomk64f/src/ksdk_armgcc_lib/bm/libksdk_platform.a(fsl_clock_manager.o)
                0x0000885c                CLOCK_SYS_RtcOscInit
 .text.SIM_HAL_EnableClock.constprop.0
                0x000088c8       0x1c C:/ProgramData/MATLAB/SupportPackages/R2022a/toolbox/target/supportpackages/freedomk64f/src/ksdk_armgcc_lib/bm/libksdk_platform.a(fsl_clock_MK64F12.o)
 .text.CLOCK_SYS_GetCoreClockFreq
                0x000088e4       0x24 C:/ProgramData/MATLAB/SupportPackages/R2022a/toolbox/target/supportpackages/freedomk64f/src/ksdk_armgcc_lib/bm/libksdk_platform.a(fsl_clock_MK64F12.o)
                0x000088e4                CLOCK_SYS_GetCoreClockFreq
 .text.CLOCK_SYS_SetConfiguration
                0x00008908       0x94 C:/ProgramData/MATLAB/SupportPackages/R2022a/toolbox/target/supportpackages/freedomk64f/src/ksdk_armgcc_lib/bm/libksdk_platform.a(fsl_clock_MK64F12.o)
                0x00008908                CLOCK_SYS_SetConfiguration
 .text.CLOCK_SYS_FllStableDelay
                0x0000899c       0x18 C:/ProgramData/MATLAB/SupportPackages/R2022a/toolbox/target/supportpackages/freedomk64f/src/ksdk_armgcc_lib/bm/libksdk_platform.a(fsl_clock_MK64F12.o)
 .text.CLOCK_SYS_GetBusClockFreq
                0x000089b4       0x24 C:/ProgramData/MATLAB/SupportPackages/R2022a/toolbox/target/supportpackages/freedomk64f/src/ksdk_armgcc_lib/bm/libksdk_platform.a(fsl_clock_MK64F12.o)
                0x000089b4                CLOCK_SYS_GetBusClockFreq
 .text.CLOCK_SYS_GetUartFreq
                0x000089d8       0x16 C:/ProgramData/MATLAB/SupportPackages/R2022a/toolbox/target/supportpackages/freedomk64f/src/ksdk_armgcc_lib/bm/libksdk_platform.a(fsl_clock_MK64F12.o)
                0x000089d8                CLOCK_SYS_GetUartFreq
 *fill*         0x000089ee        0x2 
 .text.CLOCK_SYS_EnablePortClock
                0x000089f0       0x30 C:/ProgramData/MATLAB/SupportPackages/R2022a/toolbox/target/supportpackages/freedomk64f/src/ksdk_armgcc_lib/bm/libksdk_platform.a(fsl_clock_MK64F12.o)
                0x000089f0                CLOCK_SYS_EnablePortClock
 .text.CLOCK_SYS_EnableAdcClock
                0x00008a20       0x30 C:/ProgramData/MATLAB/SupportPackages/R2022a/toolbox/target/supportpackages/freedomk64f/src/ksdk_armgcc_lib/bm/libksdk_platform.a(fsl_clock_MK64F12.o)
                0x00008a20                CLOCK_SYS_EnableAdcClock
 .text.CLOCK_SYS_EnableI2cClock
                0x00008a50       0x30 C:/ProgramData/MATLAB/SupportPackages/R2022a/toolbox/target/supportpackages/freedomk64f/src/ksdk_armgcc_lib/bm/libksdk_platform.a(fsl_clock_MK64F12.o)
                0x00008a50                CLOCK_SYS_EnableI2cClock
 .text.CLOCK_SYS_EnableUartClock
                0x00008a80       0x30 C:/ProgramData/MATLAB/SupportPackages/R2022a/toolbox/target/supportpackages/freedomk64f/src/ksdk_armgcc_lib/bm/libksdk_platform.a(fsl_clock_MK64F12.o)
                0x00008a80                CLOCK_SYS_EnableUartClock
 .text.INT_SYS_EnableIRQGlobal
                0x00008ab0       0x14 C:/ProgramData/MATLAB/SupportPackages/R2022a/toolbox/target/supportpackages/freedomk64f/src/ksdk_armgcc_lib/bm/libksdk_platform.a(fsl_interrupt_manager.o)
                0x00008ab0                INT_SYS_EnableIRQGlobal
 .text.INT_SYS_DisableIRQGlobal
                0x00008ac4       0x10 C:/ProgramData/MATLAB/SupportPackages/R2022a/toolbox/target/supportpackages/freedomk64f/src/ksdk_armgcc_lib/bm/libksdk_platform.a(fsl_interrupt_manager.o)
                0x00008ac4                INT_SYS_DisableIRQGlobal
 .text.ADC16_HAL_GetChnConvCompletedFlag.part.0
                0x00008ad4       0x1c C:/ProgramData/MATLAB/SupportPackages/R2022a/toolbox/target/supportpackages/freedomk64f/src/ksdk_armgcc_lib/bm/libksdk_platform.a(fsl_adc16_driver.o)
 .text.ADC16_DRV_StructInitUserConfigDefault
                0x00008af0       0x24 C:/ProgramData/MATLAB/SupportPackages/R2022a/toolbox/target/supportpackages/freedomk64f/src/ksdk_armgcc_lib/bm/libksdk_platform.a(fsl_adc16_driver.o)
                0x00008af0                ADC16_DRV_StructInitUserConfigDefault
 .text.ADC16_DRV_Init
                0x00008b14       0x90 C:/ProgramData/MATLAB/SupportPackages/R2022a/toolbox/target/supportpackages/freedomk64f/src/ksdk_armgcc_lib/bm/libksdk_platform.a(fsl_adc16_driver.o)
                0x00008b14                ADC16_DRV_Init
 .text.ADC16_DRV_SetChnMux
                0x00008ba4       0x40 C:/ProgramData/MATLAB/SupportPackages/R2022a/toolbox/target/supportpackages/freedomk64f/src/ksdk_armgcc_lib/bm/libksdk_platform.a(fsl_adc16_driver.o)
                0x00008ba4                ADC16_DRV_SetChnMux
 .text.ADC16_DRV_ConfigConvChn
                0x00008be4       0x38 C:/ProgramData/MATLAB/SupportPackages/R2022a/toolbox/target/supportpackages/freedomk64f/src/ksdk_armgcc_lib/bm/libksdk_platform.a(fsl_adc16_driver.o)
                0x00008be4                ADC16_DRV_ConfigConvChn
 .text.ADC16_DRV_WaitConvDone
                0x00008c1c       0x48 C:/ProgramData/MATLAB/SupportPackages/R2022a/toolbox/target/supportpackages/freedomk64f/src/ksdk_armgcc_lib/bm/libksdk_platform.a(fsl_adc16_driver.o)
                0x00008c1c                ADC16_DRV_WaitConvDone
 .text.ADC16_DRV_GetConvValueRAW
                0x00008c64       0x50 C:/ProgramData/MATLAB/SupportPackages/R2022a/toolbox/target/supportpackages/freedomk64f/src/ksdk_armgcc_lib/bm/libksdk_platform.a(fsl_adc16_driver.o)
                0x00008c64                ADC16_DRV_GetConvValueRAW
 .text.EDMA_HAL_SetErrorIntCmd
                0x00008cb4        0xa C:/ProgramData/MATLAB/SupportPackages/R2022a/toolbox/target/supportpackages/freedomk64f/src/ksdk_armgcc_lib/bm/libksdk_platform.a(fsl_edma_hal.o)
                0x00008cb4                EDMA_HAL_SetErrorIntCmd
 .text.EDMA_HAL_SetDmaRequestCmd
                0x00008cbe        0xa C:/ProgramData/MATLAB/SupportPackages/R2022a/toolbox/target/supportpackages/freedomk64f/src/ksdk_armgcc_lib/bm/libksdk_platform.a(fsl_edma_hal.o)
                0x00008cbe                EDMA_HAL_SetDmaRequestCmd
 .text.EDMA_HAL_HTCDClearReg
                0x00008cc8       0x4a C:/ProgramData/MATLAB/SupportPackages/R2022a/toolbox/target/supportpackages/freedomk64f/src/ksdk_armgcc_lib/bm/libksdk_platform.a(fsl_edma_hal.o)
                0x00008cc8                EDMA_HAL_HTCDClearReg
 .text.EDMA_HAL_Init
                0x00008d12       0x28 C:/ProgramData/MATLAB/SupportPackages/R2022a/toolbox/target/supportpackages/freedomk64f/src/ksdk_armgcc_lib/bm/libksdk_platform.a(fsl_edma_hal.o)
                0x00008d12                EDMA_HAL_Init
 *fill*         0x00008d3a        0x2 
 .text.EDMA_HAL_HTCDSetAttribute
                0x00008d3c       0x48 C:/ProgramData/MATLAB/SupportPackages/R2022a/toolbox/target/supportpackages/freedomk64f/src/ksdk_armgcc_lib/bm/libksdk_platform.a(fsl_edma_hal.o)
                0x00008d3c                EDMA_HAL_HTCDSetAttribute
 .text.EDMA_HAL_HTCDSetNbytes
                0x00008d84       0x7c C:/ProgramData/MATLAB/SupportPackages/R2022a/toolbox/target/supportpackages/freedomk64f/src/ksdk_armgcc_lib/bm/libksdk_platform.a(fsl_edma_hal.o)
                0x00008d84                EDMA_HAL_HTCDSetNbytes
 .text.EDMA_HAL_HTCDGetNbytes
                0x00008e00       0x68 C:/ProgramData/MATLAB/SupportPackages/R2022a/toolbox/target/supportpackages/freedomk64f/src/ksdk_armgcc_lib/bm/libksdk_platform.a(fsl_edma_hal.o)
                0x00008e00                EDMA_HAL_HTCDGetNbytes
 .text.EDMA_HAL_HTCDSetChannelMinorLink
                0x00008e68       0x80 C:/ProgramData/MATLAB/SupportPackages/R2022a/toolbox/target/supportpackages/freedomk64f/src/ksdk_armgcc_lib/bm/libksdk_platform.a(fsl_edma_hal.o)
                0x00008e68                EDMA_HAL_HTCDSetChannelMinorLink
 .text.EDMA_HAL_HTCDSetMajorCount
                0x00008ee8       0x78 C:/ProgramData/MATLAB/SupportPackages/R2022a/toolbox/target/supportpackages/freedomk64f/src/ksdk_armgcc_lib/bm/libksdk_platform.a(fsl_edma_hal.o)
                0x00008ee8                EDMA_HAL_HTCDSetMajorCount
 .text.EDMA_HAL_HTCDGetUnfinishedBytes
                0x00008f60       0x54 C:/ProgramData/MATLAB/SupportPackages/R2022a/toolbox/target/supportpackages/freedomk64f/src/ksdk_armgcc_lib/bm/libksdk_platform.a(fsl_edma_hal.o)
                0x00008f60                EDMA_HAL_HTCDGetUnfinishedBytes
 .text.INT_SYS_EnableIRQ
                0x00008fb4       0x48 C:/ProgramData/MATLAB/SupportPackages/R2022a/toolbox/target/supportpackages/freedomk64f/src/ksdk_armgcc_lib/bm/libksdk_platform.a(fsl_edma_driver.o)
 .text.EDMA_DRV_ClaimChannel
                0x00008ffc       0x70 C:/ProgramData/MATLAB/SupportPackages/R2022a/toolbox/target/supportpackages/freedomk64f/src/ksdk_armgcc_lib/bm/libksdk_platform.a(fsl_edma_driver.o)
 .text.EDMA_DRV_Init
                0x0000906c       0x84 C:/ProgramData/MATLAB/SupportPackages/R2022a/toolbox/target/supportpackages/freedomk64f/src/ksdk_armgcc_lib/bm/libksdk_platform.a(fsl_edma_driver.o)
                0x0000906c                EDMA_DRV_Init
 .text.EDMA_DRV_InstallCallback
                0x000090f0        0x8 C:/ProgramData/MATLAB/SupportPackages/R2022a/toolbox/target/supportpackages/freedomk64f/src/ksdk_armgcc_lib/bm/libksdk_platform.a(fsl_edma_driver.o)
                0x000090f0                EDMA_DRV_InstallCallback
 .text.EDMA_DRV_RequestChannel
                0x000090f8       0x70 C:/ProgramData/MATLAB/SupportPackages/R2022a/toolbox/target/supportpackages/freedomk64f/src/ksdk_armgcc_lib/bm/libksdk_platform.a(fsl_edma_driver.o)
                0x000090f8                EDMA_DRV_RequestChannel
 .text.EDMA_DRV_IRQHandler
                0x00009168       0x30 C:/ProgramData/MATLAB/SupportPackages/R2022a/toolbox/target/supportpackages/freedomk64f/src/ksdk_armgcc_lib/bm/libksdk_platform.a(fsl_edma_driver.o)
                0x00009168                EDMA_DRV_IRQHandler
 .text.EDMA_DRV_ErrorIRQHandler
                0x00009198       0x8c C:/ProgramData/MATLAB/SupportPackages/R2022a/toolbox/target/supportpackages/freedomk64f/src/ksdk_armgcc_lib/bm/libksdk_platform.a(fsl_edma_driver.o)
                0x00009198                EDMA_DRV_ErrorIRQHandler
 .text.PORT_HAL_SetMuxMode.part.0
                0x00009224       0x1c C:/ProgramData/MATLAB/SupportPackages/R2022a/toolbox/target/supportpackages/freedomk64f/src/ksdk_armgcc_lib/bm/libksdk_platform.a(fsl_gpio_driver.o)
 .text.GPIO_DRV_InputPinInit
                0x00009240       0xe4 C:/ProgramData/MATLAB/SupportPackages/R2022a/toolbox/target/supportpackages/freedomk64f/src/ksdk_armgcc_lib/bm/libksdk_platform.a(fsl_gpio_driver.o)
                0x00009240                GPIO_DRV_InputPinInit
 .text.GPIO_DRV_OutputPinInit
                0x00009324       0x78 C:/ProgramData/MATLAB/SupportPackages/R2022a/toolbox/target/supportpackages/freedomk64f/src/ksdk_armgcc_lib/bm/libksdk_platform.a(fsl_gpio_driver.o)
                0x00009324                GPIO_DRV_OutputPinInit
 .text.GPIO_DRV_WritePinOutput
                0x0000939c       0x1c C:/ProgramData/MATLAB/SupportPackages/R2022a/toolbox/target/supportpackages/freedomk64f/src/ksdk_armgcc_lib/bm/libksdk_platform.a(fsl_gpio_driver.o)
                0x0000939c                GPIO_DRV_WritePinOutput
 .text.GPIO_DRV_ReadPinInput
                0x000093b8       0x3c C:/ProgramData/MATLAB/SupportPackages/R2022a/toolbox/target/supportpackages/freedomk64f/src/ksdk_armgcc_lib/bm/libksdk_platform.a(fsl_gpio_driver.o)
                0x000093b8                GPIO_DRV_ReadPinInput
 .text.I2C_HAL_Init
                0x000093f4       0x1c C:/ProgramData/MATLAB/SupportPackages/R2022a/toolbox/target/supportpackages/freedomk64f/src/ksdk_armgcc_lib/bm/libksdk_platform.a(fsl_i2c_hal.o)
                0x000093f4                I2C_HAL_Init
 .text.I2C_HAL_SetBaudRate
                0x00009410       0x70 C:/ProgramData/MATLAB/SupportPackages/R2022a/toolbox/target/supportpackages/freedomk64f/src/ksdk_armgcc_lib/bm/libksdk_platform.a(fsl_i2c_hal.o)
                0x00009410                I2C_HAL_SetBaudRate
 .text.I2C_HAL_SendStart
                0x00009480       0x20 C:/ProgramData/MATLAB/SupportPackages/R2022a/toolbox/target/supportpackages/freedomk64f/src/ksdk_armgcc_lib/bm/libksdk_platform.a(fsl_i2c_hal.o)
                0x00009480                I2C_HAL_SendStart
 .text.I2C_HAL_SendStop
                0x000094a0       0x50 C:/ProgramData/MATLAB/SupportPackages/R2022a/toolbox/target/supportpackages/freedomk64f/src/ksdk_armgcc_lib/bm/libksdk_platform.a(fsl_i2c_hal.o)
                0x000094a0                I2C_HAL_SendStop
 .text.LPTMR_HAL_SetTimerWorkingMode
                0x000094f0       0x3c C:/ProgramData/MATLAB/SupportPackages/R2022a/toolbox/target/supportpackages/freedomk64f/src/ksdk_armgcc_lib/bm/libksdk_platform.a(fsl_lptmr_hal.o)
                0x000094f0                LPTMR_HAL_SetTimerWorkingMode
 .text.LPTMR_HAL_SetPrescalerMode
                0x0000952c       0x1c C:/ProgramData/MATLAB/SupportPackages/R2022a/toolbox/target/supportpackages/freedomk64f/src/ksdk_armgcc_lib/bm/libksdk_platform.a(fsl_lptmr_hal.o)
                0x0000952c                LPTMR_HAL_SetPrescalerMode
 .text.LPTMR_HAL_GetCounterValue
                0x00009548        0xe C:/ProgramData/MATLAB/SupportPackages/R2022a/toolbox/target/supportpackages/freedomk64f/src/ksdk_armgcc_lib/bm/libksdk_platform.a(fsl_lptmr_hal.o)
                0x00009548                LPTMR_HAL_GetCounterValue
 *fill*         0x00009556        0x2 
 .text.CLOCK_HAL_TestOscFreq
                0x00009558       0x28 C:/ProgramData/MATLAB/SupportPackages/R2022a/toolbox/target/supportpackages/freedomk64f/src/ksdk_armgcc_lib/bm/libksdk_platform.a(fsl_mcg_hal.o)
                0x00009558                CLOCK_HAL_TestOscFreq
 .text.CLOCK_HAL_GetMcgExternalClkFreq
                0x00009580        0xa C:/ProgramData/MATLAB/SupportPackages/R2022a/toolbox/target/supportpackages/freedomk64f/src/ksdk_armgcc_lib/bm/libksdk_platform.a(fsl_mcg_hal.o)
 .text.CLOCK_HAL_TestFllExternalRefFreq
                0x0000958a       0x2c C:/ProgramData/MATLAB/SupportPackages/R2022a/toolbox/target/supportpackages/freedomk64f/src/ksdk_armgcc_lib/bm/libksdk_platform.a(fsl_mcg_hal.o)
                0x0000958a                CLOCK_HAL_TestFllExternalRefFreq
 *fill*         0x000095b6        0x2 
 .text.CLOCK_HAL_GetFllRefClk
                0x000095b8       0x40 C:/ProgramData/MATLAB/SupportPackages/R2022a/toolbox/target/supportpackages/freedomk64f/src/ksdk_armgcc_lib/bm/libksdk_platform.a(fsl_mcg_hal.o)
                0x000095b8                CLOCK_HAL_GetFllRefClk
 .text.CLOCK_HAL_TestFllFreq
                0x000095f8       0x34 C:/ProgramData/MATLAB/SupportPackages/R2022a/toolbox/target/supportpackages/freedomk64f/src/ksdk_armgcc_lib/bm/libksdk_platform.a(fsl_mcg_hal.o)
                0x000095f8                CLOCK_HAL_TestFllFreq
 .text.CLOCK_HAL_GetFllClk
                0x0000962c       0x3c C:/ProgramData/MATLAB/SupportPackages/R2022a/toolbox/target/supportpackages/freedomk64f/src/ksdk_armgcc_lib/bm/libksdk_platform.a(fsl_mcg_hal.o)
                0x0000962c                CLOCK_HAL_GetFllClk
 .text.CLOCK_HAL_UpdateFastClkInternalRefDiv
                0x00009668       0x58 C:/ProgramData/MATLAB/SupportPackages/R2022a/toolbox/target/supportpackages/freedomk64f/src/ksdk_armgcc_lib/bm/libksdk_platform.a(fsl_mcg_hal.o)
                0x00009668                CLOCK_HAL_UpdateFastClkInternalRefDiv
 .text.CLOCK_HAL_GetPll0Clk
                0x000096c0       0x48 C:/ProgramData/MATLAB/SupportPackages/R2022a/toolbox/target/supportpackages/freedomk64f/src/ksdk_armgcc_lib/bm/libksdk_platform.a(fsl_mcg_hal.o)
                0x000096c0                CLOCK_HAL_GetPll0Clk
 .text.CLOCK_HAL_EnablePll0InFllMode
                0x00009708       0x38 C:/ProgramData/MATLAB/SupportPackages/R2022a/toolbox/target/supportpackages/freedomk64f/src/ksdk_armgcc_lib/bm/libksdk_platform.a(fsl_mcg_hal.o)
                0x00009708                CLOCK_HAL_EnablePll0InFllMode
 .text.CLOCK_HAL_GetInternalRefClk
                0x00009740       0x40 C:/ProgramData/MATLAB/SupportPackages/R2022a/toolbox/target/supportpackages/freedomk64f/src/ksdk_armgcc_lib/bm/libksdk_platform.a(fsl_mcg_hal.o)
                0x00009740                CLOCK_HAL_GetInternalRefClk
 .text.CLOCK_HAL_GetOutClk
                0x00009780       0x22 C:/ProgramData/MATLAB/SupportPackages/R2022a/toolbox/target/supportpackages/freedomk64f/src/ksdk_armgcc_lib/bm/libksdk_platform.a(fsl_mcg_hal.o)
                0x00009780                CLOCK_HAL_GetOutClk
 .text.CLOCK_HAL_SetOsc0Mode
                0x000097a2       0x24 C:/ProgramData/MATLAB/SupportPackages/R2022a/toolbox/target/supportpackages/freedomk64f/src/ksdk_armgcc_lib/bm/libksdk_platform.a(fsl_mcg_hal.o)
                0x000097a2                CLOCK_HAL_SetOsc0Mode
 *fill*         0x000097c6        0x2 
 .text.CLOCK_HAL_PrepareOsc
                0x000097c8       0x30 C:/ProgramData/MATLAB/SupportPackages/R2022a/toolbox/target/supportpackages/freedomk64f/src/ksdk_armgcc_lib/bm/libksdk_platform.a(fsl_mcg_hal_modes.o)
 .text.CLOCK_HAL_GetMcgMode
                0x000097f8       0x7c C:/ProgramData/MATLAB/SupportPackages/R2022a/toolbox/target/supportpackages/freedomk64f/src/ksdk_armgcc_lib/bm/libksdk_platform.a(fsl_mcg_hal_modes.o)
                0x000097f8                CLOCK_HAL_GetMcgMode
 .text.CLOCK_HAL_SetFbiMode
                0x00009874       0xc0 C:/ProgramData/MATLAB/SupportPackages/R2022a/toolbox/target/supportpackages/freedomk64f/src/ksdk_armgcc_lib/bm/libksdk_platform.a(fsl_mcg_hal_modes.o)
                0x00009874                CLOCK_HAL_SetFbiMode
 .text.CLOCK_HAL_SetFbeMode
                0x00009934       0xf0 C:/ProgramData/MATLAB/SupportPackages/R2022a/toolbox/target/supportpackages/freedomk64f/src/ksdk_armgcc_lib/bm/libksdk_platform.a(fsl_mcg_hal_modes.o)
                0x00009934                CLOCK_HAL_SetFbeMode
 .text.CLOCK_HAL_SetPbeMode
                0x00009a24       0xd8 C:/ProgramData/MATLAB/SupportPackages/R2022a/toolbox/target/supportpackages/freedomk64f/src/ksdk_armgcc_lib/bm/libksdk_platform.a(fsl_mcg_hal_modes.o)
                0x00009a24                CLOCK_HAL_SetPbeMode
 .text.OSC_HAL_SetCapacitor
                0x00009afc        0xe C:/ProgramData/MATLAB/SupportPackages/R2022a/toolbox/target/supportpackages/freedomk64f/src/ksdk_armgcc_lib/bm/libksdk_platform.a(fsl_osc_hal.o)
                0x00009afc                OSC_HAL_SetCapacitor
 .text.CLOCK_HAL_SetOutDiv
                0x00009b0a       0x28 C:/ProgramData/MATLAB/SupportPackages/R2022a/toolbox/target/supportpackages/freedomk64f/src/ksdk_armgcc_lib/bm/libksdk_platform.a(fsl_sim_hal_MK64F12.o)
                0x00009b0a                CLOCK_HAL_SetOutDiv
 *fill*         0x00009b32        0x2 
 .text.UART_DRV_CompleteSendData
                0x00009b34       0x54 C:/ProgramData/MATLAB/SupportPackages/R2022a/toolbox/target/supportpackages/freedomk64f/src/ksdk_armgcc_lib/bm/libksdk_platform.a(fsl_uart_driver.o)
 .text.UART_DRV_CompleteReceiveData
                0x00009b88       0x5c C:/ProgramData/MATLAB/SupportPackages/R2022a/toolbox/target/supportpackages/freedomk64f/src/ksdk_armgcc_lib/bm/libksdk_platform.a(fsl_uart_driver.o)
 .text.UART_DRV_IRQHandler
                0x00009be4       0xdc C:/ProgramData/MATLAB/SupportPackages/R2022a/toolbox/target/supportpackages/freedomk64f/src/ksdk_armgcc_lib/bm/libksdk_platform.a(fsl_uart_driver.o)
                0x00009be4                UART_DRV_IRQHandler
 .text.EDMA_HAL_HTCDSetIntCmd
                0x00009cc0       0x14 C:/ProgramData/MATLAB/SupportPackages/R2022a/toolbox/target/supportpackages/freedomk64f/src/ksdk_armgcc_lib/bm/libksdk_platform.a(fsl_uart_edma_driver.o)
 .text.UART_DRV_EdmaCompleteSendData
                0x00009cd4       0x60 C:/ProgramData/MATLAB/SupportPackages/R2022a/toolbox/target/supportpackages/freedomk64f/src/ksdk_armgcc_lib/bm/libksdk_platform.a(fsl_uart_edma_driver.o)
 .text.UART_DRV_EdmaTxCallback
                0x00009d34        0x4 C:/ProgramData/MATLAB/SupportPackages/R2022a/toolbox/target/supportpackages/freedomk64f/src/ksdk_armgcc_lib/bm/libksdk_platform.a(fsl_uart_edma_driver.o)
 .text.UART_DRV_EdmaCompleteReceiveData
                0x00009d38       0x64 C:/ProgramData/MATLAB/SupportPackages/R2022a/toolbox/target/supportpackages/freedomk64f/src/ksdk_armgcc_lib/bm/libksdk_platform.a(fsl_uart_edma_driver.o)
 .text.UART_DRV_EdmaRxCallback
                0x00009d9c        0x4 C:/ProgramData/MATLAB/SupportPackages/R2022a/toolbox/target/supportpackages/freedomk64f/src/ksdk_armgcc_lib/bm/libksdk_platform.a(fsl_uart_edma_driver.o)
 .text.UART_DRV_EdmaStartSendData
                0x00009da0       0x78 C:/ProgramData/MATLAB/SupportPackages/R2022a/toolbox/target/supportpackages/freedomk64f/src/ksdk_armgcc_lib/bm/libksdk_platform.a(fsl_uart_edma_driver.o)
 .text.UART_DRV_EdmaInit
                0x00009e18      0x260 C:/ProgramData/MATLAB/SupportPackages/R2022a/toolbox/target/supportpackages/freedomk64f/src/ksdk_armgcc_lib/bm/libksdk_platform.a(fsl_uart_edma_driver.o)
                0x00009e18                UART_DRV_EdmaInit
 .text.UART_DRV_EdmaSendData
                0x0000a078       0x48 C:/ProgramData/MATLAB/SupportPackages/R2022a/toolbox/target/supportpackages/freedomk64f/src/ksdk_armgcc_lib/bm/libksdk_platform.a(fsl_uart_edma_driver.o)
                0x0000a078                UART_DRV_EdmaSendData
 .text.UART_DRV_EdmaGetTransmitStatus
                0x0000a0c0       0x58 C:/ProgramData/MATLAB/SupportPackages/R2022a/toolbox/target/supportpackages/freedomk64f/src/ksdk_armgcc_lib/bm/libksdk_platform.a(fsl_uart_edma_driver.o)
                0x0000a0c0                UART_DRV_EdmaGetTransmitStatus
 .text.ADC16_HAL_Init
                0x0000a118       0x10 C:/ProgramData/MATLAB/SupportPackages/R2022a/toolbox/target/supportpackages/freedomk64f/src/ksdk_armgcc_lib/bm/libksdk_platform.a(fsl_adc16_hal.o)
                0x0000a118                ADC16_HAL_Init
 .text.ADC16_HAL_ConfigChn
                0x0000a128       0x40 C:/ProgramData/MATLAB/SupportPackages/R2022a/toolbox/target/supportpackages/freedomk64f/src/ksdk_armgcc_lib/bm/libksdk_platform.a(fsl_adc16_hal.o)
                0x0000a128                ADC16_HAL_ConfigChn
 .text.ADC16_HAL_ConfigConverter
                0x0000a168       0x92 C:/ProgramData/MATLAB/SupportPackages/R2022a/toolbox/target/supportpackages/freedomk64f/src/ksdk_armgcc_lib/bm/libksdk_platform.a(fsl_adc16_hal.o)
                0x0000a168                ADC16_HAL_ConfigConverter
 .text.DMAMUX_HAL_Init
                0x0000a1fa       0x22 C:/ProgramData/MATLAB/SupportPackages/R2022a/toolbox/target/supportpackages/freedomk64f/src/ksdk_armgcc_lib/bm/libksdk_platform.a(fsl_dmamux_hal.o)
                0x0000a1fa                DMAMUX_HAL_Init
 .text.GPIO_HAL_SetPinDir
                0x0000a21c       0x34 C:/ProgramData/MATLAB/SupportPackages/R2022a/toolbox/target/supportpackages/freedomk64f/src/ksdk_armgcc_lib/bm/libksdk_platform.a(fsl_gpio_hal.o)
                0x0000a21c                GPIO_HAL_SetPinDir
 .text.GPIO_HAL_WritePinOutput
                0x0000a250       0x30 C:/ProgramData/MATLAB/SupportPackages/R2022a/toolbox/target/supportpackages/freedomk64f/src/ksdk_armgcc_lib/bm/libksdk_platform.a(fsl_gpio_hal.o)
                0x0000a250                GPIO_HAL_WritePinOutput
 .text.UART_HAL_Init
                0x0000a280       0x2a C:/ProgramData/MATLAB/SupportPackages/R2022a/toolbox/target/supportpackages/freedomk64f/src/ksdk_armgcc_lib/bm/libksdk_platform.a(fsl_uart_hal.o)
                0x0000a280                UART_HAL_Init
 .text.UART_HAL_SetBaudRate
                0x0000a2aa       0x42 C:/ProgramData/MATLAB/SupportPackages/R2022a/toolbox/target/supportpackages/freedomk64f/src/ksdk_armgcc_lib/bm/libksdk_platform.a(fsl_uart_hal.o)
                0x0000a2aa                UART_HAL_SetBaudRate
 .text.UART_HAL_SetParityMode
                0x0000a2ec       0x18 C:/ProgramData/MATLAB/SupportPackages/R2022a/toolbox/target/supportpackages/freedomk64f/src/ksdk_armgcc_lib/bm/libksdk_platform.a(fsl_uart_hal.o)
                0x0000a2ec                UART_HAL_SetParityMode
 .text.UART_HAL_Putchar
                0x0000a304        0x6 C:/ProgramData/MATLAB/SupportPackages/R2022a/toolbox/target/supportpackages/freedomk64f/src/ksdk_armgcc_lib/bm/libksdk_platform.a(fsl_uart_hal.o)
                0x0000a304                UART_HAL_Putchar
 .text.UART_HAL_Getchar
                0x0000a30a        0x8 C:/ProgramData/MATLAB/SupportPackages/R2022a/toolbox/target/supportpackages/freedomk64f/src/ksdk_armgcc_lib/bm/libksdk_platform.a(fsl_uart_hal.o)
                0x0000a30a                UART_HAL_Getchar
 .text.UART_HAL_SetIntMode
                0x0000a312       0x66 C:/ProgramData/MATLAB/SupportPackages/R2022a/toolbox/target/supportpackages/freedomk64f/src/ksdk_armgcc_lib/bm/libksdk_platform.a(fsl_uart_hal.o)
                0x0000a312                UART_HAL_SetIntMode
 .text.UART_HAL_SetTxDmaCmd
                0x0000a378       0x28 C:/ProgramData/MATLAB/SupportPackages/R2022a/toolbox/target/supportpackages/freedomk64f/src/ksdk_armgcc_lib/bm/libksdk_platform.a(fsl_uart_hal.o)
                0x0000a378                UART_HAL_SetTxDmaCmd
 .text.UART_HAL_SetRxDmaCmd
                0x0000a3a0       0x1c C:/ProgramData/MATLAB/SupportPackages/R2022a/toolbox/target/supportpackages/freedomk64f/src/ksdk_armgcc_lib/bm/libksdk_platform.a(fsl_uart_hal.o)
                0x0000a3a0                UART_HAL_SetRxDmaCmd
 .text.UART_HAL_GetStatusFlag
                0x0000a3bc       0x30 C:/ProgramData/MATLAB/SupportPackages/R2022a/toolbox/target/supportpackages/freedomk64f/src/ksdk_armgcc_lib/bm/libksdk_platform.a(fsl_uart_hal.o)
                0x0000a3bc                UART_HAL_GetStatusFlag
 .text.UART_HAL_ClearStatusFlag
                0x0000a3ec       0x7a C:/ProgramData/MATLAB/SupportPackages/R2022a/toolbox/target/supportpackages/freedomk64f/src/ksdk_armgcc_lib/bm/libksdk_platform.a(fsl_uart_hal.o)
                0x0000a3ec                UART_HAL_ClearStatusFlag
 *fill*         0x0000a466        0x2 
 .text.ceil     0x0000a468      0x100 c:/progra~3/matlab/suppor~1/r2022a/3p778c~1.ins/gnuarm~1.ins/win/bin/../lib/gcc/arm-none-eabi/9.3.1/../../../../arm-none-eabi/lib/thumb/v7e-m+fp/hard\libm.a(lib_a-s_ceil.o)
                0x0000a468                ceil
 .text.fabs     0x0000a568       0x14 c:/progra~3/matlab/suppor~1/r2022a/3p778c~1.ins/gnuarm~1.ins/win/bin/../lib/gcc/arm-none-eabi/9.3.1/../../../../arm-none-eabi/lib/thumb/v7e-m+fp/hard\libm.a(lib_a-s_fabs.o)
                0x0000a568                fabs
 *fill*         0x0000a57c        0x4 
 .text.floor    0x0000a580      0x108 c:/progra~3/matlab/suppor~1/r2022a/3p778c~1.ins/gnuarm~1.ins/win/bin/../lib/gcc/arm-none-eabi/9.3.1/../../../../arm-none-eabi/lib/thumb/v7e-m+fp/hard\libm.a(lib_a-s_floor.o)
                0x0000a580                floor
 .text.abort    0x0000a688       0x10 c:/progra~3/matlab/suppor~1/r2022a/3p778c~1.ins/gnuarm~1.ins/win/bin/../lib/gcc/arm-none-eabi/9.3.1/../../../../arm-none-eabi/lib/thumb/v7e-m+fp/hard\libg.a(lib_a-abort.o)
                0x0000a688                abort
 .text.__assert_func
                0x0000a698       0x3c c:/progra~3/matlab/suppor~1/r2022a/3p778c~1.ins/gnuarm~1.ins/win/bin/../lib/gcc/arm-none-eabi/9.3.1/../../../../arm-none-eabi/lib/thumb/v7e-m+fp/hard\libg.a(lib_a-assert.o)
                0x0000a698                __assert_func
 .text.atexit   0x0000a6d4        0xc c:/progra~3/matlab/suppor~1/r2022a/3p778c~1.ins/gnuarm~1.ins/win/bin/../lib/gcc/arm-none-eabi/9.3.1/../../../../arm-none-eabi/lib/thumb/v7e-m+fp/hard\libg.a(lib_a-atexit.o)
                0x0000a6d4                atexit
 .text.__errno  0x0000a6e0        0xc c:/progra~3/matlab/suppor~1/r2022a/3p778c~1.ins/gnuarm~1.ins/win/bin/../lib/gcc/arm-none-eabi/9.3.1/../../../../arm-none-eabi/lib/thumb/v7e-m+fp/hard\libg.a(lib_a-errno.o)
                0x0000a6e0                __errno
 .text.exit     0x0000a6ec       0x20 c:/progra~3/matlab/suppor~1/r2022a/3p778c~1.ins/gnuarm~1.ins/win/bin/../lib/gcc/arm-none-eabi/9.3.1/../../../../arm-none-eabi/lib/thumb/v7e-m+fp/hard\libg.a(lib_a-exit.o)
                0x0000a6ec                exit
 .text.__libc_fini_array
                0x0000a70c       0x2c c:/progra~3/matlab/suppor~1/r2022a/3p778c~1.ins/gnuarm~1.ins/win/bin/../lib/gcc/arm-none-eabi/9.3.1/../../../../arm-none-eabi/lib/thumb/v7e-m+fp/hard\libg.a(lib_a-fini.o)
                0x0000a70c                __libc_fini_array
 .text.fiprintf
                0x0000a738       0x28 c:/progra~3/matlab/suppor~1/r2022a/3p778c~1.ins/gnuarm~1.ins/win/bin/../lib/gcc/arm-none-eabi/9.3.1/../../../../arm-none-eabi/lib/thumb/v7e-m+fp/hard\libg.a(lib_a-fiprintf.o)
                0x0000a738                fiprintf
 .text.__libc_init_array
                0x0000a760       0x48 c:/progra~3/matlab/suppor~1/r2022a/3p778c~1.ins/gnuarm~1.ins/win/bin/../lib/gcc/arm-none-eabi/9.3.1/../../../../arm-none-eabi/lib/thumb/v7e-m+fp/hard\libg.a(lib_a-init.o)
                0x0000a760                __libc_init_array
 .text._malloc_r
                0x0000a7a8      0x574 c:/progra~3/matlab/suppor~1/r2022a/3p778c~1.ins/gnuarm~1.ins/win/bin/../lib/gcc/arm-none-eabi/9.3.1/../../../../arm-none-eabi/lib/thumb/v7e-m+fp/hard\libg.a(lib_a-mallocr.o)
                0x0000a7a8                _malloc_r
 .text.memset   0x0000ad1c       0xa0 c:/progra~3/matlab/suppor~1/r2022a/3p778c~1.ins/gnuarm~1.ins/win/bin/../lib/gcc/arm-none-eabi/9.3.1/../../../../arm-none-eabi/lib/thumb/v7e-m+fp/hard\libg.a(lib_a-memset.o)
                0x0000ad1c                memset
 .text.__malloc_lock
                0x0000adbc        0xc c:/progra~3/matlab/suppor~1/r2022a/3p778c~1.ins/gnuarm~1.ins/win/bin/../lib/gcc/arm-none-eabi/9.3.1/../../../../arm-none-eabi/lib/thumb/v7e-m+fp/hard\libg.a(lib_a-mlock.o)
                0x0000adbc                __malloc_lock
 .text.__malloc_unlock
                0x0000adc8        0xc c:/progra~3/matlab/suppor~1/r2022a/3p778c~1.ins/gnuarm~1.ins/win/bin/../lib/gcc/arm-none-eabi/9.3.1/../../../../arm-none-eabi/lib/thumb/v7e-m+fp/hard\libg.a(lib_a-mlock.o)
                0x0000adc8                __malloc_unlock
 .text._sbrk_r  0x0000add4       0x24 c:/progra~3/matlab/suppor~1/r2022a/3p778c~1.ins/gnuarm~1.ins/win/bin/../lib/gcc/arm-none-eabi/9.3.1/../../../../arm-none-eabi/lib/thumb/v7e-m+fp/hard\libg.a(lib_a-sbrkr.o)
                0x0000add4                _sbrk_r
 .text._raise_r
                0x0000adf8       0x58 c:/progra~3/matlab/suppor~1/r2022a/3p778c~1.ins/gnuarm~1.ins/win/bin/../lib/gcc/arm-none-eabi/9.3.1/../../../../arm-none-eabi/lib/thumb/v7e-m+fp/hard\libg.a(lib_a-signal.o)
                0x0000adf8                _raise_r
 .text.raise    0x0000ae50       0x10 c:/progra~3/matlab/suppor~1/r2022a/3p778c~1.ins/gnuarm~1.ins/win/bin/../lib/gcc/arm-none-eabi/9.3.1/../../../../arm-none-eabi/lib/thumb/v7e-m+fp/hard\libg.a(lib_a-signal.o)
                0x0000ae50                raise
 .text._kill_r  0x0000ae60       0x2c c:/progra~3/matlab/suppor~1/r2022a/3p778c~1.ins/gnuarm~1.ins/win/bin/../lib/gcc/arm-none-eabi/9.3.1/../../../../arm-none-eabi/lib/thumb/v7e-m+fp/hard\libg.a(lib_a-signalr.o)
                0x0000ae60                _kill_r
 .text._getpid_r
                0x0000ae8c        0x4 c:/progra~3/matlab/suppor~1/r2022a/3p778c~1.ins/gnuarm~1.ins/win/bin/../lib/gcc/arm-none-eabi/9.3.1/../../../../arm-none-eabi/lib/thumb/v7e-m+fp/hard\libg.a(lib_a-signalr.o)
                0x0000ae8c                _getpid_r
 .text.__sprint_r.part.0
                0x0000ae90       0x78 c:/progra~3/matlab/suppor~1/r2022a/3p778c~1.ins/gnuarm~1.ins/win/bin/../lib/gcc/arm-none-eabi/9.3.1/../../../../arm-none-eabi/lib/thumb/v7e-m+fp/hard\libg.a(lib_a-vfiprintf.o)
 .text._vfiprintf_r
                0x0000af08      0xd4c c:/progra~3/matlab/suppor~1/r2022a/3p778c~1.ins/gnuarm~1.ins/win/bin/../lib/gcc/arm-none-eabi/9.3.1/../../../../arm-none-eabi/lib/thumb/v7e-m+fp/hard\libg.a(lib_a-vfiprintf.o)
                0x0000af08                _vfiprintf_r
 .text.__sbprintf
                0x0000bc54       0x84 c:/progra~3/matlab/suppor~1/r2022a/3p778c~1.ins/gnuarm~1.ins/win/bin/../lib/gcc/arm-none-eabi/9.3.1/../../../../arm-none-eabi/lib/thumb/v7e-m+fp/hard\libg.a(lib_a-vfiprintf.o)
 .text.__swsetup_r
                0x0000bcd8       0xd0 c:/progra~3/matlab/suppor~1/r2022a/3p778c~1.ins/gnuarm~1.ins/win/bin/../lib/gcc/arm-none-eabi/9.3.1/../../../../arm-none-eabi/lib/thumb/v7e-m+fp/hard\libg.a(lib_a-wsetup.o)
                0x0000bcd8                __swsetup_r
 .text.__register_exitproc
                0x0000bda8       0x8c c:/progra~3/matlab/suppor~1/r2022a/3p778c~1.ins/gnuarm~1.ins/win/bin/../lib/gcc/arm-none-eabi/9.3.1/../../../../arm-none-eabi/lib/thumb/v7e-m+fp/hard\libg.a(lib_a-__atexit.o)
                0x0000bda8                __register_exitproc
 .text.startup.register_fini
                0x0000be34       0x14 c:/progra~3/matlab/suppor~1/r2022a/3p778c~1.ins/gnuarm~1.ins/win/bin/../lib/gcc/arm-none-eabi/9.3.1/../../../../arm-none-eabi/lib/thumb/v7e-m+fp/hard\libg.a(lib_a-__call_atexit.o)
 .text.__call_exitprocs
                0x0000be48       0xcc c:/progra~3/matlab/suppor~1/r2022a/3p778c~1.ins/gnuarm~1.ins/win/bin/../lib/gcc/arm-none-eabi/9.3.1/../../../../arm-none-eabi/lib/thumb/v7e-m+fp/hard\libg.a(lib_a-__call_atexit.o)
                0x0000be48                __call_exitprocs
 .text.__sflush_r
                0x0000bf14      0x130 c:/progra~3/matlab/suppor~1/r2022a/3p778c~1.ins/gnuarm~1.ins/win/bin/../lib/gcc/arm-none-eabi/9.3.1/../../../../arm-none-eabi/lib/thumb/v7e-m+fp/hard\libg.a(lib_a-fflush.o)
                0x0000bf14                __sflush_r
 .text._fflush_r
                0x0000c044       0x5c c:/progra~3/matlab/suppor~1/r2022a/3p778c~1.ins/gnuarm~1.ins/win/bin/../lib/gcc/arm-none-eabi/9.3.1/../../../../arm-none-eabi/lib/thumb/v7e-m+fp/hard\libg.a(lib_a-fflush.o)
                0x0000c044                _fflush_r
 .text.std      0x0000c0a0       0x50 c:/progra~3/matlab/suppor~1/r2022a/3p778c~1.ins/gnuarm~1.ins/win/bin/../lib/gcc/arm-none-eabi/9.3.1/../../../../arm-none-eabi/lib/thumb/v7e-m+fp/hard\libg.a(lib_a-findfp.o)
 .text._cleanup_r
                0x0000c0f0        0xc c:/progra~3/matlab/suppor~1/r2022a/3p778c~1.ins/gnuarm~1.ins/win/bin/../lib/gcc/arm-none-eabi/9.3.1/../../../../arm-none-eabi/lib/thumb/v7e-m+fp/hard\libg.a(lib_a-findfp.o)
                0x0000c0f0                _cleanup_r
 .text.__sinit  0x0000c0fc       0x54 c:/progra~3/matlab/suppor~1/r2022a/3p778c~1.ins/gnuarm~1.ins/win/bin/../lib/gcc/arm-none-eabi/9.3.1/../../../../arm-none-eabi/lib/thumb/v7e-m+fp/hard\libg.a(lib_a-findfp.o)
                0x0000c0fc                __sinit
 .text.__sfp_lock_acquire
                0x0000c150        0xc c:/progra~3/matlab/suppor~1/r2022a/3p778c~1.ins/gnuarm~1.ins/win/bin/../lib/gcc/arm-none-eabi/9.3.1/../../../../arm-none-eabi/lib/thumb/v7e-m+fp/hard\libg.a(lib_a-findfp.o)
                0x0000c150                __sfp_lock_acquire
 .text.__sfp_lock_release
                0x0000c15c        0xc c:/progra~3/matlab/suppor~1/r2022a/3p778c~1.ins/gnuarm~1.ins/win/bin/../lib/gcc/arm-none-eabi/9.3.1/../../../../arm-none-eabi/lib/thumb/v7e-m+fp/hard\libg.a(lib_a-findfp.o)
                0x0000c15c                __sfp_lock_release
 .text.__fputwc
                0x0000c168       0xa8 c:/progra~3/matlab/suppor~1/r2022a/3p778c~1.ins/gnuarm~1.ins/win/bin/../lib/gcc/arm-none-eabi/9.3.1/../../../../arm-none-eabi/lib/thumb/v7e-m+fp/hard\libg.a(lib_a-fputwc.o)
                0x0000c168                __fputwc
 .text._fputwc_r
                0x0000c210       0x68 c:/progra~3/matlab/suppor~1/r2022a/3p778c~1.ins/gnuarm~1.ins/win/bin/../lib/gcc/arm-none-eabi/9.3.1/../../../../arm-none-eabi/lib/thumb/v7e-m+fp/hard\libg.a(lib_a-fputwc.o)
                0x0000c210                _fputwc_r
 .text._malloc_trim_r
                0x0000c278       0xa0 c:/progra~3/matlab/suppor~1/r2022a/3p778c~1.ins/gnuarm~1.ins/win/bin/../lib/gcc/arm-none-eabi/9.3.1/../../../../arm-none-eabi/lib/thumb/v7e-m+fp/hard\libg.a(lib_a-freer.o)
                0x0000c278                _malloc_trim_r
 .text._free_r  0x0000c318      0x208 c:/progra~3/matlab/suppor~1/r2022a/3p778c~1.ins/gnuarm~1.ins/win/bin/../lib/gcc/arm-none-eabi/9.3.1/../../../../arm-none-eabi/lib/thumb/v7e-m+fp/hard\libg.a(lib_a-freer.o)
                0x0000c318                _free_r
 .text.__sfvwrite_r
                0x0000c520      0x2e0 c:/progra~3/matlab/suppor~1/r2022a/3p778c~1.ins/gnuarm~1.ins/win/bin/../lib/gcc/arm-none-eabi/9.3.1/../../../../arm-none-eabi/lib/thumb/v7e-m+fp/hard\libg.a(lib_a-fvwrite.o)
                0x0000c520                __sfvwrite_r
 .text._fwalk_reent
                0x0000c800       0x48 c:/progra~3/matlab/suppor~1/r2022a/3p778c~1.ins/gnuarm~1.ins/win/bin/../lib/gcc/arm-none-eabi/9.3.1/../../../../arm-none-eabi/lib/thumb/v7e-m+fp/hard\libg.a(lib_a-fwalk.o)
                0x0000c800                _fwalk_reent
 .text.__locale_mb_cur_max
                0x0000c848        0xc c:/progra~3/matlab/suppor~1/r2022a/3p778c~1.ins/gnuarm~1.ins/win/bin/../lib/gcc/arm-none-eabi/9.3.1/../../../../arm-none-eabi/lib/thumb/v7e-m+fp/hard\libg.a(lib_a-locale.o)
                0x0000c848                __locale_mb_cur_max
 .text._localeconv_r