Archive member included to satisfy reference by file (symbol)

C:/Users/zaree/Desktop/PERSON~1/PERSON~1/3K04_G~1/SIMULI~1/slprj/ert/_sharedutils/rtwshared.lib(rt_nonfinite.o)
                              A2_V4.o (rt_InitInfAndNaN)
C:/Users/zaree/Desktop/PERSON~1/PERSON~1/3K04_G~1/SIMULI~1/slprj/ert/_sharedutils/rtwshared.lib(rt_roundd_snf.o)
                              A2_V4.o (rt_roundd_snf)
C:/Users/zaree/Desktop/PERSON~1/PERSON~1/3K04_G~1/SIMULI~1/slprj/ert/_sharedutils/rtwshared.lib(rtGetInf.o)
                              C:/Users/zaree/Desktop/PERSON~1/PERSON~1/3K04_G~1/SIMULI~1/slprj/ert/_sharedutils/rtwshared.lib(rt_nonfinite.o) (rtGetInf)
C:/Users/zaree/Desktop/PERSON~1/PERSON~1/3K04_G~1/SIMULI~1/slprj/ert/_sharedutils/rtwshared.lib(rtGetNaN.o)
                              C:/Users/zaree/Desktop/PERSON~1/PERSON~1/3K04_G~1/SIMULI~1/slprj/ert/_sharedutils/rtwshared.lib(rt_nonfinite.o) (rtGetNaN)
C:/ProgramData/MATLAB/SupportPackages/R2022a/3P.instrset/cmsis.instrset/CMSIS/RTOS/RTX/LIB/GCC/libRTX_CM4.a(rt_cmsis.o)
                              RTX_Conf_CM.o (osKernelInitialize)
C:/ProgramData/MATLAB/SupportPackages/R2022a/3P.instrset/cmsis.instrset/CMSIS/RTOS/RTX/LIB/GCC/libRTX_CM4.a(hal_cm.o)
                              C:/ProgramData/MATLAB/SupportPackages/R2022a/3P.instrset/cmsis.instrset/CMSIS/RTOS/RTX/LIB/GCC/libRTX_CM4.a(rt_cmsis.o) (rt_ret_val)
C:/ProgramData/MATLAB/SupportPackages/R2022a/3P.instrset/cmsis.instrset/CMSIS/RTOS/RTX/LIB/GCC/libRTX_CM4.a(rt_memory.o)
                              C:/ProgramData/MATLAB/SupportPackages/R2022a/3P.instrset/cmsis.instrset/CMSIS/RTOS/RTX/LIB/GCC/libRTX_CM4.a(rt_cmsis.o) (rt_init_mem)
C:/ProgramData/MATLAB/SupportPackages/R2022a/3P.instrset/cmsis.instrset/CMSIS/RTOS/RTX/LIB/GCC/libRTX_CM4.a(rt_membox.o)
                              C:/ProgramData/MATLAB/SupportPackages/R2022a/3P.instrset/cmsis.instrset/CMSIS/RTOS/RTX/LIB/GCC/libRTX_CM4.a(rt_cmsis.o) (_init_box)
C:/ProgramData/MATLAB/SupportPackages/R2022a/3P.instrset/cmsis.instrset/CMSIS/RTOS/RTX/LIB/GCC/libRTX_CM4.a(rt_mutex.o)
                              C:/ProgramData/MATLAB/SupportPackages/R2022a/3P.instrset/cmsis.instrset/CMSIS/RTOS/RTX/LIB/GCC/libRTX_CM4.a(rt_cmsis.o) (rt_mut_init)
C:/ProgramData/MATLAB/SupportPackages/R2022a/3P.instrset/cmsis.instrset/CMSIS/RTOS/RTX/LIB/GCC/libRTX_CM4.a(rt_time.o)
                              C:/ProgramData/MATLAB/SupportPackages/R2022a/3P.instrset/cmsis.instrset/CMSIS/RTOS/RTX/LIB/GCC/libRTX_CM4.a(rt_cmsis.o) (os_time)
C:/ProgramData/MATLAB/SupportPackages/R2022a/3P.instrset/cmsis.instrset/CMSIS/RTOS/RTX/LIB/GCC/libRTX_CM4.a(rt_semaphore.o)
                              C:/ProgramData/MATLAB/SupportPackages/R2022a/3P.instrset/cmsis.instrset/CMSIS/RTOS/RTX/LIB/GCC/libRTX_CM4.a(rt_cmsis.o) (rt_sem_init)
C:/ProgramData/MATLAB/SupportPackages/R2022a/3P.instrset/cmsis.instrset/CMSIS/RTOS/RTX/LIB/GCC/libRTX_CM4.a(rt_mailbox.o)
                              C:/ProgramData/MATLAB/SupportPackages/R2022a/3P.instrset/cmsis.instrset/CMSIS/RTOS/RTX/LIB/GCC/libRTX_CM4.a(rt_cmsis.o) (rt_mbx_init)
C:/ProgramData/MATLAB/SupportPackages/R2022a/3P.instrset/cmsis.instrset/CMSIS/RTOS/RTX/LIB/GCC/libRTX_CM4.a(rt_list.o)
                              C:/ProgramData/MATLAB/SupportPackages/R2022a/3P.instrset/cmsis.instrset/CMSIS/RTOS/RTX/LIB/GCC/libRTX_CM4.a(rt_cmsis.o) (rt_put_prio)
C:/ProgramData/MATLAB/SupportPackages/R2022a/3P.instrset/cmsis.instrset/CMSIS/RTOS/RTX/LIB/GCC/libRTX_CM4.a(rt_event.o)
                              C:/ProgramData/MATLAB/SupportPackages/R2022a/3P.instrset/cmsis.instrset/CMSIS/RTOS/RTX/LIB/GCC/libRTX_CM4.a(rt_cmsis.o) (rt_evt_wait)
C:/ProgramData/MATLAB/SupportPackages/R2022a/3P.instrset/cmsis.instrset/CMSIS/RTOS/RTX/LIB/GCC/libRTX_CM4.a(rt_system.o)
                              C:/ProgramData/MATLAB/SupportPackages/R2022a/3P.instrset/cmsis.instrset/CMSIS/RTOS/RTX/LIB/GCC/libRTX_CM4.a(rt_cmsis.o) (rt_suspend)
C:/ProgramData/MATLAB/SupportPackages/R2022a/3P.instrset/cmsis.instrset/CMSIS/RTOS/RTX/LIB/GCC/libRTX_CM4.a(rt_task.o)
                              C:/ProgramData/MATLAB/SupportPackages/R2022a/3P.instrset/cmsis.instrset/CMSIS/RTOS/RTX/LIB/GCC/libRTX_CM4.a(rt_system.o) (rt_switch_req)
C:/ProgramData/MATLAB/SupportPackages/R2022a/3P.instrset/cmsis.instrset/CMSIS/RTOS/RTX/LIB/GCC/libRTX_CM4.a(hal_cm4.o)
                              C:/ProgramData/MATLAB/SupportPackages/R2022a/3P.instrset/cmsis.instrset/CMSIS/RTOS/RTX/LIB/GCC/libRTX_CM4.a(rt_task.o) (rt_get_PSP)
C:/ProgramData/MATLAB/SupportPackages/R2022a/3P.instrset/cmsis.instrset/CMSIS/RTOS/RTX/LIB/GCC/libRTX_CM4.a(svc_table.o)
                              C:/ProgramData/MATLAB/SupportPackages/R2022a/3P.instrset/cmsis.instrset/CMSIS/RTOS/RTX/LIB/GCC/libRTX_CM4.a(hal_cm4.o) (SVC_Table)
C:/ProgramData/MATLAB/SupportPackages/R2022a/3P.instrset/cmsis.instrset/CMSIS/RTOS/RTX/LIB/GCC/libRTX_CM4.a(rt_robin.o)
[...]
Memory Configuration

Name             Origin             Length             Attributes
m_interrupts     0x00000000         0x00000400         xr
m_flash_config   0x00000400         0x00000010         xr
m_text           0x00000410         0x000ffbf0         xr
m_data_2         0x1fff0000         0x00010000         rw
m_data           0x20000000         0x00030000         rw
*default*        0x00000000         0xffffffff

Linker script and memory map

LOAD c:/progra~3/matlab/suppor~1/r2022a/3p778c~1.ins/gnuarm~1.ins/win/bin/../lib/gcc/arm-none-eabi/9.3.1/thumb/v7e-m+fp/hard/crti.o
LOAD c:/progra~3/matlab/suppor~1/r2022a/3p778c~1.ins/gnuarm~1.ins/win/bin/../lib/gcc/arm-none-eabi/9.3.1/thumb/v7e-m+fp/hard/crtbegin.o
LOAD c:/progra~3/matlab/suppor~1/r2022a/3p778c~1.ins/gnuarm~1.ins/win/bin/../lib/gcc/arm-none-eabi/9.3.1/../../../../arm-none-eabi/lib/thumb/v7e-m+fp/hard/crt0.o
LOAD MW_AnalogInput.o
LOAD mw_sdk_interface.o
LOAD MW_digitalIO.o
LOAD MW_SCI.o
LOAD MW_PWM.o
LOAD i2c_api.o
LOAD MW_I2C.o
LOAD ert_main.o
LOAD A2_V4.o
LOAD A2_V4_data.o
LOAD DCM_SEND.o
LOAD startup.o
LOAD system_MK64F12.o
LOAD startup_MK64F12.o
LOAD board.o
LOAD hardware_init.o
LOAD pin_mux.o
LOAD fsl_misc_utilities.o
LOAD fsl_edma_irq.o
LOAD fsl_uart_irq.o
LOAD irq_stub.o
LOAD sbrk.o
LOAD cmsis_rtos_init.o
LOAD RTX_Conf_CM.o
LOAD mw_thread.o
LOAD mw_semaphore.o
LOAD mw_timer.o
LOAD mw_signal.o
LOAD C:/Users/zaree/Desktop/PERSON~1/PERSON~1/3K04_G~1/SIMULI~1/slprj/ert/_sharedutils/rtwshared.lib
LOAD C:/ProgramData/MATLAB/SupportPackages/R2022a/3P.instrset/cmsis.instrset/CMSIS/DSP/Lib/GCC/libarm_cortexM4lf_math.a
LOAD C:/ProgramData/MATLAB/SupportPackages/R2022a/3P.instrset/cmsis.instrset/CMSIS/RTOS/RTX/LIB/GCC/libRTX_CM4.a
LOAD C:/ProgramData/MATLAB/SupportPackages/R2022a/toolbox/target/supportpackages/freedomk64f/src/ksdk_armgcc_lib/bm/libksdk_platform.a
LOAD c:/progra~3/matlab/suppor~1/r2022a/3p778c~1.ins/gnuarm~1.ins/win/bin/../lib/gcc/arm-none-eabi/9.3.1/../../../../arm-none-eabi/lib/thumb/v7e-m+fp/hard\libstdc++.a
LOAD c:/progra~3/matlab/suppor~1/r2022a/3p778c~1.ins/gnuarm~1.ins/win/bin/../lib/gcc/arm-none-eabi/9.3.1/../../../../arm-none-eabi/lib/thumb/v7e-m+fp/hard\libm.a
START GROUP
LOAD c:/progra~3/matlab/suppor~1/r2022a/3p778c~1.ins/gnuarm~1.ins/win/bin/../lib/gcc/arm-none-eabi/9.3.1/thumb/v7e-m+fp/hard\libgcc.a
LOAD c:/progra~3/matlab/suppor~1/r2022a/3p778c~1.ins/gnuarm~1.ins/win/bin/../lib/gcc/arm-none-eabi/9.3.1/../../../../arm-none-eabi/lib/thumb/v7e-m+fp/hard\libg.a
LOAD c:/progra~3/matlab/suppor~1/r2022a/3p778c~1.ins/gnuarm~1.ins/win/bin/../lib/gcc/arm-none-eabi/9.3.1/../../../../arm-none-eabi/lib/thumb/v7e-m+fp/hard\libc.a
END GROUP
START GROUP
LOAD c:/progra~3/matlab/suppor~1/r2022a/3p778c~1.ins/gnuarm~1.ins/win/bin/../lib/gcc/arm-none-eabi/9.3.1/thumb/v7e-m+fp/hard\libgcc.a
LOAD c:/progra~3/matlab/suppor~1/r2022a/3p778c~1.ins/gnuarm~1.ins/win/bin/../lib/gcc/arm-none-eabi/9.3.1/../../../../arm-none-eabi/lib/thumb/v7e-m+fp/hard\libc.a
LOAD c:/progra~3/matlab/suppor~1/r2022a/3p778c~1.ins/gnuarm~1.ins/win/bin/../lib/gcc/arm-none-eabi/9.3.1/../../../../arm-none-eabi/lib/thumb/v7e-m+fp/hard\libnosys.a
END GROUP
LOAD c:/progra~3/matlab/suppor~1/r2022a/3p778c~1.ins/gnuarm~1.ins/win/bin/../lib/gcc/arm-none-eabi/9.3.1/thumb/v7e-m+fp/hard/crtend.o
LOAD c:/progra~3/matlab/suppor~1/r2022a/3p778c~1.ins/gnuarm~1.ins/win/bin/../lib/gcc/arm-none-eabi/9.3.1/thumb/v7e-m+fp/hard/crtn.o
                0x00000400                HEAP_SIZE = DEFINED (__heap_size__)?__heap_size__:0x400
                0x00000400                STACK_SIZE = DEFINED (__stack_size__)?__stack_size__:0x400
                0x00000000                M_VECTOR_RAM_SIZE = DEFINED (__ram_vector_table__)?0x400:0x0

.interrupts     0x00000000      0x400
                0x00000000                __VECTOR_TABLE = .
                0x00000000                . = ALIGN (0x4)
 *(.isr_vector)
 .isr_vector    0x00000000      0x400 startup_MK64F12.o
                0x00000000                __isr_vector
                0x00000400                . = ALIGN (0x4)

.flash_config   0x00000400       0x10
                0x00000400                . = ALIGN (0x4)
 *(.FlashConfig)
 .FlashConfig   0x00000400       0x10 startup_MK64F12.o
                0x00000410                . = ALIGN (0x4)

.text           0x00000440    0x11fc0
                0x00000440                . = ALIGN (0x4)
 *(.text)
 .text          0x00000440       0x40 c:/progra~3/matlab/suppor~1/r2022a/3p778c~1.ins/gnuarm~1.ins/win/bin/../lib/gcc/arm-none-eabi/9.3.1/thumb/v7e-m+fp/hard/crtbegin.o
 .text          0x00000480       0x7c c:/progra~3/matlab/suppor~1/r2022a/3p778c~1.ins/gnuarm~1.ins/win/bin/../lib/gcc/arm-none-eabi/9.3.1/../../../../arm-none-eabi/lib/thumb/v7e-m+fp/hard/crt0.o
                0x00000480                _stack_init
                0x00000488                _start
                0x00000488                _mainCRTStartup
 .text          0x000004fc       0x14 startup_MK64F12.o
                0x000004fc                Reset_Handler
                0x0000050c                ENET_Receive_IRQHandler
                0x0000050c                ENET_1588_Timer_IRQHandler
                0x0000050c                DefaultISR
                0x0000050c                PIT2_IRQHandler
                0x0000050c                PIT0_IRQHandler
                0x0000050c                ENET_Error_IRQHandler
                0x0000050c                PIT3_IRQHandler
                0x0000050c                SDHC_IRQHandler
                0x0000050c                ENET_Transmit_IRQHandler
                0x0000050c                PIT1_IRQHandler
 .text          0x00000510      0x198 C:/ProgramData/MATLAB/SupportPackages/R2022a/3P.instrset/cmsis.instrset/CMSIS/RTOS/RTX/LIB/GCC/libRTX_CM4.a(hal_cm4.o)
                0x00000510                rt_set_PSP
                0x00000516                rt_get_PSP
                0x0000051c                os_set_env
                0x00000534                _alloc_box
                0x00000550                _free_box
                0x0000056c                SVC_Handler
                0x00000612                PendSV_Handler
                0x00000618                Sys_Switch
                0x00000672                SysTick_Handler
                0x0000067c                OS_Tick_Handler
 .text          0x000006a8      0x378 c:/progra~3/matlab/suppor~1/r2022a/3p778c~1.ins/gnuarm~1.ins/win/bin/../lib/gcc/arm-none-eabi/9.3.1/thumb/v7e-m+fp/hard\libgcc.a(_arm_addsubdf3.o)
                0x000006a8                __aeabi_drsub
                0x000006b0                __aeabi_dsub
                0x000006b0                __subdf3
                0x000006b4                __aeabi_dadd
                0x000006b4                __adddf3
                0x0000092c                __floatunsidf
                0x0000092c                __aeabi_ui2d
                0x0000094c                __floatsidf
                0x0000094c                __aeabi_i2d
                0x00000970                __aeabi_f2d
                0x00000970                __extendsfdf2
                0x000009b4                __floatundidf
                0x000009b4                __aeabi_ul2d
                0x000009c4                __floatdidf
                0x000009c4                __aeabi_l2d
 .text          0x00000a20      0x424 c:/progra~3/matlab/suppor~1/r2022a/3p778c~1.ins/gnuarm~1.ins/win/bin/../lib/gcc/arm-none-eabi/9.3.1/thumb/v7e-m+fp/hard\libgcc.a(_arm_muldivdf3.o)
                0x00000a20                __aeabi_dmul
                0x00000a20                __muldf3
                0x00000c74                __divdf3
                0x00000c74                __aeabi_ddiv
 .text          0x00000e44      0x110 c:/progra~3/matlab/suppor~1/r2022a/3p778c~1.ins/gnuarm~1.ins/win/bin/../lib/gcc/arm-none-eabi/9.3.1/thumb/v7e-m+fp/hard\libgcc.a(_arm_cmpdf2.o)
                0x00000e44                __gtdf2
                0x00000e44                __gedf2
                0x00000e4c                __ltdf2
                0x00000e4c                __ledf2
                0x00000e54                __nedf2
                0x00000e54                __eqdf2
                0x00000e54                __cmpdf2
                0x00000ed0                __aeabi_cdrcmple
                0x00000ee0                __aeabi_cdcmpeq
                0x00000ee0                __aeabi_cdcmple
                0x00000ef0                __aeabi_dcmpeq
                0x00000f04                __aeabi_dcmplt
                0x00000f18                __aeabi_dcmple
                0x00000f2c                __aeabi_dcmpge
                0x00000f40                __aeabi_dcmpgt
 .text          0x00000f54       0x2c c:/progra~3/matlab/suppor~1/r2022a/3p778c~1.ins/gnuarm~1.ins/win/bin/../lib/gcc/arm-none-eabi/9.3.1/thumb/v7e-m+fp/hard\libgcc.a(_arm_unorddf2.o)
                0x00000f54                __unorddf2
                0x00000f54                __aeabi_dcmpun
 .text          0x00000f80       0x50 c:/progra~3/matlab/suppor~1/r2022a/3p778c~1.ins/gnuarm~1.ins/win/bin/../lib/gcc/arm-none-eabi/9.3.1/thumb/v7e-m+fp/hard\libgcc.a(_arm_fixdfsi.o)
                0x00000f80                __aeabi_d2iz
                0x00000f80                __fixdfsi
 .text          0x00000fd0       0x40 c:/progra~3/matlab/suppor~1/r2022a/3p778c~1.ins/gnuarm~1.ins/win/bin/../lib/gcc/arm-none-eabi/9.3.1/thumb/v7e-m+fp/hard\libgcc.a(_arm_fixunsdfsi.o)
                0x00000fd0                __aeabi_d2uiz
                0x00000fd0                __fixunsdfsi
 .text          0x00001010       0xa0 c:/progra~3/matlab/suppor~1/r2022a/3p778c~1.ins/gnuarm~1.ins/win/bin/../lib/gcc/arm-none-eabi/9.3.1/thumb/v7e-m+fp/hard\libgcc.a(_arm_truncdfsf2.o)
                0x00001010                __truncdfsf2
                0x00001010                __aeabi_d2f
 .text          0x000010b0       0x30 c:/progra~3/matlab/suppor~1/r2022a/3p778c~1.ins/gnuarm~1.ins/win/bin/../lib/gcc/arm-none-eabi/9.3.1/thumb/v7e-m+fp/hard\libgcc.a(_aeabi_uldivmod.o)
                0x000010b0                __aeabi_uldivmod
 .text          0x000010e0      0x2c4 c:/progra~3/matlab/suppor~1/r2022a/3p778c~1.ins/gnuarm~1.ins/win/bin/../lib/gcc/arm-none-eabi/9.3.1/thumb/v7e-m+fp/hard\libgcc.a(_udivmoddi4.o)
                0x000010e0                __udivmoddi4
 .text          0x000013a4      0x9b8 c:/progra~3/matlab/suppor~1/r2022a/3p778c~1.ins/gnuarm~1.ins/win/bin/../lib/gcc/arm-none-eabi/9.3.1/thumb/v7e-m+fp/hard\libgcc.a(unwind-arm.o)
                0x0000164c                _Unwind_GetCFA
                0x00001650                __gnu_Unwind_RaiseException
                0x000016b0                __gnu_Unwind_ForcedUnwind
                0x000016c4                __gnu_Unwind_Resume
                0x00001708                __gnu_Unwind_Resume_or_Rethrow
                0x00001718                _Unwind_Complete
                0x0000171c                _Unwind_DeleteException
                0x00001728                _Unwind_VRS_Get
                0x00001770                _Unwind_VRS_Set
                0x000017b8                __gnu_Unwind_Backtrace
                0x00001ad8                __aeabi_unwind_cpp_pr0
                0x00001adc                __aeabi_unwind_cpp_pr1
                0x00001ae0                __aeabi_unwind_cpp_pr2
                0x00001ae4                _Unwind_VRS_Pop
 .text          0x00001d5c      0x1ac c:/progra~3/matlab/suppor~1/r2022a/3p778c~1.ins/gnuarm~1.ins/win/bin/../lib/gcc/arm-none-eabi/9.3.1/thumb/v7e-m+fp/hard\libgcc.a(libunwind.o)
                0x00001d5c                __restore_core_regs
                0x00001d5c                restore_core_regs
                0x00001d74                __gnu_Unwind_Restore_VFP
                0x00001d7c                __gnu_Unwind_Save_VFP
                0x00001d84                __gnu_Unwind_Restore_VFP_D
                0x00001d8c                __gnu_Unwind_Save_VFP_D
                0x00001d94                __gnu_Unwind_Restore_VFP_D_16_to_31
                0x00001d9c                __gnu_Unwind_Save_VFP_D_16_to_31
                0x00001da4                __gnu_Unwind_Restore_WMMXD
                0x00001de8                __gnu_Unwind_Save_WMMXD
                0x00001e2c                __gnu_Unwind_Restore_WMMXC
                0x00001e40                __gnu_Unwind_Save_WMMXC
                0x00001e54                ___Unwind_RaiseException
                0x00001e54                _Unwind_RaiseException
                0x00001e78                _Unwind_Resume
                0x00001e78                ___Unwind_Resume
                0x00001e9c                _Unwind_Resume_or_Rethrow
                0x00001e9c                ___Unwind_Resume_or_Rethrow
                0x00001ec0                _Unwind_ForcedUnwind
                0x00001ec0                ___Unwind_ForcedUnwind
                0x00001ee4                ___Unwind_Backtrace
                0x00001ee4                _Unwind_Backtrace
 .text          0x00001f08      0x340 c:/progra~3/matlab/suppor~1/r2022a/3p778c~1.ins/gnuarm~1.ins/win/bin/../lib/gcc/arm-none-eabi/9.3.1/thumb/v7e-m+fp/hard\libgcc.a(pr-support.o)
                0x00001f60                __gnu_unwind_execute
                0x000021fc                __gnu_unwind_frame
                0x00002228                _Unwind_GetRegionStart
                0x00002234                _Unwind_GetLanguageSpecificData
 .text          0x00002248        0x4 c:/progra~3/matlab/suppor~1/r2022a/3p778c~1.ins/gnuarm~1.ins/win/bin/../lib/gcc/arm-none-eabi/9.3.1/thumb/v7e-m+fp/hard\libgcc.a(_dvmd_tls.o)
                0x00002248                __aeabi_idiv0
                0x00002248                __aeabi_ldiv0
 .text          0x0000224c      0x134 c:/progra~3/matlab/suppor~1/r2022a/3p778c~1.ins/gnuarm~1.ins/win/bin/../lib/gcc/arm-none-eabi/9.3.1/../../../../arm-none-eabi/lib/thumb/v7e-m+fp/hard\libg.a(lib_a-memcpy.o)
                0x0000224c                memcpy
 .text          0x00002380       0xa0 c:/progra~3/matlab/suppor~1/r2022a/3p778c~1.ins/gnuarm~1.ins/win/bin/../lib/gcc/arm-none-eabi/9.3.1/../../../../arm-none-eabi/lib/thumb/v7e-m+fp/hard\libg.a(lib_a-memchr.o)
                0x00002380                memchr
 *fill*         0x00002420       0x20 
 .text          0x00002440       0xdc c:/progra~3/matlab/suppor~1/r2022a/3p778c~1.ins/gnuarm~1.ins/win/bin/../lib/gcc/arm-none-eabi/9.3.1/../../../../arm-none-eabi/lib/thumb/v7e-m+fp/hard\libg.a(lib_a-strlen.o)
                0x00002440                strlen
 *(.text*)
 .text.MW_AnalogInSingle_Open
                0x0000251c       0xa8 MW_AnalogInput.o
                0x0000251c                MW_AnalogInSingle_Open
 .text.MW_AnalogIn_SetTriggerSource
                0x000025c4       0x1a MW_AnalogInput.o
                0x000025c4                MW_AnalogIn_SetTriggerSource
 *fill*         0x000025de        0x2 
 .text.MW_AnalogInSingle_ReadResult
                0x000025e0       0xb8 MW_AnalogInput.o
                0x000025e0                MW_AnalogInSingle_ReadResult
 .text.MW_AnalogIn_Start
                0x00002698       0x14 MW_AnalogInput.o
                0x00002698                MW_AnalogIn_Start
 .text.MW_AnalogIn_Stop
                0x000026ac       0x14 MW_AnalogInput.o
                0x000026ac                MW_AnalogIn_Stop
 .text.MW_AnalogIn_Close
                0x000026c0       0x14 MW_AnalogInput.o
                0x000026c0                MW_AnalogIn_Close
 .text.MW_digitalIO_open
                0x000026d4       0xe0 MW_digitalIO.o
                0x000026d4                MW_digitalIO_open
 .text.MW_digitalIO_read
                0x000027b4       0x70 MW_digitalIO.o
                0x000027b4                MW_digitalIO_read
 .text.MW_digitalIO_write
                0x00002824       0x7e MW_digitalIO.o
                0x00002824                MW_digitalIO_write
 .text.MW_digitalIO_close
                0x000028a2       0x3c MW_digitalIO.o
                0x000028a2                MW_digitalIO_close
 *fill*         0x000028de        0x2 
 .text.EDMA_HAL_HTCDSetDestAddr
                0x000028e0       0x48 MW_SCI.o
 .text.EDMA_HAL_HTCDSetIntCmd
                0x00002928       0x58 MW_SCI.o
 .text.MW_SCI_Open
                0x00002980      0x5b0 MW_SCI.o
                0x00002980                MW_SCI_Open
 .text.MW_SCI_SetBaudrate
                0x00002f30       0x18 MW_SCI.o
                0x00002f30                MW_SCI_SetBaudrate
 .text.MW_SCI_SetFrameFormat
                0x00002f48       0x28 MW_SCI.o
                0x00002f48                MW_SCI_SetFrameFormat
 .text.MW_SCI_Receive
                0x00002f70       0xa4 MW_SCI.o
                0x00002f70                MW_SCI_Receive
 .text.MW_SCI_Transmit
                0x00003014       0x80 MW_SCI.o
                0x00003014                MW_SCI_Transmit
 .text.MW_SCI_Close
                0x00003094       0x14 MW_SCI.o
                0x00003094                MW_SCI_Close
 .text.MW_UART_DRV_EdmaStartReceiveData
                0x000030a8       0xac MW_SCI.o
 .text.MW_UART_DRV_EdmaRxCallback
                0x00003154       0x1c MW_SCI.o
 .text.MW_UART_DRV_EdmaCompleteReceiveData
                0x00003170      0x120 MW_SCI.o
 .text.PORT_HAL_SetMuxMode
                0x00003290       0x58 MW_PWM.o
 .text.FTM_HAL_SetClockSource
                0x000032e8       0x2e MW_PWM.o
 *fill*         0x00003316        0x2 
 .text.MW_PWM_Open
                0x00003318      0x164 MW_PWM.o
                0x00003318                MW_PWM_Open
 .text.MW_PWM_Start
                0x0000347c       0x14 MW_PWM.o
                0x0000347c                MW_PWM_Start
 .text.MW_PWM_SetDutyCycle
                0x00003490       0x7c MW_PWM.o
                0x00003490                MW_PWM_SetDutyCycle
 .text.MW_PWM_Stop
                0x0000350c       0x2c MW_PWM.o
                0x0000350c                MW_PWM_Stop
 .text.MW_PWM_Close
                0x00003538       0x14 MW_PWM.o
                0x00003538                MW_PWM_Close
 .text.CLOCK_SYS_GetI2cFreq
                0x0000354c       0x16 i2c_api.o
 .text.I2C_HAL_Enable
                0x00003562       0x28 i2c_api.o
 .text.I2C_HAL_SendAck
                0x0000358a       0x28 i2c_api.o
 .text.I2C_HAL_SendNak
                0x000035b2       0x28 i2c_api.o
 .text.I2C_HAL_SetDirMode
                0x000035da       0x2e i2c_api.o
 .text.I2C_HAL_ReadByte
                0x00003608       0x1a i2c_api.o
 .text.I2C_HAL_WriteByte
                0x00003622       0x1e i2c_api.o
 .text.I2C_HAL_GetStatusFlag
                0x00003640       0x34 i2c_api.o
 .text.I2C_HAL_IsMaster
                0x00003674       0x32 i2c_api.o
 .text.I2C_HAL_SetIntCmd
                0x000036a6       0x2c i2c_api.o
 .text.I2C_HAL_ClearInt
                0x000036d2       0x1a i2c_api.o
 .text.PORT_HAL_SetOpenDrainCmd
                0x000036ec       0x50 i2c_api.o
 .text.PORT_HAL_SetMuxMode
                0x0000373c       0x58 i2c_api.o
 .text.i2c_init
                0x00003794       0x54 i2c_api.o
                0x00003794                i2c_init
 .text.i2c_start
                0x000037e8       0x28 i2c_api.o
                0x000037e8                i2c_start
 .text.i2c_stop
                0x00003810       0x50 i2c_api.o
                0x00003810                i2c_stop
 .text.timeout_status_poll
                0x00003860       0x58 i2c_api.o
 .text.i2c_wait_end_tx_transfer
                0x000038b8       0x54 i2c_api.o
 .text.i2c_wait_end_rx_transfer
                0x0000390c       0x3c i2c_api.o
 .text.i2c_do_write
                0x00003948       0x38 i2c_api.o
 .text.i2c_do_read
                0x00003980       0x50 i2c_api.o
 .text.i2c_frequency
                0x000039d0       0x50 i2c_api.o
                0x000039d0                i2c_frequency
 .text.i2c_read
                0x00003a20       0xe0 i2c_api.o
                0x00003a20                i2c_read
 .text.i2c_write
                0x00003b00       0x90 i2c_api.o
                0x00003b00                i2c_write
 .text.configure_i2c_pins
                0x00003b90       0x7c i2c_api.o
                0x00003b90                configure_i2c_pins
 .text.MW_I2C_Open
                0x00003c0c       0x48 MW_I2C.o
                0x00003c0c                MW_I2C_Open
 .text.MW_I2C_SetBusSpeed
                0x00003c54       0x2e MW_I2C.o
                0x00003c54                MW_I2C_SetBusSpeed
 .text.MW_I2C_MasterRead
                0x00003c82       0x68 MW_I2C.o
                0x00003c82                MW_I2C_MasterRead
 .text.MW_I2C_MasterWrite
                0x00003cea       0x68 MW_I2C.o
                0x00003cea                MW_I2C_MasterWrite
 .text.MW_I2C_Close
                0x00003d52       0x14 MW_I2C.o
                0x00003d52                MW_I2C_Close
 *fill*         0x00003d66        0x2 
 .text.baseRateTask
                0x00003d68       0x7c ert_main.o
                0x00003d68                baseRateTask
 .text.terminateTask
                0x00003de4       0x34 ert_main.o
                0x00003de4                terminateTask
 .text.main     0x00003e18       0x48 ert_main.o
                0x00003e18                main
 .text.A2_V4_bitshift_anonFcn1
                0x00003e60       0xb4 A2_V4.o
 .text.A2_V4_PROXY_d0h
                0x00003f14       0xb0 A2_V4.o
 .text.A2_V4_CHARGING
                0x00003fc4      0x18c A2_V4.o
 .text.A2_V4_PROXY
                0x00004150       0xb0 A2_V4.o
 .text.A2_V4_CHARGING_i
                0x00004200      0x18c A2_V4.o
 .text.A2_V4_PROXY_d
                0x0000438c       0xb0 A2_V4.o
 .text.A2_V4_CHARGING_i5
                0x0000443c      0x144 A2_V4.o
 .text.A2_V4_CHARGING_i53
                0x00004580      0x144 A2_V4.o
 .text.A2_V4_VENT_CHARGING
                0x000046c4      0x15c A2_V4.o
 .text.A2_V4_VENT_CHARGING1
                0x00004820      0x15c A2_V4.o
 .text.A2_V4_Start
                0x0000497c      0x108 A2_V4.o
 .text.A2_V4_CHARGING_i53k
                0x00004a84      0x144 A2_V4.o
 .text.A2_V4_CHARGING_i53ko
                0x00004bc8      0x144 A2_V4.o
 .text.A2_V4_CHARGING_i53koo
                0x00004d0c      0x18c A2_V4.o
 .text.A2_V4_PROXY_d0
                0x00004e98       0xb0 A2_V4.o
 .text.A2_V4_CHARGING_i53kooo
                0x00004f48      0x18c A2_V4.o
 .text.A2_V4_SystemCore_setup_nl
                0x000050d4      0x1a4 A2_V4.o
 .text.A2_V4_SystemCore_setup_nlg
                0x00005278       0x48 A2_V4.o
 .text.A2_V4_SystemCore_setup_n
                0x000052c0       0x88 A2_V4.o
 .text.A2_V4_step
                0x00005348     0x246c A2_V4.o
                0x00005348                A2_V4_step
 *fill*         0x000077b4        0x4 
 .text.A2_V4_initialize
                0x000077b8      0x7e0 A2_V4.o
                0x000077b8                A2_V4_initialize
 .text.A2_V4_terminate
                0x00007f98      0x470 A2_V4.o
                0x00007f98                A2_V4_terminate
 .text.A2_V4_SystemCore_setup
                0x00008408       0x64 DCM_SEND.o
 .text.DCM_SEND_Init
                0x0000846c       0x28 DCM_SEND.o
                0x0000846c                DCM_SEND_Init
 .text.DCM_SEND
                0x00008494      0x560 DCM_SEND.o
                0x00008494                DCM_SEND
 .text.DCM_SEND_Term
                0x000089f4       0x40 DCM_SEND.o
                0x000089f4                DCM_SEND_Term
 .text.init_data_bss
                0x00008a34       0xd0 startup.o
                0x00008a34                init_data_bss
 .text.SystemInit
                0x00008b04      0x1dc system_MK64F12.o
                0x00008b04                SystemInit
 .text.SystemCoreClockUpdate
                0x00008ce0      0x290 system_MK64F12.o
                0x00008ce0                SystemCoreClockUpdate
 .text.PORT_HAL_SetMuxMode
                0x00008f70       0x58 board.o
 .text.SMC_HAL_SetProtection
                0x00008fc8       0x1e board.o
 *fill*         0x00008fe6        0x2 
 .text.BOARD_InitOsc0
                0x00008fe8       0x30 board.o
                0x00008fe8                BOARD_InitOsc0
 .text.BOARD_InitRtcOsc
                0x00009018       0x28 board.o
                0x00009018                BOARD_InitRtcOsc
 .text.BOARD_ClockInit
                0x00009040       0x34 board.o
                0x00009040                BOARD_ClockInit
 .text.hardware_init
                0x00009074       0x30 hardware_init.o
                0x00009074                hardware_init
 .text.PORT_HAL_SetMuxMode
                0x000090a4       0x58 pin_mux.o
 .text.SIM_HAL_EnableClock
                0x000090fc       0x44 pin_mux.o
 .text.configure_uart_pins
                0x00009140      0x194 pin_mux.o
                0x00009140                configure_uart_pins
 .text.DMA0_IRQHandler
                0x000092d4        0xe fsl_edma_irq.o
                0x000092d4                DMA0_IRQHandler
 .text.DMA1_IRQHandler
                0x000092e2        0xe fsl_edma_irq.o
                0x000092e2                DMA1_IRQHandler
 .text.DMA2_IRQHandler
                0x000092f0        0xe fsl_edma_irq.o
                0x000092f0                DMA2_IRQHandler
 .text.DMA3_IRQHandler
                0x000092fe        0xe fsl_edma_irq.o
                0x000092fe                DMA3_IRQHandler
 .text.DMA4_IRQHandler
                0x0000930c        0xe fsl_edma_irq.o
                0x0000930c                DMA4_IRQHandler
 .text.DMA5_IRQHandler
                0x0000931a        0xe fsl_edma_irq.o
                0x0000931a                DMA5_IRQHandler
 .text.DMA6_IRQHandler
                0x00009328        0xe fsl_edma_irq.o
                0x00009328                DMA6_IRQHandler
 .text.DMA7_IRQHandler
                0x00009336        0xe fsl_edma_irq.o
                0x00009336                DMA7_IRQHandler
 .text.DMA8_IRQHandler
                0x00009344        0xe fsl_edma_irq.o
                0x00009344                DMA8_IRQHandler
 .text.DMA9_IRQHandler
                0x00009352        0xe fsl_edma_irq.o
                0x00009352                DMA9_IRQHandler
 .text.DMA10_IRQHandler
                0x00009360        0xe fsl_edma_irq.o
                0x00009360                DMA10_IRQHandler
 .text.DMA11_IRQHandler
                0x0000936e        0xe fsl_edma_irq.o
                0x0000936e                DMA11_IRQHandler
 .text.DMA12_IRQHandler
                0x0000937c        0xe fsl_edma_irq.o
                0x0000937c                DMA12_IRQHandler
 .text.DMA13_IRQHandler
                0x0000938a        0xe fsl_edma_irq.o
                0x0000938a                DMA13_IRQHandler
 .text.DMA14_IRQHandler
                0x00009398        0xe fsl_edma_irq.o
                0x00009398                DMA14_IRQHandler
 .text.DMA15_IRQHandler
                0x000093a6        0xe fsl_edma_irq.o
                0x000093a6                DMA15_IRQHandler
 .text.DMA_Error_IRQHandler
                0x000093b4        0xe fsl_edma_irq.o
                0x000093b4                DMA_Error_IRQHandler
 .text.UART0_RX_TX_IRQHandler
                0x000093c2        0xe fsl_uart_irq.o
                0x000093c2                UART0_RX_TX_IRQHandler
 .text.UART1_RX_TX_IRQHandler
                0x000093d0        0xe fsl_uart_irq.o
                0x000093d0                UART1_RX_TX_IRQHandler
 .text.UART2_RX_TX_IRQHandler
                0x000093de        0xe fsl_uart_irq.o
                0x000093de                UART2_RX_TX_IRQHandler
 .text.UART3_RX_TX_IRQHandler
                0x000093ec        0xe fsl_uart_irq.o
                0x000093ec                UART3_RX_TX_IRQHandler
 .text.UART4_RX_TX_IRQHandler
                0x000093fa        0xe fsl_uart_irq.o
                0x000093fa                UART4_RX_TX_IRQHandler
 .text.UART5_RX_TX_IRQHandler
                0x00009408        0xe fsl_uart_irq.o
                0x00009408                UART5_RX_TX_IRQHandler
 .text.NMI_Handler
                0x00009416        0x6 irq_stub.o
                0x00009416                NMI_Handler
 .text.HardFault_Handler
                0x0000941c        0x6 irq_stub.o
                0x0000941c                HardFault_Handler
 .text.MemManage_Handler
                0x00009422        0x6 irq_stub.o
                0x00009422                MemManage_Handler
 .text.BusFault_Handler
                0x00009428        0x6 irq_stub.o
                0x00009428                BusFault_Handler
 .text.UsageFault_Handler
                0x0000942e        0x6 irq_stub.o
                0x0000942e                UsageFault_Handler
 .text.DebugMon_Handler
                0x00009434        0x6 irq_stub.o
                0x00009434                DebugMon_Handler
 .text.MCM_IRQHandler
                0x0000943a        0x6 irq_stub.o
                0x0000943a                MCM_IRQHandler
 .text.FTFE_IRQHandler
                0x00009440        0x6 irq_stub.o
                0x00009440                FTFE_IRQHandler
 .text.Read_Collision_IRQHandler
                0x00009446        0x6 irq_stub.o
                0x00009446                Read_Collision_IRQHandler
 .text.LVD_LVW_IRQHandler
                0x0000944c        0x6 irq_stub.o
                0x0000944c                LVD_LVW_IRQHandler
 .text.LLWU_IRQHandler
                0x00009452        0x6 irq_stub.o
                0x00009452                LLWU_IRQHandler
 .text.WDOG_EWM_IRQHandler
                0x00009458        0x6 irq_stub.o
                0x00009458                WDOG_EWM_IRQHandler
 .text.RNG_IRQHandler
                0x0000945e        0x6 irq_stub.o
                0x0000945e                RNG_IRQHandler
 .text.I2C0_IRQHandler
                0x00009464        0x6 irq_stub.o
                0x00009464                I2C0_IRQHandler
 .text.I2C1_IRQHandler
                0x0000946a        0x6 irq_stub.o
                0x0000946a                I2C1_IRQHandler
 .text.SPI0_IRQHandler
                0x00009470        0x6 irq_stub.o
                0x00009470                SPI0_IRQHandler
 .text.SPI1_IRQHandler
                0x00009476        0x6 irq_stub.o
                0x00009476                SPI1_IRQHandler
 .text.I2S0_Tx_IRQHandler
                0x0000947c        0x6 irq_stub.o
                0x0000947c                I2S0_Tx_IRQHandler
 .text.I2S0_Rx_IRQHandler
                0x00009482        0x6 irq_stub.o
                0x00009482                I2S0_Rx_IRQHandler
 .text.UART0_LON_IRQHandler
                0x00009488        0x6 irq_stub.o
                0x00009488                UART0_LON_IRQHandler
 .text.UART0_ERR_IRQHandler
                0x0000948e        0x6 irq_stub.o
                0x0000948e                UART0_ERR_IRQHandler
 .text.UART1_ERR_IRQHandler
                0x00009494        0x6 irq_stub.o
                0x00009494                UART1_ERR_IRQHandler
 .text.UART2_ERR_IRQHandler
                0x0000949a        0x6 irq_stub.o
                0x0000949a                UART2_ERR_IRQHandler
 .text.UART3_ERR_IRQHandler
                0x000094a0        0x6 irq_stub.o
                0x000094a0                UART3_ERR_IRQHandler
 .text.ADC0_IRQHandler
                0x000094a6        0x6 irq_stub.o
                0x000094a6                ADC0_IRQHandler
 .text.CMP0_IRQHandler
                0x000094ac        0x6 irq_stub.o
                0x000094ac                CMP0_IRQHandler
 .text.CMP1_IRQHandler
                0x000094b2        0x6 irq_stub.o
                0x000094b2                CMP1_IRQHandler
 .text.FTM0_IRQHandler
                0x000094b8        0x6 irq_stub.o
                0x000094b8                FTM0_IRQHandler
 .text.FTM1_IRQHandler
                0x000094be        0x6 irq_stub.o
                0x000094be                FTM1_IRQHandler
 .text.FTM2_IRQHandler
                0x000094c4        0x6 irq_stub.o
                0x000094c4                FTM2_IRQHandler
 .text.CMT_IRQHandler
                0x000094ca        0x6 irq_stub.o
                0x000094ca                CMT_IRQHandler
 .text.RTC_IRQHandler
                0x000094d0        0x6 irq_stub.o
                0x000094d0                RTC_IRQHandler
 .text.RTC_Seconds_IRQHandler
                0x000094d6        0x6 irq_stub.o
                0x000094d6                RTC_Seconds_IRQHandler
 .text.PDB0_IRQHandler
                0x000094dc        0x6 irq_stub.o
                0x000094dc                PDB0_IRQHandler
 .text.USB0_IRQHandler
                0x000094e2        0x6 irq_stub.o
                0x000094e2                USB0_IRQHandler
 .text.USBDCD_IRQHandler
                0x000094e8        0x6 irq_stub.o
                0x000094e8                USBDCD_IRQHandler
 .text.Reserved71_IRQHandler
                0x000094ee        0x6 irq_stub.o
                0x000094ee                Reserved71_IRQHandler
 .text.DAC0_IRQHandler
                0x000094f4        0x6 irq_stub.o
                0x000094f4                DAC0_IRQHandler
 .text.MCG_IRQHandler
                0x000094fa        0x6 irq_stub.o
                0x000094fa                MCG_IRQHandler
 .text.LPTMR0_IRQHandler
                0x00009500        0x6 irq_stub.o
                0x00009500                LPTMR0_IRQHandler
 .text.PORTA_IRQHandler
                0x00009506        0x6 irq_stub.o
                0x00009506                PORTA_IRQHandler
 .text.PORTB_IRQHandler
                0x0000950c        0x6 irq_stub.o
                0x0000950c                PORTB_IRQHandler
 .text.PORTC_IRQHandler
                0x00009512        0x6 irq_stub.o
                0x00009512                PORTC_IRQHandler
 .text.PORTD_IRQHandler
                0x00009518        0x6 irq_stub.o
                0x00009518                PORTD_IRQHandler
 .text.PORTE_IRQHandler
                0x0000951e        0x6 irq_stub.o
                0x0000951e                PORTE_IRQHandler
 .text.SWI_IRQHandler
                0x00009524        0x6 irq_stub.o
                0x00009524                SWI_IRQHandler
 .text.SPI2_IRQHandler
                0x0000952a        0x6 irq_stub.o
                0x0000952a                SPI2_IRQHandler
 .text.UART4_ERR_IRQHandler
                0x00009530        0x6 irq_stub.o
                0x00009530                UART4_ERR_IRQHandler
 .text.UART5_ERR_IRQHandler
                0x00009536        0x6 irq_stub.o
                0x00009536                UART5_ERR_IRQHandler
 .text.CMP2_IRQHandler
                0x0000953c        0x6 irq_stub.o
                0x0000953c                CMP2_IRQHandler
 .text.FTM3_IRQHandler
                0x00009542        0x6 irq_stub.o
                0x00009542                FTM3_IRQHandler
 .text.DAC1_IRQHandler
                0x00009548        0x6 irq_stub.o
                0x00009548                DAC1_IRQHandler
 .text.ADC1_IRQHandler
                0x0000954e        0x6 irq_stub.o
                0x0000954e                ADC1_IRQHandler
 .text.I2C2_IRQHandler
                0x00009554        0x6 irq_stub.o
                0x00009554                I2C2_IRQHandler
 .text.CAN0_ORed_Message_buffer_IRQHandler
                0x0000955a        0x6 irq_stub.o
                0x0000955a                CAN0_ORed_Message_buffer_IRQHandler
 .text.CAN0_Bus_Off_IRQHandler
                0x00009560        0x6 irq_stub.o
                0x00009560                CAN0_Bus_Off_IRQHandler
 .text.CAN0_Error_IRQHandler
                0x00009566        0x6 irq_stub.o
                0x00009566                CAN0_Error_IRQHandler
 .text.CAN0_Tx_Warning_IRQHandler
                0x0000956c        0x6 irq_stub.o
                0x0000956c                CAN0_Tx_Warning_IRQHandler
 .text.CAN0_Rx_Warning_IRQHandler
                0x00009572        0x6 irq_stub.o
                0x00009572                CAN0_Rx_Warning_IRQHandler
 .text.CAN0_Wake_Up_IRQHandler
                0x00009578        0x6 irq_stub.o
                0x00009578                CAN0_Wake_Up_IRQHandler
 *fill*         0x0000957e        0x2 
 .text._sbrk    0x00009580       0x5c sbrk.o
                0x00009580                _sbrk
 .text.schedulerTask
                0x000095dc       0x1c cmsis_rtos_init.o
                0x000095dc                schedulerTask
 .text.mw_initSignalEvents
                0x000095f8       0x40 cmsis_rtos_init.o
                0x000095f8                mw_initSignalEvents
 .text.mw_RTOSInit
                0x00009638       0x8c cmsis_rtos_init.o
                0x00009638                mw_RTOSInit
 .text.os_idle_demon
                0x000096c4        0x8 RTX_Conf_CM.o
                0x000096c4                os_idle_demon
 .text.os_error
                0x000096cc       0x2c RTX_Conf_CM.o
                0x000096cc                os_error
 .text.rt_init_robin
                0x000096f8        0x4 RTX_Conf_CM.o
                0x000096f8                rt_init_robin
 .text.rt_chk_robin
                0x000096fc        0x4 RTX_Conf_CM.o
                0x000096fc                rt_chk_robin
 .text.software_init_hook
                0x00009700       0x34 RTX_Conf_CM.o
                0x00009700                software_init_hook
 .text.mw_osThreadCreate
                0x00009734       0x52 mw_thread.o
                0x00009734                mw_osThreadCreate
 .text.mw_osThreadGetId
                0x00009786        0xe mw_thread.o
                0x00009786                mw_osThreadGetId
 .text.mw_osThreadExit
                0x00009794       0x22 mw_thread.o
                0x00009794                mw_osThreadExit
 .text.mw_osTimerCreate
                0x000097b6       0x4e mw_timer.o
                0x000097b6                mw_osTimerCreate
 .text.mw_osTimerStart
                0x00009804       0x24 mw_timer.o
                0x00009804                mw_osTimerStart
 .text.mw_osSignalSet
                0x00009828       0x2e mw_signal.o
                0x00009828                mw_osSignalSet
 .text.mw_osSignalClear
                0x00009856       0x26 mw_signal.o
                0x00009856                mw_osSignalClear
 .text.mw_osSignalWaitEver
                0x0000987c       0x20 mw_signal.o
                0x0000987c                mw_osSignalWaitEver
 .text.mw_osSignalEventCreate
                0x0000989c       0x20 mw_signal.o
                0x0000989c                mw_osSignalEventCreate
 .text.mw_osSignalEventRelease
                0x000098bc       0x26 mw_signal.o
                0x000098bc                mw_osSignalEventRelease
 .text.mw_osSignalEventWaitEver
                0x000098e2       0x34 mw_signal.o
                0x000098e2                mw_osSignalEventWaitEver
 *fill*         0x00009916        0x2 
 .text.rt_InitInfAndNaN
                0x00009918       0x88 C:/Users/zaree/Desktop/PERSON~1/PERSON~1/3K04_G~1/SIMULI~1/slprj/ert/_sharedutils/rtwshared.lib(rt_nonfinite.o)
                0x00009918                rt_InitInfAndNaN
 .text.rtIsInf  0x000099a0       0x48 C:/Users/zaree/Desktop/PERSON~1/PERSON~1/3K04_G~1/SIMULI~1/slprj/ert/_sharedutils/rtwshared.lib(rt_nonfinite.o)
                0x000099a0                rtIsInf
 .text.rtIsNaN  0x000099e8       0x6c C:/Users/zaree/Desktop/PERSON~1/PERSON~1/3K04_G~1/SIMULI~1/slprj/ert/_sharedutils/rtwshared.lib(rt_nonfinite.o)
                0x000099e8                rtIsNaN
 .text.rtIsNaNF
                0x00009a54       0x38 C:/Users/zaree/Desktop/PERSON~1/PERSON~1/3K04_G~1/SIMULI~1/slprj/ert/_sharedutils/rtwshared.lib(rt_nonfinite.o)
                0x00009a54                rtIsNaNF
 .text.rt_roundd_snf
                0x00009a8c       0xf4 C:/Users/zaree/Desktop/PERSON~1/PERSON~1/3K04_G~1/SIMULI~1/slprj/ert/_sharedutils/rtwshared.lib(rt_roundd_snf.o)
                0x00009a8c                rt_roundd_snf
 .text.rtGetInf
                0x00009b80       0x60 C:/Users/zaree/Desktop/PERSON~1/PERSON~1/3K04_G~1/SIMULI~1/slprj/ert/_sharedutils/rtwshared.lib(rtGetInf.o)
                0x00009b80                rtGetInf
 .text.rtGetInfF
                0x00009be0       0x20 C:/Users/zaree/Desktop/PERSON~1/PERSON~1/3K04_G~1/SIMULI~1/slprj/ert/_sharedutils/rtwshared.lib(rtGetInf.o)
                0x00009be0                rtGetInfF
 .text.rtGetMinusInf
                0x00009c00       0x60 C:/Users/zaree/Desktop/PERSON~1/PERSON~1/3K04_G~1/SIMULI~1/slprj/ert/_sharedutils/rtwshared.lib(rtGetInf.o)
                0x00009c00                rtGetMinusInf
 .text.rtGetMinusInfF
                0x00009c60       0x24 C:/Users/zaree/Desktop/PERSON~1/PERSON~1/3K04_G~1/SIMULI~1/slprj/ert/_sharedutils/rtwshared.lib(rtGetInf.o)
                0x00009c60                rtGetMinusInfF
 .text.rtGetNaN
                0x00009c84       0x60 C:/Users/zaree/Desktop/PERSON~1/PERSON~1/3K04_G~1/SIMULI~1/slprj/ert/_sharedutils/rtwshared.lib(rtGetNaN.o)
                0x00009c84                rtGetNaN
 .text.rtGetNaNF
                0x00009ce4       0x28 C:/Users/zaree/Desktop/PERSON~1/PERSON~1/3K04_G~1/SIMULI~1/slprj/ert/_sharedutils/rtwshared.lib(rtGetNaN.o)
                0x00009ce4                rtGetNaNF
 .text.osThreadExit
                0x00009d0c       0x18 C:/ProgramData/MATLAB/SupportPackages/R2022a/3P.instrset/cmsis.instrset/CMSIS/RTOS/RTX/LIB/GCC/libRTX_CM4.a(rt_cmsis.o)
                0x00009d0c                osThreadExit
 .text.svcKernelInitialize
                0x00009d24      0x104 C:/ProgramData/MATLAB/SupportPackages/R2022a/3P.instrset/cmsis.instrset/CMSIS/RTOS/RTX/LIB/GCC/libRTX_CM4.a(rt_cmsis.o)
                0x00009d24                svcKernelInitialize
 .text.svcKernelStart
                0x00009e28       0x48 C:/ProgramData/MATLAB/SupportPackages/R2022a/3P.instrset/cmsis.instrset/CMSIS/RTOS/RTX/LIB/GCC/libRTX_CM4.a(rt_cmsis.o)
                0x00009e28                svcKernelStart
 .text.osKernelInitialize
                0x00009e70       0x28 C:/ProgramData/MATLAB/SupportPackages/R2022a/3P.instrset/cmsis.instrset/CMSIS/RTOS/RTX/LIB/GCC/libRTX_CM4.a(rt_cmsis.o)
                0x00009e70                osKernelInitialize
 .text.osKernelStart
                0x00009e98       0x74 C:/ProgramData/MATLAB/SupportPackages/R2022a/3P.instrset/cmsis.instrset/CMSIS/RTOS/RTX/LIB/GCC/libRTX_CM4.a(rt_cmsis.o)
                0x00009e98                osKernelStart
 .text.svcThreadCreate
                0x00009f0c       0x7c C:/ProgramData/MATLAB/SupportPackages/R2022a/3P.instrset/cmsis.instrset/CMSIS/RTOS/RTX/LIB/GCC/libRTX_CM4.a(rt_cmsis.o)
                0x00009f0c                svcThreadCreate
 .text.svcThreadGetId
                0x00009f88       0x18 C:/ProgramData/MATLAB/SupportPackages/R2022a/3P.instrset/cmsis.instrset/CMSIS/RTOS/RTX/LIB/GCC/libRTX_CM4.a(rt_cmsis.o)
                0x00009f88                svcThreadGetId
 .text.svcThreadTerminate
                0x00009fa0       0x48 C:/ProgramData/MATLAB/SupportPackages/R2022a/3P.instrset/cmsis.instrset/CMSIS/RTOS/RTX/LIB/GCC/libRTX_CM4.a(rt_cmsis.o)
                0x00009fa0                svcThreadTerminate
 .text.osThreadCreate
                0x00009fe8       0xa4 C:/ProgramData/MATLAB/SupportPackages/R2022a/3P.instrset/cmsis.instrset/CMSIS/RTOS/RTX/LIB/GCC/libRTX_CM4.a(rt_cmsis.o)
                0x00009fe8                osThreadCreate
 .text.osThreadGetId
                0x0000a08c       0x18 C:/ProgramData/MATLAB/SupportPackages/R2022a/3P.instrset/cmsis.instrset/CMSIS/RTOS/RTX/LIB/GCC/libRTX_CM4.a(rt_cmsis.o)
                0x0000a08c                osThreadGetId
 .text.osThreadTerminate
                0x0000a0a4       0x18 C:/ProgramData/MATLAB/SupportPackages/R2022a/3P.instrset/cmsis.instrset/CMSIS/RTOS/RTX/LIB/GCC/libRTX_CM4.a(rt_cmsis.o)
                0x0000a0a4                osThreadTerminate
 .text.svcTimerCreate
                0x0000a0bc       0x40 C:/ProgramData/MATLAB/SupportPackages/R2022a/3P.instrset/cmsis.instrset/CMSIS/RTOS/RTX/LIB/GCC/libRTX_CM4.a(rt_cmsis.o)
                0x0000a0bc                svcTimerCreate
 .text.svcTimerStart
                0x0000a0fc       0xdc C:/ProgramData/MATLAB/SupportPackages/R2022a/3P.instrset/cmsis.instrset/CMSIS/RTOS/RTX/LIB/GCC/libRTX_CM4.a(rt_cmsis.o)
                0x0000a0fc                svcTimerStart
 .text.svcTimerCall
                0x0000a1d8       0x18 C:/ProgramData/MATLAB/SupportPackages/R2022a/3P.instrset/cmsis.instrset/CMSIS/RTOS/RTX/LIB/GCC/libRTX_CM4.a(rt_cmsis.o)
                0x0000a1d8                svcTimerCall
 .text.sysTimerTick
                0x0000a1f0       0xc8 C:/ProgramData/MATLAB/SupportPackages/R2022a/3P.instrset/cmsis.instrset/CMSIS/RTOS/RTX/LIB/GCC/libRTX_CM4.a(rt_cmsis.o)
                0x0000a1f0                sysTimerTick
 .text.osTimerCreate
                0x0000a2b8       0x68 C:/ProgramData/MATLAB/SupportPackages/R2022a/3P.instrset/cmsis.instrset/CMSIS/RTOS/RTX/LIB/GCC/libRTX_CM4.a(rt_cmsis.o)
                0x0000a2b8                osTimerCreate
 .text.osTimerStart
                0x0000a320       0x18 C:/ProgramData/MATLAB/SupportPackages/R2022a/3P.instrset/cmsis.instrset/CMSIS/RTOS/RTX/LIB/GCC/libRTX_CM4.a(rt_cmsis.o)
                0x0000a320                osTimerStart
 .text.osTimerThread
                0x0000a338       0x3c C:/ProgramData/MATLAB/SupportPackages/R2022a/3P.instrset/cmsis.instrset/CMSIS/RTOS/RTX/LIB/GCC/libRTX_CM4.a(rt_cmsis.o)
                0x0000a338                osTimerThread
 .text.svcSignalSet
                0x0000a374       0x2c C:/ProgramData/MATLAB/SupportPackages/R2022a/3P.instrset/cmsis.instrset/CMSIS/RTOS/RTX/LIB/GCC/libRTX_CM4.a(rt_cmsis.o)
                0x0000a374                svcSignalSet
 .text.svcSignalClear
                0x0000a3a0       0x2c C:/ProgramData/MATLAB/SupportPackages/R2022a/3P.instrset/cmsis.instrset/CMSIS/RTOS/RTX/LIB/GCC/libRTX_CM4.a(rt_cmsis.o)
                0x0000a3a0                svcSignalClear
 .text.svcSignalWait
                0x0000a3cc      0x100 C:/ProgramData/MATLAB/SupportPackages/R2022a/3P.instrset/cmsis.instrset/CMSIS/RTOS/RTX/LIB/GCC/libRTX_CM4.a(rt_cmsis.o)
                0x0000a3cc                svcSignalWait
 .text.osSignalSet
                0x0000a4cc       0x40 C:/ProgramData/MATLAB/SupportPackages/R2022a/3P.instrset/cmsis.instrset/CMSIS/RTOS/RTX/LIB/GCC/libRTX_CM4.a(rt_cmsis.o)
                0x0000a4cc                osSignalSet
 .text.osSignalClear
                0x0000a50c       0x1c C:/ProgramData/MATLAB/SupportPackages/R2022a/3P.instrset/cmsis.instrset/CMSIS/RTOS/RTX/LIB/GCC/libRTX_CM4.a(rt_cmsis.o)
                0x0000a50c                osSignalClear
 .text.osSignalWait
                0x0000a528       0x2c C:/ProgramData/MATLAB/SupportPackages/R2022a/3P.instrset/cmsis.instrset/CMSIS/RTOS/RTX/LIB/GCC/libRTX_CM4.a(rt_cmsis.o)
                0x0000a528                osSignalWait
 .text.svcMessageGet
                0x0000a554       0xbc C:/ProgramData/MATLAB/SupportPackages/R2022a/3P.instrset/cmsis.instrset/CMSIS/RTOS/RTX/LIB/GCC/libRTX_CM4.a(rt_cmsis.o)
                0x0000a554                svcMessageGet
 .text.rt_init_stack
                0x0000a610       0xa8 C:/ProgramData/MATLAB/SupportPackages/R2022a/3P.instrset/cmsis.instrset/CMSIS/RTOS/RTX/LIB/GCC/libRTX_CM4.a(hal_cm.o)
                0x0000a610                rt_init_stack
 .text.rt_ret_val
                0x0000a6b8       0x14 C:/ProgramData/MATLAB/SupportPackages/R2022a/3P.instrset/cmsis.instrset/CMSIS/RTOS/RTX/LIB/GCC/libRTX_CM4.a(hal_cm.o)
                0x0000a6b8                rt_ret_val
 .text.rt_ret_val2
                0x0000a6cc       0x24 C:/ProgramData/MATLAB/SupportPackages/R2022a/3P.instrset/cmsis.instrset/CMSIS/RTOS/RTX/LIB/GCC/libRTX_CM4.a(hal_cm.o)
                0x0000a6cc                rt_ret_val2
 .text.dbg_init
                0x0000a6f0       0x34 C:/ProgramData/MATLAB/SupportPackages/R2022a/3P.instrset/cmsis.instrset/CMSIS/RTOS/RTX/LIB/GCC/libRTX_CM4.a(hal_cm.o)
                0x0000a6f0                dbg_init
 .text.dbg_task_notify
                0x0000a724       0x2c C:/ProgramData/MATLAB/SupportPackages/R2022a/3P.instrset/cmsis.instrset/CMSIS/RTOS/RTX/LIB/GCC/libRTX_CM4.a(hal_cm.o)
                0x0000a724                dbg_task_notify
 .text.dbg_task_switch
                0x0000a750       0x14 C:/ProgramData/MATLAB/SupportPackages/R2022a/3P.instrset/cmsis.instrset/CMSIS/RTOS/RTX/LIB/GCC/libRTX_CM4.a(hal_cm.o)
                0x0000a750                dbg_task_switch
 .text.rt_init_mem
                0x0000a764       0x1c C:/ProgramData/MATLAB/SupportPackages/R2022a/3P.instrset/cmsis.instrset/CMSIS/RTOS/RTX/LIB/GCC/libRTX_CM4.a(rt_memory.o)
                0x0000a764                rt_init_mem
 .text.rt_alloc_mem
                0x0000a780       0x48 C:/ProgramData/MATLAB/SupportPackages/R2022a/3P.instrset/cmsis.instrset/CMSIS/RTOS/RTX/LIB/GCC/libRTX_CM4.a(rt_memory.o)
                0x0000a780                rt_alloc_mem
 .text.rt_free_mem
                0x0000a7c8       0x54 C:/ProgramData/MATLAB/SupportPackages/R2022a/3P.instrset/cmsis.instrset/CMSIS/RTOS/RTX/LIB/GCC/libRTX_CM4.a(rt_memory.o)
                0x0000a7c8                rt_free_mem
 .text._init_box
                0x0000a81c       0x58 C:/ProgramData/MATLAB/SupportPackages/R2022a/3P.instrset/cmsis.instrset/CMSIS/RTOS/RTX/LIB/GCC/libRTX_CM4.a(rt_membox.o)
                0x0000a81c                _init_box
 .text.rt_alloc_box
                0x0000a874       0x1c C:/ProgramData/MATLAB/SupportPackages/R2022a/3P.instrset/cmsis.instrset/CMSIS/RTOS/RTX/LIB/GCC/libRTX_CM4.a(rt_membox.o)
                0x0000a874                rt_alloc_box
 .text.rt_free_box
                0x0000a890       0x28 C:/ProgramData/MATLAB/SupportPackages/R2022a/3P.instrset/cmsis.instrset/CMSIS/RTOS/RTX/LIB/GCC/libRTX_CM4.a(rt_membox.o)
                0x0000a890                rt_free_box
 .text.rt_sem_psh
                0x0000a8b8       0x34 C:/ProgramData/MATLAB/SupportPackages/R2022a/3P.instrset/cmsis.instrset/CMSIS/RTOS/RTX/LIB/GCC/libRTX_CM4.a(rt_semaphore.o)
                0x0000a8b8                rt_sem_psh
 .text.rt_mbx_init
                0x0000a8ec       0x18 C:/ProgramData/MATLAB/SupportPackages/R2022a/3P.instrset/cmsis.instrset/CMSIS/RTOS/RTX/LIB/GCC/libRTX_CM4.a(rt_mailbox.o)
                0x0000a8ec                rt_mbx_init
 .text.rt_mbx_wait
                0x0000a904       0xa8 C:/ProgramData/MATLAB/SupportPackages/R2022a/3P.instrset/cmsis.instrset/CMSIS/RTOS/RTX/LIB/GCC/libRTX_CM4.a(rt_mailbox.o)
                0x0000a904                rt_mbx_wait
 .text.rt_mbx_check
                0x0000a9ac        0x8 C:/ProgramData/MATLAB/SupportPackages/R2022a/3P.instrset/cmsis.instrset/CMSIS/RTOS/RTX/LIB/GCC/libRTX_CM4.a(rt_mailbox.o)
                0x0000a9ac                rt_mbx_check
 .text.isr_mbx_send
                0x0000a9b4       0x10 C:/ProgramData/MATLAB/SupportPackages/R2022a/3P.instrset/cmsis.instrset/CMSIS/RTOS/RTX/LIB/GCC/libRTX_CM4.a(rt_mailbox.o)
                0x0000a9b4                isr_mbx_send
 .text.rt_mbx_psh
                0x0000a9c4       0xe8 C:/ProgramData/MATLAB/SupportPackages/R2022a/3P.instrset/cmsis.instrset/CMSIS/RTOS/RTX/LIB/GCC/libRTX_CM4.a(rt_mailbox.o)
                0x0000a9c4                rt_mbx_psh
 .text.rt_put_prio
                0x0000aaac       0x50 C:/ProgramData/MATLAB/SupportPackages/R2022a/3P.instrset/cmsis.instrset/CMSIS/RTOS/RTX/LIB/GCC/libRTX_CM4.a(rt_list.o)
                0x0000aaac                rt_put_prio
 .text.rt_get_first
                0x0000aafc       0x28 C:/ProgramData/MATLAB/SupportPackages/R2022a/3P.instrset/cmsis.instrset/CMSIS/RTOS/RTX/LIB/GCC/libRTX_CM4.a(rt_list.o)
                0x0000aafc                rt_get_first
 .text.rt_put_rdy_first
                0x0000ab24       0x14 C:/ProgramData/MATLAB/SupportPackages/R2022a/3P.instrset/cmsis.instrset/CMSIS/RTOS/RTX/LIB/GCC/libRTX_CM4.a(rt_list.o)
                0x0000ab24                rt_put_rdy_first
 .text.rt_resort_prio
                0x0000ab38       0xac C:/ProgramData/MATLAB/SupportPackages/R2022a/3P.instrset/cmsis.instrset/CMSIS/RTOS/RTX/LIB/GCC/libRTX_CM4.a(rt_list.o)
                0x0000ab38                rt_resort_prio
 .text.rt_put_dly
                0x0000abe4       0x60 C:/ProgramData/MATLAB/SupportPackages/R2022a/3P.instrset/cmsis.instrset/CMSIS/RTOS/RTX/LIB/GCC/libRTX_CM4.a(rt_list.o)
                0x0000abe4                rt_put_dly
 .text.rt_dec_dly
                0x0000ac44       0xbc C:/ProgramData/MATLAB/SupportPackages/R2022a/3P.instrset/cmsis.instrset/CMSIS/RTOS/RTX/LIB/GCC/libRTX_CM4.a(rt_list.o)
                0x0000ac44                rt_dec_dly
 .text.rt_rmv_list
                0x0000ad00       0x2c C:/ProgramData/MATLAB/SupportPackages/R2022a/3P.instrset/cmsis.instrset/CMSIS/RTOS/RTX/LIB/GCC/libRTX_CM4.a(rt_list.o)
                0x0000ad00                rt_rmv_list
 .text.rt_rmv_dly
                0x0000ad2c       0x30 C:/ProgramData/MATLAB/SupportPackages/R2022a/3P.instrset/cmsis.instrset/CMSIS/RTOS/RTX/LIB/GCC/libRTX_CM4.a(rt_list.o)
                0x0000ad2c                rt_rmv_dly
 .text.rt_psq_enq
                0x0000ad5c       0x44 C:/ProgramData/MATLAB/SupportPackages/R2022a/3P.instrset/cmsis.instrset/CMSIS/RTOS/RTX/LIB/GCC/libRTX_CM4.a(rt_list.o)
                0x0000ad5c                rt_psq_enq
 .text.rt_evt_wait
                0x0000ada0       0x44 C:/ProgramData/MATLAB/SupportPackages/R2022a/3P.instrset/cmsis.instrset/CMSIS/RTOS/RTX/LIB/GCC/libRTX_CM4.a(rt_event.o)
                0x0000ada0                rt_evt_wait
 .text.rt_evt_set
                0x0000ade4       0x58 C:/ProgramData/MATLAB/SupportPackages/R2022a/3P.instrset/cmsis.instrset/CMSIS/RTOS/RTX/LIB/GCC/libRTX_CM4.a(rt_event.o)
                0x0000ade4                rt_evt_set
 .text.rt_evt_clr
                0x0000ae3c       0x18 C:/ProgramData/MATLAB/SupportPackages/R2022a/3P.instrset/cmsis.instrset/CMSIS/RTOS/RTX/LIB/GCC/libRTX_CM4.a(rt_event.o)
                0x0000ae3c                rt_evt_clr
 .text.isr_evt_set
                0x0000ae54       0x24 C:/ProgramData/MATLAB/SupportPackages/R2022a/3P.instrset/cmsis.instrset/CMSIS/RTOS/RTX/LIB/GCC/libRTX_CM4.a(rt_event.o)
                0x0000ae54                isr_evt_set
 .text.rt_evt_psh
                0x0000ae78       0x50 C:/ProgramData/MATLAB/SupportPackages/R2022a/3P.instrset/cmsis.instrset/CMSIS/RTOS/RTX/LIB/GCC/libRTX_CM4.a(rt_event.o)
                0x0000ae78                rt_evt_psh
 .text.rt_psh_req
                0x0000aec8       0x20 C:/ProgramData/MATLAB/SupportPackages/R2022a/3P.instrset/cmsis.instrset/CMSIS/RTOS/RTX/LIB/GCC/libRTX_CM4.a(rt_system.o)
                0x0000aec8                rt_psh_req
 .text.rt_pop_req
                0x0000aee8       0x9c C:/ProgramData/MATLAB/SupportPackages/R2022a/3P.instrset/cmsis.instrset/CMSIS/RTOS/RTX/LIB/GCC/libRTX_CM4.a(rt_system.o)
                0x0000aee8                rt_pop_req
 .text.os_tick_init
                0x0000af84       0x40 C:/ProgramData/MATLAB/SupportPackages/R2022a/3P.instrset/cmsis.instrset/CMSIS/RTOS/RTX/LIB/GCC/libRTX_CM4.a(rt_system.o)
                0x0000af84                os_tick_init
 .text.os_tick_irqack
                0x0000afc4        0x4 C:/ProgramData/MATLAB/SupportPackages/R2022a/3P.instrset/cmsis.instrset/CMSIS/RTOS/RTX/LIB/GCC/libRTX_CM4.a(rt_system.o)
                0x0000afc4                os_tick_irqack
 .text.rt_systick
                0x0000afc8       0x3c C:/ProgramData/MATLAB/SupportPackages/R2022a/3P.instrset/cmsis.instrset/CMSIS/RTOS/RTX/LIB/GCC/libRTX_CM4.a(rt_system.o)
                0x0000afc8                rt_systick
 .text.rt_stk_check
                0x0000b004       0x24 C:/ProgramData/MATLAB/SupportPackages/R2022a/3P.instrset/cmsis.instrset/CMSIS/RTOS/RTX/LIB/GCC/libRTX_CM4.a(rt_system.o)
                0x0000b004                rt_stk_check
 .text.rt_switch_req
                0x0000b028       0x24 C:/ProgramData/MATLAB/SupportPackages/R2022a/3P.instrset/cmsis.instrset/CMSIS/RTOS/RTX/LIB/GCC/libRTX_CM4.a(rt_task.o)
                0x0000b028                rt_switch_req
 .text.rt_dispatch
                0x0000b04c       0x78 C:/ProgramData/MATLAB/SupportPackages/R2022a/3P.instrset/cmsis.instrset/CMSIS/RTOS/RTX/LIB/GCC/libRTX_CM4.a(rt_task.o)
                0x0000b04c                rt_dispatch
 .text.rt_block
                0x0000b0c4       0x50 C:/ProgramData/MATLAB/SupportPackages/R2022a/3P.instrset/cmsis.instrset/CMSIS/RTOS/RTX/LIB/GCC/libRTX_CM4.a(rt_task.o)
                0x0000b0c4                rt_block
 .text.rt_tsk_self
                0x0000b114       0x10 C:/ProgramData/MATLAB/SupportPackages/R2022a/3P.instrset/cmsis.instrset/CMSIS/RTOS/RTX/LIB/GCC/libRTX_CM4.a(rt_task.o)
                0x0000b114                rt_tsk_self
 .text.rt_tsk_prio
                0x0000b124       0xa0 C:/ProgramData/MATLAB/SupportPackages/R2022a/3P.instrset/cmsis.instrset/CMSIS/RTOS/RTX/LIB/GCC/libRTX_CM4.a(rt_task.o)
                0x0000b124                rt_tsk_prio
 .text.rt_tsk_create
                0x0000b1c4       0xc8 C:/ProgramData/MATLAB/SupportPackages/R2022a/3P.instrset/cmsis.instrset/CMSIS/RTOS/RTX/LIB/GCC/libRTX_CM4.a(rt_task.o)
                0x0000b1c4                rt_tsk_create
 .text.rt_tsk_delete
                0x0000b28c      0x1bc C:/ProgramData/MATLAB/SupportPackages/R2022a/3P.instrset/cmsis.instrset/CMSIS/RTOS/RTX/LIB/GCC/libRTX_CM4.a(rt_task.o)
                0x0000b28c                rt_tsk_delete
 .text.rt_sys_init
                0x0000b448       0xdc C:/ProgramData/MATLAB/SupportPackages/R2022a/3P.instrset/cmsis.instrset/CMSIS/RTOS/RTX/LIB/GCC/libRTX_CM4.a(rt_task.o)
                0x0000b448                rt_sys_init
 .text.rt_sys_start
                0x0000b524       0x8c C:/ProgramData/MATLAB/SupportPackages/R2022a/3P.instrset/cmsis.instrset/CMSIS/RTOS/RTX/LIB/GCC/libRTX_CM4.a(rt_task.o)
                0x0000b524                rt_sys_start
 .text.OSA_TimeInit
                0x0000b5b0       0x40 C:/ProgramData/MATLAB/SupportPackages/R2022a/toolbox/target/supportpackages/freedomk64f/src/ksdk_armgcc_lib/bm/libksdk_platform.a(fsl_os_abstraction_bm.o)
                0x0000b5b0                OSA_TimeInit
 .text.OSA_TimeDiff
                0x0000b5f0        0xe C:/ProgramData/MATLAB/SupportPackages/R2022a/toolbox/target/supportpackages/freedomk64f/src/ksdk_armgcc_lib/bm/libksdk_platform.a(fsl_os_abstraction_bm.o)
                0x0000b5f0                OSA_TimeDiff
 *fill*         0x0000b5fe        0x2 
 .text.OSA_SemaCreate
                0x0000b600       0x2c C:/ProgramData/MATLAB/SupportPackages/R2022a/toolbox/target/supportpackages/freedomk64f/src/ksdk_armgcc_lib/bm/libksdk_platform.a(fsl_os_abstraction_bm.o)
                0x0000b600                OSA_SemaCreate
 .text.OSA_SemaPost
                0x0000b62c       0x3c C:/ProgramData/MATLAB/SupportPackages/R2022a/toolbox/target/supportpackages/freedomk64f/src/ksdk_armgcc_lib/bm/libksdk_platform.a(fsl_os_abstraction_bm.o)
                0x0000b62c                OSA_SemaPost
 .text.task_init
                0x0000b668       0x38 C:/ProgramData/MATLAB/SupportPackages/R2022a/toolbox/target/supportpackages/freedomk64f/src/ksdk_armgcc_lib/bm/libksdk_platform.a(fsl_os_abstraction_bm.o)
                0x0000b668                task_init
 .text.OSA_TimeGetMsec
                0x0000b6a0        0xc C:/ProgramData/MATLAB/SupportPackages/R2022a/toolbox/target/supportpackages/freedomk64f/src/ksdk_armgcc_lib/bm/libksdk_platform.a(fsl_os_abstraction_bm.o)
                0x0000b6a0                OSA_TimeGetMsec
 .text.OSA_TimeDelay
                0x0000b6ac       0x1c C:/ProgramData/MATLAB/SupportPackages/R2022a/toolbox/target/supportpackages/freedomk64f/src/ksdk_armgcc_lib/bm/libksdk_platform.a(fsl_os_abstraction_bm.o)
                0x0000b6ac                OSA_TimeDelay
 .text.OSA_Init
                0x0000b6c8        0xe C:/ProgramData/MATLAB/SupportPackages/R2022a/toolbox/target/supportpackages/freedomk64f/src/ksdk_armgcc_lib/bm/libksdk_platform.a(fsl_os_abstraction_bm.o)
                0x0000b6c8                OSA_Init
 *fill*         0x0000b6d6        0x2 
 .text.CLOCK_SYS_SetMcgPeeToFbe
                0x0000b6d8       0x34 C:/ProgramData/MATLAB/SupportPackages/R2022a/toolbox/target/supportpackages/freedomk64f/src/ksdk_armgcc_lib/bm/libksdk_platform.a(fsl_clock_manager.o)
 .text.CLOCK_SYS_SetMcgMode
                0x0000b70c      0x124 C:/ProgramData/MATLAB/SupportPackages/R2022a/toolbox/target/supportpackages/freedomk64f/src/ksdk_armgcc_lib/bm/libksdk_platform.a(fsl_clock_manager.o)
                0x0000b70c                CLOCK_SYS_SetMcgMode
 .text.CLOCK_SYS_SetOscerConfigration
                0x0000b830       0x20 C:/ProgramData/MATLAB/SupportPackages/R2022a/toolbox/target/supportpackages/freedomk64f/src/ksdk_armgcc_lib/bm/libksdk_platform.a(fsl_clock_manager.o)
                0x0000b830                CLOCK_SYS_SetOscerConfigration
 .text.CLOCK_SYS_OscInit
                0x0000b850       0x98 C:/ProgramData/MATLAB/SupportPackages/R2022a/toolbox/target/supportpackages/freedomk64f/src/ksdk_armgcc_lib/bm/libksdk_platform.a(fsl_clock_manager.o)
                0x0000b850                CLOCK_SYS_OscInit
 .text.CLOCK_SYS_RtcOscInit
                0x0000b8e8       0x6c C:/ProgramData/MATLAB/SupportPackages/R2022a/toolbox/target/supportpackages/freedomk64f/src/ksdk_armgcc_lib/bm/libksdk_platform.a(fsl_clock_manager.o)
                0x0000b8e8                CLOCK_SYS_RtcOscInit
 .text.SIM_HAL_EnableClock.constprop.0
                0x0000b954       0x1c C:/ProgramData/MATLAB/SupportPackages/R2022a/toolbox/target/supportpackages/freedomk64f/src/ksdk_armgcc_lib/bm/libksdk_platform.a(fsl_clock_MK64F12.o)
 .text.CLOCK_SYS_GetCoreClockFreq
                0x0000b970       0x24 C:/ProgramData/MATLAB/SupportPackages/R2022a/toolbox/target/supportpackages/freedomk64f/src/ksdk_armgcc_lib/bm/libksdk_platform.a(fsl_clock_MK64F12.o)
                0x0000b970                CLOCK_SYS_GetCoreClockFreq
 .text.CLOCK_SYS_SetConfiguration
                0x0000b994       0x94 C:/ProgramData/MATLAB/SupportPackages/R2022a/toolbox/target/supportpackages/freedomk64f/src/ksdk_armgcc_lib/bm/libksdk_platform.a(fsl_clock_MK64F12.o)
                0x0000b994                CLOCK_SYS_SetConfiguration
 .text.CLOCK_SYS_FllStableDelay
                0x0000ba28       0x18 C:/ProgramData/MATLAB/SupportPackages/R2022a/toolbox/target/supportpackages/freedomk64f/src/ksdk_armgcc_lib/bm/libksdk_platform.a(fsl_clock_MK64F12.o)
 .text.CLOCK_SYS_GetBusClockFreq
                0x0000ba40       0x24 C:/ProgramData/MATLAB/SupportPackages/R2022a/toolbox/target/supportpackages/freedomk64f/src/ksdk_armgcc_lib/bm/libksdk_platform.a(fsl_clock_MK64F12.o)
                0x0000ba40                CLOCK_SYS_GetBusClockFreq
 .text.CLOCK_SYS_GetUartFreq
                0x0000ba64       0x16 C:/ProgramData/MATLAB/SupportPackages/R2022a/toolbox/target/supportpackages/freedomk64f/src/ksdk_armgcc_lib/bm/libksdk_platform.a(fsl_clock_MK64F12.o)
                0x0000ba64                CLOCK_SYS_GetUartFreq
 *fill*         0x0000ba7a        0x2 
 .text.CLOCK_SYS_GetFtmExternalFreq
                0x0000ba7c       0x20 C:/ProgramData/MATLAB/SupportPackages/R2022a/toolbox/target/supportpackages/freedomk64f/src/ksdk_armgcc_lib/bm/libksdk_platform.a(fsl_clock_MK64F12.o)
                0x0000ba7c                CLOCK_SYS_GetFtmExternalFreq
 .text.CLOCK_SYS_EnablePortClock
                0x0000ba9c       0x30 C:/ProgramData/MATLAB/SupportPackages/R2022a/toolbox/target/supportpackages/freedomk64f/src/ksdk_armgcc_lib/bm/libksdk_platform.a(fsl_clock_MK64F12.o)
                0x0000ba9c                CLOCK_SYS_EnablePortClock
 .text.CLOCK_SYS_EnableAdcClock
                0x0000bacc       0x30 C:/ProgramData/MATLAB/SupportPackages/R2022a/toolbox/target/supportpackages/freedomk64f/src/ksdk_armgcc_lib/bm/libksdk_platform.a(fsl_clock_MK64F12.o)
                0x0000bacc                CLOCK_SYS_EnableAdcClock
 .text.CLOCK_SYS_EnableFtmClock
                0x0000bafc       0x30 C:/ProgramData/MATLAB/SupportPackages/R2022a/toolbox/target/supportpackages/freedomk64f/src/ksdk_armgcc_lib/bm/libksdk_platform.a(fsl_clock_MK64F12.o)
                0x0000bafc                CLOCK_SYS_EnableFtmClock
 .text.CLOCK_SYS_EnableI2cClock
                0x0000bb2c       0x30 C:/ProgramData/MATLAB/SupportPackages/R2022a/toolbox/target/supportpackages/freedomk64f/src/ksdk_armgcc_lib/bm/libksdk_platform.a(fsl_clock_MK64F12.o)
                0x0000bb2c                CLOCK_SYS_EnableI2cClock
 .text.CLOCK_SYS_EnableUartClock
                0x0000bb5c       0x30 C:/ProgramData/MATLAB/SupportPackages/R2022a/toolbox/target/supportpackages/freedomk64f/src/ksdk_armgcc_lib/bm/libksdk_platform.a(fsl_clock_MK64F12.o)
                0x0000bb5c                CLOCK_SYS_EnableUartClock
 .text.INT_SYS_EnableIRQGlobal
                0x0000bb8c       0x14 C:/ProgramData/MATLAB/SupportPackages/R2022a/toolbox/target/supportpackages/freedomk64f/src/ksdk_armgcc_lib/bm/libksdk_platform.a(fsl_interrupt_manager.o)
                0x0000bb8c                INT_SYS_EnableIRQGlobal
 .text.INT_SYS_DisableIRQGlobal
                0x0000bba0       0x10 C:/ProgramData/MATLAB/SupportPackages/R2022a/toolbox/target/supportpackages/freedomk64f/src/ksdk_armgcc_lib/bm/libksdk_platform.a(fsl_interrupt_manager.o)
                0x0000bba0                INT_SYS_DisableIRQGlobal
 .text.ADC16_HAL_GetChnConvCompletedFlag.part.0
                0x0000bbb0       0x1c C:/ProgramData/MATLAB/SupportPackages/R2022a/toolbox/target/supportpackages/freedomk64f/src/ksdk_armgcc_lib/bm/libksdk_platform.a(fsl_adc16_driver.o)
 .text.ADC16_DRV_StructInitUserConfigDefault
                0x0000bbcc       0x24 C:/ProgramData/MATLAB/SupportPackages/R2022a/toolbox/target/supportpackages/freedomk64f/src/ksdk_armgcc_lib/bm/libksdk_platform.a(fsl_adc16_driver.o)
                0x0000bbcc                ADC16_DRV_StructInitUserConfigDefault
 .text.ADC16_DRV_Init
                0x0000bbf0       0x90 C:/ProgramData/MATLAB/SupportPackages/R2022a/toolbox/target/supportpackages/freedomk64f/src/ksdk_armgcc_lib/bm/libksdk_platform.a(fsl_adc16_driver.o)
                0x0000bbf0                ADC16_DRV_Init
 .text.ADC16_DRV_SetChnMux
                0x0000bc80       0x40 C:/ProgramData/MATLAB/SupportPackages/R2022a/toolbox/target/supportpackages/freedomk64f/src/ksdk_armgcc_lib/bm/libksdk_platform.a(fsl_adc16_driver.o)
                0x0000bc80                ADC16_DRV_SetChnMux
 .text.ADC16_DRV_ConfigConvChn
                0x0000bcc0       0x38 C:/ProgramData/MATLAB/SupportPackages/R2022a/toolbox/target/supportpackages/freedomk64f/src/ksdk_armgcc_lib/bm/libksdk_platform.a(fsl_adc16_driver.o)
                0x0000bcc0                ADC16_DRV_ConfigConvChn
 .text.ADC16_DRV_WaitConvDone
                0x0000bcf8       0x48 C:/ProgramData/MATLAB/SupportPackages/R2022a/toolbox/target/supportpackages/freedomk64f/src/ksdk_armgcc_lib/bm/libksdk_platform.a(fsl_adc16_driver.o)
                0x0000bcf8                ADC16_DRV_WaitConvDone
 .text.ADC16_DRV_GetConvValueRAW
                0x0000bd40       0x50 C:/ProgramData/MATLAB/SupportPackages/R2022a/toolbox/target/supportpackages/freedomk64f/src/ksdk_armgcc_lib/bm/libksdk_platform.a(fsl_adc16_driver.o)
                0x0000bd40                ADC16_DRV_GetConvValueRAW
 .text.EDMA_HAL_SetErrorIntCmd
                0x0000bd90        0xa C:/ProgramData/MATLAB/SupportPackages/R2022a/toolbox/target/supportpackages/freedomk64f/src/ksdk_armgcc_lib/bm/libksdk_platform.a(fsl_edma_hal.o)
                0x0000bd90                EDMA_HAL_SetErrorIntCmd
 .text.EDMA_HAL_SetDmaRequestCmd
                0x0000bd9a        0xa C:/ProgramData/MATLAB/SupportPackages/R2022a/toolbox/target/supportpackages/freedomk64f/src/ksdk_armgcc_lib/bm/libksdk_platform.a(fsl_edma_hal.o)
                0x0000bd9a                EDMA_HAL_SetDmaRequestCmd
 .text.EDMA_HAL_HTCDClearReg
                0x0000bda4       0x4a C:/ProgramData/MATLAB/SupportPackages/R2022a/toolbox/target/supportpackages/freedomk64f/src/ksdk_armgcc_lib/bm/libksdk_platform.a(fsl_edma_hal.o)
                0x0000bda4                EDMA_HAL_HTCDClearReg
 .text.EDMA_HAL_Init
                0x0000bdee       0x28 C:/ProgramData/MATLAB/SupportPackages/R2022a/toolbox/target/supportpackages/freedomk64f/src/ksdk_armgcc_lib/bm/libksdk_platform.a(fsl_edma_hal.o)
                0x0000bdee                EDMA_HAL_Init
 *fill*         0x0000be16        0x2 
 .text.EDMA_HAL_HTCDSetAttribute
                0x0000be18       0x48 C:/ProgramData/MATLAB/SupportPackages/R2022a/toolbox/target/supportpackages/freedomk64f/src/ksdk_armgcc_lib/bm/libksdk_platform.a(fsl_edma_hal.o)
                0x0000be18                EDMA_HAL_HTCDSetAttribute
 .text.EDMA_HAL_HTCDSetNbytes
                0x0000be60       0x7c C:/ProgramData/MATLAB/SupportPackages/R2022a/toolbox/target/supportpackages/freedomk64f/src/ksdk_armgcc_lib/bm/libksdk_platform.a(fsl_edma_hal.o)
                0x0000be60                EDMA_HAL_HTCDSetNbytes
 .text.EDMA_HAL_HTCDGetNbytes
                0x0000bedc       0x68 C:/ProgramData/MATLAB/SupportPackages/R2022a/toolbox/target/supportpackages/freedomk64f/src/ksdk_armgcc_lib/bm/libksdk_platform.a(fsl_edma_hal.o)
                0x0000bedc                EDMA_HAL_HTCDGetNbytes
 .text.EDMA_HAL_HTCDSetChannelMinorLink
                0x0000bf44       0x80 C:/ProgramData/MATLAB/SupportPackages/R2022a/toolbox/target/supportpackages/freedomk64f/src/ksdk_armgcc_lib/bm/libksdk_platform.a(fsl_edma_hal.o)
                0x0000bf44                EDMA_HAL_HTCDSetChannelMinorLink
 .text.EDMA_HAL_HTCDSetMajorCount
                0x0000bfc4       0x78 C:/ProgramData/MATLAB/SupportPackages/R2022a/toolbox/target/supportpackages/freedomk64f/src/ksdk_armgcc_lib/bm/libksdk_platform.a(fsl_edma_hal.o)
                0x0000bfc4                EDMA_HAL_HTCDSetMajorCount
 .text.EDMA_HAL_HTCDGetUnfinishedBytes
                0x0000c03c       0x54 C:/ProgramData/MATLAB/SupportPackages/R2022a/toolbox/target/supportpackages/freedomk64f/src/ksdk_armgcc_lib/bm/libksdk_platform.a(fsl_edma_hal.o)
                0x0000c03c                EDMA_HAL_HTCDGetUnfinishedBytes
 .text.INT_SYS_EnableIRQ
                0x0000c090       0x48 C:/ProgramData/MATLAB/SupportPackages/R2022a/toolbox/target/supportpackages/freedomk64f/src/ksdk_armgcc_lib/bm/libksdk_platform.a(fsl_edma_driver.o)
 .text.EDMA_DRV_ClaimChannel
                0x0000c0d8       0x70 C:/ProgramData/MATLAB/SupportPackages/R2022a/toolbox/target/supportpackages/freedomk64f/src/ksdk_armgcc_lib/bm/libksdk_platform.a(fsl_edma_driver.o)
 .text.EDMA_DRV_Init
                0x0000c148       0x84 C:/ProgramData/MATLAB/SupportPackages/R2022a/toolbox/target/supportpackages/freedomk64f/src/ksdk_armgcc_lib/bm/libksdk_platform.a(fsl_edma_driver.o)
                0x0000c148                EDMA_DRV_Init
 .text.EDMA_DRV_InstallCallback
                0x0000c1cc        0x8 C:/ProgramData/MATLAB/SupportPackages/R2022a/toolbox/target/supportpackages/freedomk64f/src/ksdk_armgcc_lib/bm/libksdk_platform.a(fsl_edma_driver.o)
                0x0000c1cc                EDMA_DRV_InstallCallback
 .text.EDMA_DRV_RequestChannel
                0x0000c1d4       0x70 C:/ProgramData/MATLAB/SupportPackages/R2022a/toolbox/target/supportpackages/freedomk64f/src/ksdk_armgcc_lib/bm/libksdk_platform.a(fsl_edma_driver.o)
                0x0000c1d4                EDMA_DRV_RequestChannel
 .text.EDMA_DRV_IRQHandler
                0x0000c244       0x30 C:/ProgramData/MATLAB/SupportPackages/R2022a/toolbox/target/supportpackages/freedomk64f/src/ksdk_armgcc_lib/bm/libksdk_platform.a(fsl_edma_driver.o)
                0x0000c244                EDMA_DRV_IRQHandler
 .text.EDMA_DRV_ErrorIRQHandler
                0x0000c274       0x8c C:/ProgramData/MATLAB/SupportPackages/R2022a/toolbox/target/supportpackages/freedomk64f/src/ksdk_armgcc_lib/bm/libksdk_platform.a(fsl_edma_driver.o)
                0x0000c274                EDMA_DRV_ErrorIRQHandler
 .text.FTM_HAL_SetClockSource
                0x0000c300       0x12 C:/ProgramData/MATLAB/SupportPackages/R2022a/toolbox/target/supportpackages/freedomk64f/src/ksdk_armgcc_lib/bm/libksdk_platform.a(fsl_ftm_driver.o)
 *fill*         0x0000c312        0x2 
 .text.FTM_HAL_SetChnCountVal.part.0
                0x0000c314       0x1c C:/ProgramData/MATLAB/SupportPackages/R2022a/toolbox/target/supportpackages/freedomk64f/src/ksdk_armgcc_lib/bm/libksdk_platform.a(fsl_ftm_driver.o)
 .text.FTM_DRV_Init
                0x0000c330      0x10c C:/ProgramData/MATLAB/SupportPackages/R2022a/toolbox/target/supportpackages/freedomk64f/src/ksdk_armgcc_lib/bm/libksdk_platform.a(fsl_ftm_driver.o)
                0x0000c330                FTM_DRV_Init
 .text.FTM_DRV_SetClock
                0x0000c43c       0x54 C:/ProgramData/MATLAB/SupportPackages/R2022a/toolbox/target/supportpackages/freedomk64f/src/ksdk_armgcc_lib/bm/libksdk_platform.a(fsl_ftm_driver.o)
                0x0000c43c                FTM_DRV_SetClock
 .text.FTM_DRV_GetClock
                0x0000c490       0x68 C:/ProgramData/MATLAB/SupportPackages/R2022a/toolbox/target/supportpackages/freedomk64f/src/ksdk_armgcc_lib/bm/libksdk_platform.a(fsl_ftm_driver.o)
                0x0000c490                FTM_DRV_GetClock
 .text.FTM_DRV_PwmStart
                0x0000c4f8      0x1cc C:/ProgramData/MATLAB/SupportPackages/R2022a/toolbox/target/supportpackages/freedomk64f/src/ksdk_armgcc_lib/bm/libksdk_platform.a(fsl_ftm_driver.o)
                0x0000c4f8                FTM_DRV_PwmStart
 .text.PORT_HAL_SetMuxMode.part.0
                0x0000c6c4       0x1c C:/ProgramData/MATLAB/SupportPackages/R2022a/toolbox/target/supportpackages/freedomk64f/src/ksdk_armgcc_lib/bm/libksdk_platform.a(fsl_gpio_driver.o)
 .text.GPIO_DRV_InputPinInit
                0x0000c6e0       0xe4 C:/ProgramData/MATLAB/SupportPackages/R2022a/toolbox/target/supportpackages/freedomk64f/src/ksdk_armgcc_lib/bm/libksdk_platform.a(fsl_gpio_driver.o)
                0x0000c6e0                GPIO_DRV_InputPinInit
 .text.GPIO_DRV_OutputPinInit
                0x0000c7c4       0x78 C:/ProgramData/MATLAB/SupportPackages/R2022a/toolbox/target/supportpackages/freedomk64f/src/ksdk_armgcc_lib/bm/libksdk_platform.a(fsl_gpio_driver.o)
                0x0000c7c4                GPIO_DRV_OutputPinInit
 .text.GPIO_DRV_WritePinOutput
                0x0000c83c       0x1c C:/ProgramData/MATLAB/SupportPackages/R2022a/toolbox/target/supportpackages/freedomk64f/src/ksdk_armgcc_lib/bm/libksdk_platform.a(fsl_gpio_driver.o)
                0x0000c83c                GPIO_DRV_WritePinOutput
 .text.GPIO_DRV_ReadPinInput
                0x0000c858       0x3c C:/ProgramData/MATLAB/SupportPackages/R2022a/toolbox/target/supportpackages/freedomk64f/src/ksdk_armgcc_lib/bm/libksdk_platform.a(fsl_gpio_driver.o)
                0x0000c858                GPIO_DRV_ReadPinInput
 .text.I2C_HAL_Init
                0x0000c894       0x1c C:/ProgramData/MATLAB/SupportPackages/R2022a/toolbox/target/supportpackages/freedomk64f/src/ksdk_armgcc_lib/bm/libksdk_platform.a(fsl_i2c_hal.o)
                0x0000c894                I2C_HAL_Init
 .text.I2C_HAL_SetBaudRate
                0x0000c8b0       0x70 C:/ProgramData/MATLAB/SupportPackages/R2022a/toolbox/target/supportpackages/freedomk64f/src/ksdk_armgcc_lib/bm/libksdk_platform.a(fsl_i2c_hal.o)
                0x0000c8b0                I2C_HAL_SetBaudRate
 .text.I2C_HAL_SendStart
                0x0000c920       0x20 C:/ProgramData/MATLAB/SupportPackages/R2022a/toolbox/target/supportpackages/freedomk64f/src/ksdk_armgcc_lib/bm/libksdk_platform.a(fsl_i2c_hal.o)
                0x0000c920                I2C_HAL_SendStart
 .text.I2C_HAL_SendStop
                0x0000c940       0x50 C:/ProgramData/MATLAB/SupportPackages/R2022a/toolbox/target/supportpackages/freedomk64f/src/ksdk_armgcc_lib/bm/libksdk_platform.a(fsl_i2c_hal.o)
                0x0000c940                I2C_HAL_SendStop
 .text.LPTMR_HAL_SetTimerWorkingMode
                0x0000c990       0x3c C:/ProgramData/MATLAB/SupportPackages/R2022a/toolbox/target/supportpackages/freedomk64f/src/ksdk_armgcc_lib/bm/libksdk_platform.a(fsl_lptmr_hal.o)
                0x0000c990                LPTMR_HAL_SetTimerWorkingMode
 .text.LPTMR_HAL_SetPrescalerMode
                0x0000c9cc       0x1c C:/ProgramData/MATLAB/SupportPackages/R2022a/toolbox/target/supportpackages/freedomk64f/src/ksdk_armgcc_lib/bm/libksdk_platform.a(fsl_lptmr_hal.o)
                0x0000c9cc                LPTMR_HAL_SetPrescalerMode
 .text.LPTMR_HAL_GetCounterValue
                0x0000c9e8        0xe C:/ProgramData/MATLAB/SupportPackages/R2022a/toolbox/target/supportpackages/freedomk64f/src/ksdk_armgcc_lib/bm/libksdk_platform.a(fsl_lptmr_hal.o)
                0x0000c9e8                LPTMR_HAL_GetCounterValue
 *fill*         0x0000c9f6        0x2 
 .text.CLOCK_HAL_TestOscFreq
                0x0000c9f8       0x28 C:/ProgramData/MATLAB/SupportPackages/R2022a/toolbox/target/supportpackages/freedomk64f/src/ksdk_armgcc_lib/bm/libksdk_platform.a(fsl_mcg_hal.o)
                0x0000c9f8                CLOCK_HAL_TestOscFreq
 .text.CLOCK_HAL_GetMcgExternalClkFreq
                0x0000ca20        0xa C:/ProgramData/MATLAB/SupportPackages/R2022a/toolbox/target/supportpackages/freedomk64f/src/ksdk_armgcc_lib/bm/libksdk_platform.a(fsl_mcg_hal.o)
 .text.CLOCK_HAL_TestFllExternalRefFreq
                0x0000ca2a       0x2c C:/ProgramData/MATLAB/SupportPackages/R2022a/toolbox/target/supportpackages/freedomk64f/src/ksdk_armgcc_lib/bm/libksdk_platform.a(fsl_mcg_hal.o)
                0x0000ca2a                CLOCK_HAL_TestFllExternalRefFreq
 *fill*         0x0000ca56        0x2 
 .text.CLOCK_HAL_GetFllRefClk
                0x0000ca58       0x40 C:/ProgramData/MATLAB/SupportPackages/R2022a/toolbox/target/supportpackages/freedomk64f/src/ksdk_armgcc_lib/bm/libksdk_platform.a(fsl_mcg_hal.o)
                0x0000ca58                CLOCK_HAL_GetFllRefClk
 .text.CLOCK_HAL_TestFllFreq
                0x0000ca98       0x34 C:/ProgramData/MATLAB/SupportPackages/R2022a/toolbox/target/supportpackages/freedomk64f/src/ksdk_armgcc_lib/bm/libksdk_platform.a(fsl_mcg_hal.o)
                0x0000ca98                CLOCK_HAL_TestFllFreq
 .text.CLOCK_HAL_GetFllClk
                0x0000cacc       0x3c C:/ProgramData/MATLAB/SupportPackages/R2022a/toolbox/target/supportpackages/freedomk64f/src/ksdk_armgcc_lib/bm/libksdk_platform.a(fsl_mcg_hal.o)
                0x0000cacc                CLOCK_HAL_GetFllClk
 .text.CLOCK_HAL_UpdateFastClkInternalRefDiv
                0x0000cb08       0x58 C:/ProgramData/MATLAB/SupportPackages/R2022a/toolbox/target/supportpackages/freedomk64f/src/ksdk_armgcc_lib/bm/libksdk_platform.a(fsl_mcg_hal.o)
                0x0000cb08                CLOCK_HAL_UpdateFastClkInternalRefDiv
 .text.CLOCK_HAL_GetPll0Clk
                0x0000cb60       0x48 C:/ProgramData/MATLAB/SupportPackages/R2022a/toolbox/target/supportpackages/freedomk64f/src/ksdk_armgcc_lib/bm/libksdk_platform.a(fsl_mcg_hal.o)
                0x0000cb60                CLOCK_HAL_GetPll0Clk
 .text.CLOCK_HAL_EnablePll0InFllMode
                0x0000cba8       0x38 C:/ProgramData/MATLAB/SupportPackages/R2022a/toolbox/target/supportpackages/freedomk64f/src/ksdk_armgcc_lib/bm/libksdk_platform.a(fsl_mcg_hal.o)
                0x0000cba8                CLOCK_HAL_EnablePll0InFllMode
 .text.CLOCK_HAL_GetInternalRefClk
                0x0000cbe0       0x40 C:/ProgramData/MATLAB/SupportPackages/R2022a/toolbox/target/supportpackages/freedomk64f/src/ksdk_armgcc_lib/bm/libksdk_platform.a(fsl_mcg_hal.o)
                0x0000cbe0                CLOCK_HAL_GetInternalRefClk
 .text.CLOCK_HAL_GetOutClk
                0x0000cc20       0x22 C:/ProgramData/MATLAB/SupportPackages/R2022a/toolbox/target/supportpackages/freedomk64f/src/ksdk_armgcc_lib/bm/libksdk_platform.a(fsl_mcg_hal.o)
                0x0000cc20                CLOCK_HAL_GetOutClk
 .text.CLOCK_HAL_GetFixedFreqClk
                0x0000cc42       0x20 C:/ProgramData/MATLAB/SupportPackages/R2022a/toolbox/target/supportpackages/freedomk64f/src/ksdk_armgcc_lib/bm/libksdk_platform.a(fsl_mcg_hal.o)
                0x0000cc42                CLOCK_HAL_GetFixedFreqClk
 .text.CLOCK_HAL_SetOsc0Mode
                0x0000cc62       0x24 C:/ProgramData/MATLAB/SupportPackages/R2022a/toolbox/target/supportpackages/freedomk64f/src/ksdk_armgcc_lib/bm/libksdk_platform.a(fsl_mcg_hal.o)
                0x0000cc62                CLOCK_HAL_SetOsc0Mode
 *fill*         0x0000cc86        0x2 
 .text.CLOCK_HAL_PrepareOsc
                0x0000cc88       0x30 C:/ProgramData/MATLAB/SupportPackages/R2022a/toolbox/target/supportpackages/freedomk64f/src/ksdk_armgcc_lib/bm/libksdk_platform.a(fsl_mcg_hal_modes.o)
 .text.CLOCK_HAL_GetMcgMode
                0x0000ccb8       0x7c C:/ProgramData/MATLAB/SupportPackages/R2022a/toolbox/target/supportpackages/freedomk64f/src/ksdk_armgcc_lib/bm/libksdk_platform.a(fsl_mcg_hal_modes.o)
                0x0000ccb8                CLOCK_HAL_GetMcgMode
 .text.CLOCK_HAL_SetFbiMode
                0x0000cd34       0xc0 C:/ProgramData/MATLAB/SupportPackages/R2022a/toolbox/target/supportpackages/freedomk64f/src/ksdk_armgcc_lib/bm/libksdk_platform.a(fsl_mcg_hal_modes.o)
                0x0000cd34                CLOCK_HAL_SetFbiMode
 .text.CLOCK_HAL_SetFbeMode
                0x0000cdf4       0xf0 C:/ProgramData/MATLAB/SupportPackages/R2022a/toolbox/target/supportpackages/freedomk64f/src/ksdk_armgcc_lib/bm/libksdk_platform.a(fsl_mcg_hal_modes.o)
                0x0000cdf4                CLOCK_HAL_SetFbeMode
 .text.CLOCK_HAL_SetPbeMode
                0x0000cee4       0xd8 C:/ProgramData/MATLAB/SupportPackages/R2022a/toolbox/target/supportpackages/freedomk64f/src/ksdk_armgcc_lib/bm/libksdk_platform.a(fsl_mcg_hal_modes.o)
                0x0000cee4                CLOCK_HAL_SetPbeMode
 .text.OSC_HAL_SetCapacitor
                0x0000cfbc        0xe C:/ProgramData/MATLAB/SupportPackages/R2022a/toolbox/target/supportpackages/freedomk64f/src/ksdk_armgcc_lib/bm/libksdk_platform.a(fsl_osc_hal.o)
                0x0000cfbc                OSC_HAL_SetCapacitor
 .text.CLOCK_HAL_SetOutDiv
                0x0000cfca       0x28 C:/ProgramData/MATLAB/SupportPackages/R2022a/toolbox/target/supportpackages/freedomk64f/src/ksdk_armgcc_lib/bm/libksdk_platform.a(fsl_sim_hal_MK64F12.o)
                0x0000cfca                CLOCK_HAL_SetOutDiv
 *fill*         0x0000cff2        0x2 
 .text.SIM_HAL_GetFtmExternalClkPinMode
                0x0000cff4       0x70 C:/ProgramData/MATLAB/SupportPackages/R2022a/toolbox/target/supportpackages/freedomk64f/src/ksdk_armgcc_lib/bm/libksdk_platform.a(fsl_sim_hal_MK64F12.o)
                0x0000cff4                SIM_HAL_GetFtmExternalClkPinMode
 .text.UART_DRV_CompleteSendData
                0x0000d064       0x54 C:/ProgramData/MATLAB/SupportPackages/R2022a/toolbox/target/supportpackages/freedomk64f/src/ksdk_armgcc_lib/bm/libksdk_platform.a(fsl_uart_driver.o)
 .text.UART_DRV_CompleteReceiveData
                0x0000d0b8       0x5c C:/ProgramData/MATLAB/SupportPackages/R2022a/toolbox/target/supportpackages/freedomk64f/src/ksdk_armgcc_lib/bm/libksdk_platform.a(fsl_uart_driver.o)
 .text.UART_DRV_IRQHandler
                0x0000d114       0xdc C:/ProgramData/MATLAB/SupportPackages/R2022a/toolbox/target/supportpackages/freedomk64f/src/ksdk_armgcc_lib/bm/libksdk_platform.a(fsl_uart_driver.o)
                0x0000d114                UART_DRV_IRQHandler
 .text.EDMA_HAL_HTCDSetIntCmd
                0x0000d1f0       0x14 C:/ProgramData/MATLAB/SupportPackages/R2022a/toolbox/target/supportpackages/freedomk64f/src/ksdk_armgcc_lib/bm/libksdk_platform.a(fsl_uart_edma_driver.o)
 .text.UART_DRV_EdmaCompleteSendData
                0x0000d204       0x60 C:/ProgramData/MATLAB/SupportPackages/R2022a/toolbox/target/supportpackages/freedomk64f/src/ksdk_armgcc_lib/bm/libksdk_platform.a(fsl_uart_edma_driver.o)
 .text.UART_DRV_EdmaTxCallback
                0x0000d264        0x4 C:/ProgramData/MATLAB/SupportPackages/R2022a/toolbox/target/supportpackages/freedomk64f/src/ksdk_armgcc_lib/bm/libksdk_platform.a(fsl_uart_edma_driver.o)
 .text.UART_DRV_EdmaCompleteReceiveData
                0x0000d268       0x64 C:/ProgramData/MATLAB/SupportPackages/R2022a/toolbox/target/supportpackages/freedomk64f/src/ksdk_armgcc_lib/bm/libksdk_platform.a(fsl_uart_edma_driver.o)
 .text.UART_DRV_EdmaRxCallback
                0x0000d2cc        0x4 C:/ProgramData/MATLAB/SupportPackages/R2022a/toolbox/target/supportpackages/freedomk64f/src/ksdk_armgcc_lib/bm/libksdk_platform.a(fsl_uart_edma_driver.o)
 .text.UART_DRV_EdmaStartSendData
                0x0000d2d0       0x78 C:/ProgramData/MATLAB/SupportPackages/R2022a/toolbox/target/supportpackages/freedomk64f/src/ksdk_armgcc_lib/bm/libksdk_platform.a(fsl_uart_edma_driver.o)
 .text.UART_DRV_EdmaInit
                0x0000d348      0x260 C:/ProgramData/MATLAB/SupportPackages/R2022a/toolbox/target/supportpackages/freedomk64f/src/ksdk_armgcc_lib/bm/libksdk_platform.a(fsl_uart_edma_driver.o)
                0x0000d348                UART_DRV_EdmaInit
 .text.UART_DRV_EdmaSendData
                0x0000d5a8       0x48 C:/ProgramData/MATLAB/SupportPackages/R2022a/toolbox/target/supportpackages/freedomk64f/src/ksdk_armgcc_lib/bm/libksdk_platform.a(fsl_uart_edma_driver.o)
                0x0000d5a8                UART_DRV_EdmaSendData
 .text.UART_DRV_EdmaGetTransmitStatus
                0x0000d5f0       0x58 C:/ProgramData/MATLAB/SupportPackages/R2022a/toolbox/target/supportpackages/freedomk64f/src/ksdk_armgcc_lib/bm/libksdk_platform.a(fsl_uart_edma_driver.o)
                0x0000d5f0                UART_DRV_EdmaGetTransmitStatus
 .text.ADC16_HAL_Init
                0x0000d648       0x10 C:/ProgramData/MATLAB/SupportPackages/R2022a/toolbox/target/supportpackages/freedomk64f/src/ksdk_armgcc_lib/bm/libksdk_platform.a(fsl_adc16_hal.o)
                0x0000d648                ADC16_HAL_Init
 .text.ADC16_HAL_ConfigChn
                0x0000d658       0x40 C:/ProgramData/MATLAB/SupportPackages/R2022a/toolbox/target/supportpackages/freedomk64f/src/ksdk_armgcc_lib/bm/libksdk_platform.a(fsl_adc16_hal.o)
                0x0000d658                ADC16_HAL_ConfigChn
 .text.ADC16_HAL_ConfigConverter
                0x0000d698       0x92 C:/ProgramData/MATLAB/SupportPackages/R2022a/toolbox/target/supportpackages/freedomk64f/src/ksdk_armgcc_lib/bm/libksdk_platform.a(fsl_adc16_hal.o)
                0x0000d698                ADC16_HAL_ConfigConverter
 .text.DMAMUX_HAL_Init
                0x0000d72a       0x22 C:/ProgramData/MATLAB/SupportPackages/R2022a/toolbox/target/supportpackages/freedomk64f/src/ksdk_armgcc_lib/bm/libksdk_platform.a(fsl_dmamux_hal.o)
                0x0000d72a                DMAMUX_HAL_Init
 .text.FTM_HAL_SetChnEdgeLevel.part.0
                0x0000d74c       0x1c C:/ProgramData/MATLAB/SupportPackages/R2022a/toolbox/target/supportpackages/freedomk64f/src/ksdk_armgcc_lib/bm/libksdk_platform.a(fsl_ftm_hal.o)
 .text.FTM_HAL_Init
                0x0000d768       0x3c C:/ProgramData/MATLAB/SupportPackages/R2022a/toolbox/target/supportpackages/freedomk64f/src/ksdk_armgcc_lib/bm/libksdk_platform.a(fsl_ftm_hal.o)
                0x0000d768                FTM_HAL_Init
 .text.FTM_HAL_SetSyncMode
                0x0000d7a4       0x98 C:/ProgramData/MATLAB/SupportPackages/R2022a/toolbox/target/supportpackages/freedomk64f/src/ksdk_armgcc_lib/bm/libksdk_platform.a(fsl_ftm_hal.o)
                0x0000d7a4                FTM_HAL_SetSyncMode
 .text.FTM_HAL_Reset
                0x0000d83c       0x3e C:/ProgramData/MATLAB/SupportPackages/R2022a/toolbox/target/supportpackages/freedomk64f/src/ksdk_armgcc_lib/bm/libksdk_platform.a(fsl_ftm_hal.o)
                0x0000d83c                FTM_HAL_Reset
 .text.FTM_HAL_GetChnPairIndex
                0x0000d87a       0x1e C:/ProgramData/MATLAB/SupportPackages/R2022a/toolbox/target/supportpackages/freedomk64f/src/ksdk_armgcc_lib/bm/libksdk_platform.a(fsl_ftm_hal.o)
                0x0000d87a                FTM_HAL_GetChnPairIndex
 .text.FTM_HAL_EnablePwmMode
                0x0000d898       0xd8 C:/ProgramData/MATLAB/SupportPackages/R2022a/toolbox/target/supportpackages/freedomk64f/src/ksdk_armgcc_lib/bm/libksdk_platform.a(fsl_ftm_hal.o)
                0x0000d898                FTM_HAL_EnablePwmMode
 .text.GPIO_HAL_SetPinDir
                0x0000d970       0x34 C:/ProgramData/MATLAB/SupportPackages/R2022a/toolbox/target/supportpackages/freedomk64f/src/ksdk_armgcc_lib/bm/libksdk_platform.a(fsl_gpio_hal.o)
                0x0000d970                GPIO_HAL_SetPinDir
 .text.GPIO_HAL_WritePinOutput
                0x0000d9a4       0x30 C:/ProgramData/MATLAB/SupportPackages/R2022a/toolbox/target/supportpackages/freedomk64f/src/ksdk_armgcc_lib/bm/libksdk_platform.a(fsl_gpio_hal.o)
                0x0000d9a4                GPIO_HAL_WritePinOutput
 .text.UART_HAL_Init
                0x0000d9d4       0x2a C:/ProgramData/MATLAB/SupportPackages/R2022a/toolbox/target/supportpackages/freedomk64f/src/ksdk_armgcc_lib/bm/libksdk_platform.a(fsl_uart_hal.o)
                0x0000d9d4                UART_HAL_Init
 .text.UART_HAL_SetBaudRate
                0x0000d9fe       0x42 C:/ProgramData/MATLAB/SupportPackages/R2022a/toolbox/target/supportpackages/freedomk64f/src/ksdk_armgcc_lib/bm/libksdk_platform.a(fsl_uart_hal.o)
                0x0000d9fe                UART_HAL_SetBaudRate
 .text.UART_HAL_SetParityMode
                0x0000da40       0x18 C:/ProgramData/MATLAB/SupportPackages/R2022a/toolbox/target/supportpackages/freedomk64f/src/ksdk_armgcc_lib/bm/libksdk_platform.a(fsl_uart_hal.o)
                0x0000da40                UART_HAL_SetParityMode
 .text.UART_HAL_Putchar
                0x0000da58        0x6 C:/ProgramData/MATLAB/SupportPackages/R2022a/toolbox/target/supportpackages/freedomk64f/src/ksdk_armgcc_lib/bm/libksdk_platform.a(fsl_uart_hal.o)
                0x0000da58                UART_HAL_Putchar
 .text.UART_HAL_Getchar
                0x0000da5e        0x8 C:/ProgramData/MATLAB/SupportPackages/R2022a/toolbox/target/supportpackages/freedomk64f/src/ksdk_armgcc_lib/bm/libksdk_platform.a(fsl_uart_hal.o)
                0x0000da5e                UART_HAL_Getchar
 .text.UART_HAL_SetIntMode
                0x0000da66       0x66 C:/ProgramData/MATLAB/SupportPackages/R2022a/toolbox/target/supportpackages/freedomk64f/src/ksdk_armgcc_lib/bm/libksdk_platform.a(fsl_uart_hal.o)
                0x0000da66                UART_HAL_SetIntMode
 .text.UART_HAL_SetTxDmaCmd
                0x0000dacc       0x28 C:/ProgramData/MATLAB/SupportPackages/R2022a/toolbox/target/supportpackages/freedomk64f/src/ksdk_armgcc_lib/bm/libksdk_platform.a(fsl_uart_hal.o)
                0x0000dacc                UART_HAL_SetTxDmaCmd
 .text.UART_HAL_SetRxDmaCmd
                0x0000daf4       0x1c C:/ProgramData/MATLAB/SupportPackages/R2022a/toolbox/target/supportpackages/freedomk64f/src/ksdk_armgcc_lib/bm/libksdk_platform.a(fsl_uart_hal.o)
                0x0000daf4                UART_HAL_SetRxDmaCmd
 .text.UART_HAL_GetStatusFlag
                0x0000db10       0x30 C:/ProgramData/MATLAB/SupportPackages/R2022a/toolbox/target/supportpackages/freedomk64f/src/ksdk_armgcc_lib/bm/libksdk_platform.a(fsl_uart_hal.o)
                0x0000db10                UART_HAL_GetStatusFlag
 .text.UART_HAL_ClearStatusFlag
                0x0000db40       0x7a C:/ProgramData/MATLAB/SupportPackages/R2022a/toolbox/target/supportpackages/freedomk64f/src/ksdk_armgcc_lib/bm/libksdk_platform.a(fsl_uart_hal.o)
                0x0000db40                UART_HAL_ClearStatusFlag
 *fill*         0x0000dbba        0x6 
 .text.ceil     0x0000dbc0      0x100 c:/progra~3/matlab/suppor~1/r2022a/3p778c~1.ins/gnuarm~1.ins/win/bin/../lib/gcc/arm-none-eabi/9.3.1/../../../../arm-none-eabi/lib/thumb/v7e-m+fp/hard\libm.a(lib_a-s_ceil.o)
                0x0000dbc0                ceil
 .text.fabs     0x0000dcc0       0x14 c:/progra~3/matlab/suppor~1/r2022a/3p778c~1.ins/gnuarm~1.ins/win/bin/../lib/gcc/arm-none-eabi/9.3.1/../../../../arm-none-eabi/lib/thumb/v7e-m+fp/hard\libm.a(lib_a-s_fabs.o)
                0x0000dcc0                fabs
 *fill*         0x0000dcd4        0x4 
 .text.floor    0x0000dcd8      0x108 c:/progra~3/matlab/suppor~1/r2022a/3p778c~1.ins/gnuarm~1.ins/win/bin/../lib/gcc/arm-none-eabi/9.3.1/../../../../arm-none-eabi/lib/thumb/v7e-m+fp/hard\libm.a(lib_a-s_floor.o)
                0x0000dcd8                floor
 .text.fmod     0x0000dde0       0x88 c:/progra~3/matlab/suppor~1/r2022a/3p778c~1.ins/gnuarm~1.ins/win/bin/../lib/gcc/arm-none-eabi/9.3.1/../../../../arm-none-eabi/lib/thumb/v7e-m+fp/hard\libm.a(lib_a-w_fmod.o)
                0x0000dde0                fmod
 .text.sqrt     0x0000de68       0x74 c:/progra~3/matlab/suppor~1/r2022a/3p778c~1.ins/gnuarm~1.ins/win/bin/../lib/gcc/arm-none-eabi/9.3.1/../../../../arm-none-eabi/lib/thumb/v7e-m+fp/hard\libm.a(lib_a-w_sqrt.o)
                0x0000de68                sqrt
 .text.__ieee754_fmod
                0x0000dedc      0x280 c:/progra~3/matlab/suppor~1/r2022a/3p778c~1.ins/gnuarm~1.ins/win/bin/../lib/gcc/arm-none-eabi/9.3.1/../../../../arm-none-eabi/lib/thumb/v7e-m+fp/hard\libm.a(lib_a-e_fmod.o)
                0x0000dedc                __ieee754_fmod
 .text.__ieee754_sqrt
                0x0000e15c      0x188 c:/progra~3/matlab/suppor~1/r2022a/3p778c~1.ins/gnuarm~1.ins/win/bin/../lib/gcc/arm-none-eabi/9.3.1/../../../../arm-none-eabi/lib/thumb/v7e-m+fp/hard\libm.a(lib_a-e_sqrt.o)
                0x0000e15c                __ieee754_sqrt
 .text.abort    0x0000e2e4       0x10 c:/progra~3/matlab/suppor~1/r2022a/3p778c~1.ins/gnuarm~1.ins/win/bin/../lib/gcc/arm-none-eabi/9.3.1/../../../../arm-none-eabi/lib/thumb/v7e-m+fp/hard\libg.a(lib_a-abort.o)
                0x0000e2e4                abort
 .text.__assert_func
                0x0000e2f4       0x3c c:/progra~3/matlab/suppor~1/r2022a/3p778c~1.ins/gnuarm~1.ins/win/bin/../lib/gcc/arm-none-eabi/9.3.1/../../../../arm-none-eabi/lib/thumb/v7e-m+fp/hard\libg.a(lib_a-assert.o)
                0x0000e2f4                __assert_func
 .text.atexit   0x0000e330        0xc c:/progra~3/matlab/suppor~1/r2022a/3p778c~1.ins/gnuarm~1.ins/win/bin/../lib/gcc/arm-none-eabi/9.3.1/../../../../arm-none-eabi/lib/thumb/v7e-m+fp/hard\libg.a(lib_a-atexit.o)
                0x0000e330                atexit
 .text.__errno  0x0000e33c        0xc c:/progra~3/matlab/suppor~1/r2022a/3p778c~1.ins/gnuarm~1.ins/win/bin/../lib/gcc/arm-none-eabi/9.3.1/../../../../arm-none-eabi/lib/thumb/v7e-m+fp/hard\libg.a(lib_a-errno.o)