Archive member included to satisfy reference by file (symbol)

C:/ProgramData/MATLAB/SupportPackages/R2022a/toolbox/target/supportpackages/freedomk64f/bin/libcodertarget_RTIOStreamAppSvc.lib(RTIOStreamTgtAppSvcCIntrf.o)
                              k64f_rtiostream_commservice.o (sendToCommSvc)
C:/ProgramData/MATLAB/SupportPackages/R2022a/toolbox/target/supportpackages/freedomk64f/bin/libcodertarget_RTIOStreamAppSvc.lib(RTIOStreamTgtAppSvc.o)
                              C:/ProgramData/MATLAB/SupportPackages/R2022a/toolbox/target/supportpackages/freedomk64f/bin/libcodertarget_RTIOStreamAppSvc.lib(RTIOStreamTgtAppSvcCIntrf.o) (RTIOStreamTgtAppSvc::get_instance())
C:/ProgramData/MATLAB/SupportPackages/R2022a/toolbox/target/supportpackages/freedomk64f/bin/bm/libcodertarget_TargetServices.lib(CommService.o)
                              C:/ProgramData/MATLAB/SupportPackages/R2022a/toolbox/target/supportpackages/freedomk64f/bin/libcodertarget_RTIOStreamAppSvc.lib(RTIOStreamTgtAppSvc.o) (coder::tgtsvc::CommService::sendMessage(coder::tgtsvc::Message*, coder::tgtsvc::Message::Priority))
C:/ProgramData/MATLAB/SupportPackages/R2022a/toolbox/target/supportpackages/freedomk64f/bin/bm/libcodertarget_TargetServices.lib(Application.o)
                              C:/ProgramData/MATLAB/SupportPackages/R2022a/toolbox/target/supportpackages/freedomk64f/bin/bm/libcodertarget_TargetServices.lib(CommService.o) (coder::tgtsvc::Application::dispatch(coder::tgtsvc::Message*))
C:/ProgramData/MATLAB/SupportPackages/R2022a/toolbox/target/supportpackages/freedomk64f/bin/bm/libcodertarget_TargetServices.lib(Message.o)
                              C:/ProgramData/MATLAB/SupportPackages/R2022a/toolbox/target/supportpackages/freedomk64f/bin/bm/libcodertarget_TargetServices.lib(CommService.o) (coder::tgtsvc::Message::operator new(unsigned int))
C:/ProgramData/MATLAB/SupportPackages/R2022a/toolbox/target/supportpackages/freedomk64f/bin/bm/libcodertarget_TargetServices.lib(critical_section.o)
                              C:/ProgramData/MATLAB/SupportPackages/R2022a/toolbox/target/supportpackages/freedomk64f/bin/bm/libcodertarget_TargetServices.lib(CommService.o) (enter_critical_section)
C:/ProgramData/MATLAB/SupportPackages/R2022a/toolbox/target/supportpackages/freedomk64f/bin/bm/libcodertarget_TargetServices.lib(MemoryService.o)
                              C:/ProgramData/MATLAB/SupportPackages/R2022a/toolbox/target/supportpackages/freedomk64f/bin/bm/libcodertarget_TargetServices.lib(Message.o) (coder::tgtsvc::MemoryService::instance())
C:/ProgramData/MATLAB/SupportPackages/R2022a/3P.instrset/cmsis.instrset/CMSIS/RTOS/RTX/LIB/GCC/libRTX_CM4.a(rt_cmsis.o)
                              RTX_Conf_CM.o (osKernelInitialize)
C:/ProgramData/MATLAB/SupportPackages/R2022a/3P.instrset/cmsis.instrset/CMSIS/RTOS/RTX/LIB/GCC/libRTX_CM4.a(hal_cm.o)
                              C:/ProgramData/MATLAB/SupportPackages/R2022a/3P.instrset/cmsis.instrset/CMSIS/RTOS/RTX/LIB/GCC/libRTX_CM4.a(rt_cmsis.o) (rt_ret_val)
C:/ProgramData/MATLAB/SupportPackages/R2022a/3P.instrset/cmsis.instrset/CMSIS/RTOS/RTX/LIB/GCC/libRTX_CM4.a(rt_memory.o)
                              C:/ProgramData/MATLAB/SupportPackages/R2022a/3P.instrset/cmsis.instrset/CMSIS/RTOS/RTX/LIB/GCC/libRTX_CM4.a(rt_cmsis.o) (rt_init_mem)
C:/ProgramData/MATLAB/SupportPackages/R2022a/3P.instrset/cmsis.instrset/CMSIS/RTOS/RTX/LIB/GCC/libRTX_CM4.a(rt_membox.o)
                              C:/ProgramData/MATLAB/SupportPackages/R2022a/3P.instrset/cmsis.instrset/CMSIS/RTOS/RTX/LIB/GCC/libRTX_CM4.a(rt_cmsis.o) (_init_box)
C:/ProgramData/MATLAB/SupportPackages/R2022a/3P.instrset/cmsis.instrset/CMSIS/RTOS/RTX/LIB/GCC/libRTX_CM4.a(rt_mutex.o)
                              C:/ProgramData/MATLAB/SupportPackages/R2022a/3P.instrset/cmsis.instrset/CMSIS/RTOS/RTX/LIB/GCC/libRTX_CM4.a(rt_cmsis.o) (rt_mut_init)
C:/ProgramData/MATLAB/SupportPackages/R2022a/3P.instrset/cmsis.instrset/CMSIS/RTOS/RTX/LIB/GCC/libRTX_CM4.a(rt_time.o)
                              C:/ProgramData/MATLAB/SupportPackages/R2022a/3P.instrset/cmsis.instrset/CMSIS/RTOS/RTX/LIB/GCC/libRTX_CM4.a(rt_cmsis.o) (os_time)
C:/ProgramData/MATLAB/SupportPackages/R2022a/3P.instrset/cmsis.instrset/CMSIS/RTOS/RTX/LIB/GCC/libRTX_CM4.a(rt_semaphore.o)
                              C:/ProgramData/MATLAB/SupportPackages/R2022a/3P.instrset/cmsis.instrset/CMSIS/RTOS/RTX/LIB/GCC/libRTX_CM4.a(rt_cmsis.o) (rt_sem_init)
C:/ProgramData/MATLAB/SupportPackages/R2022a/3P.instrset/cmsis.instrset/CMSIS/RTOS/RTX/LIB/GCC/libRTX_CM4.a(rt_mailbox.o)
                              C:/ProgramData/MATLAB/SupportPackages/R2022a/3P.instrset/cmsis.instrset/CMSIS/RTOS/RTX/LIB/GCC/libRTX_CM4.a(rt_cmsis.o) (rt_mbx_init)
C:/ProgramData/MATLAB/SupportPackages/R2022a/3P.instrset/cmsis.instrset/CMSIS/RTOS/RTX/LIB/GCC/libRTX_CM4.a(rt_list.o)
[...]
Memory Configuration

Name             Origin             Length             Attributes
m_interrupts     0x00000000         0x00000400         xr
m_flash_config   0x00000400         0x00000010         xr
m_text           0x00000410         0x000ffbf0         xr
m_data_2         0x1fff0000         0x00010000         rw
m_data           0x20000000         0x00030000         rw
*default*        0x00000000         0xffffffff

Linker script and memory map

LOAD c:/progra~3/matlab/suppor~1/r2022a/3p778c~1.ins/gnuarm~1.ins/win/bin/../lib/gcc/arm-none-eabi/9.3.1/thumb/v7e-m+fp/hard/crti.o
LOAD c:/progra~3/matlab/suppor~1/r2022a/3p778c~1.ins/gnuarm~1.ins/win/bin/../lib/gcc/arm-none-eabi/9.3.1/thumb/v7e-m+fp/hard/crtbegin.o
LOAD c:/progra~3/matlab/suppor~1/r2022a/3p778c~1.ins/gnuarm~1.ins/win/bin/../lib/gcc/arm-none-eabi/9.3.1/../../../../arm-none-eabi/lib/thumb/v7e-m+fp/hard/crt0.o
LOAD MW_PWM.o
LOAD mw_sdk_interface.o
LOAD MW_digitalIO.o
LOAD i2c_api.o
LOAD MW_I2C.o
LOAD ert_main.o
LOAD assignment_1.o
LOAD assignment_1_data.o
LOAD assignment_1_tgtconn.o
LOAD updown.o
LOAD ext_work.o
LOAD startup.o
LOAD system_MK64F12.o
LOAD startup_MK64F12.o
LOAD board.o
LOAD hardware_init.o
LOAD pin_mux.o
LOAD fsl_misc_utilities.o
LOAD fsl_edma_irq.o
LOAD fsl_uart_irq.o
LOAD irq_stub.o
LOAD sbrk.o
LOAD cmsis_rtos_init.o
LOAD RTX_Conf_CM.o
LOAD mw_thread.o
LOAD mw_semaphore.o
LOAD mw_timer.o
LOAD mw_signal.o
LOAD k64f_rtiostream_interface.o
LOAD k64f_rtiostream_commservice.o
LOAD k64f_ext_svr.o
LOAD k64f_rtiostream_utils.o
LOAD tgtSvc_UARTInfo.o
LOAD C:/ProgramData/MATLAB/SupportPackages/R2022a/toolbox/target/supportpackages/freedomk64f/bin/libcodertarget_RTIOStreamAppSvc.lib
LOAD C:/ProgramData/MATLAB/SupportPackages/R2022a/toolbox/target/supportpackages/freedomk64f/bin/bm/libcodertarget_TargetServices.lib
LOAD C:/ProgramData/MATLAB/SupportPackages/R2022a/3P.instrset/cmsis.instrset/CMSIS/DSP/Lib/GCC/libarm_cortexM4lf_math.a
LOAD C:/ProgramData/MATLAB/SupportPackages/R2022a/3P.instrset/cmsis.instrset/CMSIS/RTOS/RTX/LIB/GCC/libRTX_CM4.a
LOAD C:/ProgramData/MATLAB/SupportPackages/R2022a/toolbox/target/supportpackages/freedomk64f/src/ksdk_armgcc_lib/bm/libksdk_platform.a
LOAD c:/progra~3/matlab/suppor~1/r2022a/3p778c~1.ins/gnuarm~1.ins/win/bin/../lib/gcc/arm-none-eabi/9.3.1/../../../../arm-none-eabi/lib/thumb/v7e-m+fp/hard\libstdc++.a
LOAD c:/progra~3/matlab/suppor~1/r2022a/3p778c~1.ins/gnuarm~1.ins/win/bin/../lib/gcc/arm-none-eabi/9.3.1/../../../../arm-none-eabi/lib/thumb/v7e-m+fp/hard\libm.a
START GROUP
LOAD c:/progra~3/matlab/suppor~1/r2022a/3p778c~1.ins/gnuarm~1.ins/win/bin/../lib/gcc/arm-none-eabi/9.3.1/thumb/v7e-m+fp/hard\libgcc.a
LOAD c:/progra~3/matlab/suppor~1/r2022a/3p778c~1.ins/gnuarm~1.ins/win/bin/../lib/gcc/arm-none-eabi/9.3.1/../../../../arm-none-eabi/lib/thumb/v7e-m+fp/hard\libg.a
LOAD c:/progra~3/matlab/suppor~1/r2022a/3p778c~1.ins/gnuarm~1.ins/win/bin/../lib/gcc/arm-none-eabi/9.3.1/../../../../arm-none-eabi/lib/thumb/v7e-m+fp/hard\libc.a
END GROUP
START GROUP
LOAD c:/progra~3/matlab/suppor~1/r2022a/3p778c~1.ins/gnuarm~1.ins/win/bin/../lib/gcc/arm-none-eabi/9.3.1/thumb/v7e-m+fp/hard\libgcc.a
LOAD c:/progra~3/matlab/suppor~1/r2022a/3p778c~1.ins/gnuarm~1.ins/win/bin/../lib/gcc/arm-none-eabi/9.3.1/../../../../arm-none-eabi/lib/thumb/v7e-m+fp/hard\libc.a
LOAD c:/progra~3/matlab/suppor~1/r2022a/3p778c~1.ins/gnuarm~1.ins/win/bin/../lib/gcc/arm-none-eabi/9.3.1/../../../../arm-none-eabi/lib/thumb/v7e-m+fp/hard\libnosys.a
END GROUP
LOAD c:/progra~3/matlab/suppor~1/r2022a/3p778c~1.ins/gnuarm~1.ins/win/bin/../lib/gcc/arm-none-eabi/9.3.1/thumb/v7e-m+fp/hard/crtend.o
LOAD c:/progra~3/matlab/suppor~1/r2022a/3p778c~1.ins/gnuarm~1.ins/win/bin/../lib/gcc/arm-none-eabi/9.3.1/thumb/v7e-m+fp/hard/crtn.o
                0x00000400                HEAP_SIZE = DEFINED (__heap_size__)?__heap_size__:0x400
                0x00000400                STACK_SIZE = DEFINED (__stack_size__)?__stack_size__:0x400
                0x00000000                M_VECTOR_RAM_SIZE = DEFINED (__ram_vector_table__)?0x400:0x0

.interrupts     0x00000000      0x400
                0x00000000                __VECTOR_TABLE = .
                0x00000000                . = ALIGN (0x4)
 *(.isr_vector)
 .isr_vector    0x00000000      0x400 startup_MK64F12.o
                0x00000000                __isr_vector
                0x00000400                . = ALIGN (0x4)

.flash_config   0x00000400       0x10
                0x00000400                . = ALIGN (0x4)
 *(.FlashConfig)
 .FlashConfig   0x00000400       0x10 startup_MK64F12.o
                0x00000410                . = ALIGN (0x4)

.text           0x00000440    0x1f7a0
                0x00000440                . = ALIGN (0x4)
 *(.text)
 .text          0x00000440       0x40 c:/progra~3/matlab/suppor~1/r2022a/3p778c~1.ins/gnuarm~1.ins/win/bin/../lib/gcc/arm-none-eabi/9.3.1/thumb/v7e-m+fp/hard/crtbegin.o
 .text          0x00000480       0x7c c:/progra~3/matlab/suppor~1/r2022a/3p778c~1.ins/gnuarm~1.ins/win/bin/../lib/gcc/arm-none-eabi/9.3.1/../../../../arm-none-eabi/lib/thumb/v7e-m+fp/hard/crt0.o
                0x00000480                _stack_init
                0x00000488                _start
                0x00000488                _mainCRTStartup
 .text          0x000004fc       0x14 startup_MK64F12.o
                0x000004fc                Reset_Handler
                0x0000050c                ENET_Receive_IRQHandler
                0x0000050c                ENET_1588_Timer_IRQHandler
                0x0000050c                DefaultISR
                0x0000050c                PIT2_IRQHandler
                0x0000050c                PIT0_IRQHandler
                0x0000050c                ENET_Error_IRQHandler
                0x0000050c                PIT3_IRQHandler
                0x0000050c                SDHC_IRQHandler
                0x0000050c                ENET_Transmit_IRQHandler
                0x0000050c                PIT1_IRQHandler
 .text          0x00000510      0x198 C:/ProgramData/MATLAB/SupportPackages/R2022a/3P.instrset/cmsis.instrset/CMSIS/RTOS/RTX/LIB/GCC/libRTX_CM4.a(hal_cm4.o)
                0x00000510                rt_set_PSP
                0x00000516                rt_get_PSP
                0x0000051c                os_set_env
                0x00000534                _alloc_box
                0x00000550                _free_box
                0x0000056c                SVC_Handler
                0x00000612                PendSV_Handler
                0x00000618                Sys_Switch
                0x00000672                SysTick_Handler
                0x0000067c                OS_Tick_Handler
 .text          0x000006a8     0x6ca8 c:/progra~3/matlab/suppor~1/r2022a/3p778c~1.ins/gnuarm~1.ins/win/bin/../lib/gcc/arm-none-eabi/9.3.1/../../../../arm-none-eabi/lib/thumb/v7e-m+fp/hard\libstdc++.a(cp-demangle.o)
                0x00007268                __cxa_demangle
                0x0000732c                __gcclibcxx_demangle_callback
 .text          0x00007350      0x378 c:/progra~3/matlab/suppor~1/r2022a/3p778c~1.ins/gnuarm~1.ins/win/bin/../lib/gcc/arm-none-eabi/9.3.1/thumb/v7e-m+fp/hard\libgcc.a(_arm_addsubdf3.o)
                0x00007350                __aeabi_drsub
                0x00007358                __aeabi_dsub
                0x00007358                __subdf3
                0x0000735c                __aeabi_dadd
                0x0000735c                __adddf3
                0x000075d4                __floatunsidf
                0x000075d4                __aeabi_ui2d
                0x000075f4                __floatsidf
                0x000075f4                __aeabi_i2d
                0x00007618                __aeabi_f2d
                0x00007618                __extendsfdf2
                0x0000765c                __floatundidf
                0x0000765c                __aeabi_ul2d
                0x0000766c                __floatdidf
                0x0000766c                __aeabi_l2d
 .text          0x000076c8      0x424 c:/progra~3/matlab/suppor~1/r2022a/3p778c~1.ins/gnuarm~1.ins/win/bin/../lib/gcc/arm-none-eabi/9.3.1/thumb/v7e-m+fp/hard\libgcc.a(_arm_muldivdf3.o)
                0x000076c8                __aeabi_dmul
                0x000076c8                __muldf3
                0x0000791c                __divdf3
                0x0000791c                __aeabi_ddiv
 .text          0x00007aec      0x110 c:/progra~3/matlab/suppor~1/r2022a/3p778c~1.ins/gnuarm~1.ins/win/bin/../lib/gcc/arm-none-eabi/9.3.1/thumb/v7e-m+fp/hard\libgcc.a(_arm_cmpdf2.o)
                0x00007aec                __gtdf2
                0x00007aec                __gedf2
                0x00007af4                __ltdf2
                0x00007af4                __ledf2
                0x00007afc                __nedf2
                0x00007afc                __eqdf2
                0x00007afc                __cmpdf2
                0x00007b78                __aeabi_cdrcmple
                0x00007b88                __aeabi_cdcmpeq
                0x00007b88                __aeabi_cdcmple
                0x00007b98                __aeabi_dcmpeq
                0x00007bac                __aeabi_dcmplt
                0x00007bc0                __aeabi_dcmple
                0x00007bd4                __aeabi_dcmpge
                0x00007be8                __aeabi_dcmpgt
 .text          0x00007bfc       0x50 c:/progra~3/matlab/suppor~1/r2022a/3p778c~1.ins/gnuarm~1.ins/win/bin/../lib/gcc/arm-none-eabi/9.3.1/thumb/v7e-m+fp/hard\libgcc.a(_arm_fixdfsi.o)
                0x00007bfc                __aeabi_d2iz
                0x00007bfc                __fixdfsi
 .text          0x00007c4c       0x40 c:/progra~3/matlab/suppor~1/r2022a/3p778c~1.ins/gnuarm~1.ins/win/bin/../lib/gcc/arm-none-eabi/9.3.1/thumb/v7e-m+fp/hard\libgcc.a(_arm_fixunsdfsi.o)
                0x00007c4c                __aeabi_d2uiz
                0x00007c4c                __fixunsdfsi
 .text          0x00007c8c       0x30 c:/progra~3/matlab/suppor~1/r2022a/3p778c~1.ins/gnuarm~1.ins/win/bin/../lib/gcc/arm-none-eabi/9.3.1/thumb/v7e-m+fp/hard\libgcc.a(_aeabi_uldivmod.o)
                0x00007c8c                __aeabi_uldivmod
 .text          0x00007cbc      0x2c4 c:/progra~3/matlab/suppor~1/r2022a/3p778c~1.ins/gnuarm~1.ins/win/bin/../lib/gcc/arm-none-eabi/9.3.1/thumb/v7e-m+fp/hard\libgcc.a(_udivmoddi4.o)
                0x00007cbc                __udivmoddi4
 .text          0x00007f80      0x9b8 c:/progra~3/matlab/suppor~1/r2022a/3p778c~1.ins/gnuarm~1.ins/win/bin/../lib/gcc/arm-none-eabi/9.3.1/thumb/v7e-m+fp/hard\libgcc.a(unwind-arm.o)
                0x00008228                _Unwind_GetCFA
                0x0000822c                __gnu_Unwind_RaiseException
                0x0000828c                __gnu_Unwind_ForcedUnwind
                0x000082a0                __gnu_Unwind_Resume
                0x000082e4                __gnu_Unwind_Resume_or_Rethrow
                0x000082f4                _Unwind_Complete
                0x000082f8                _Unwind_DeleteException
                0x00008304                _Unwind_VRS_Get
                0x0000834c                _Unwind_VRS_Set
                0x00008394                __gnu_Unwind_Backtrace
                0x000086b4                __aeabi_unwind_cpp_pr0
                0x000086b8                __aeabi_unwind_cpp_pr1
                0x000086bc                __aeabi_unwind_cpp_pr2
                0x000086c0                _Unwind_VRS_Pop
 .text          0x00008938      0x1ac c:/progra~3/matlab/suppor~1/r2022a/3p778c~1.ins/gnuarm~1.ins/win/bin/../lib/gcc/arm-none-eabi/9.3.1/thumb/v7e-m+fp/hard\libgcc.a(libunwind.o)
                0x00008938                __restore_core_regs
                0x00008938                restore_core_regs
                0x00008950                __gnu_Unwind_Restore_VFP
                0x00008958                __gnu_Unwind_Save_VFP
                0x00008960                __gnu_Unwind_Restore_VFP_D
                0x00008968                __gnu_Unwind_Save_VFP_D
                0x00008970                __gnu_Unwind_Restore_VFP_D_16_to_31
                0x00008978                __gnu_Unwind_Save_VFP_D_16_to_31
                0x00008980                __gnu_Unwind_Restore_WMMXD
                0x000089c4                __gnu_Unwind_Save_WMMXD
                0x00008a08                __gnu_Unwind_Restore_WMMXC
                0x00008a1c                __gnu_Unwind_Save_WMMXC
                0x00008a30                ___Unwind_RaiseException
                0x00008a30                _Unwind_RaiseException
                0x00008a54                _Unwind_Resume
                0x00008a54                ___Unwind_Resume
                0x00008a78                _Unwind_Resume_or_Rethrow
                0x00008a78                ___Unwind_Resume_or_Rethrow
                0x00008a9c                _Unwind_ForcedUnwind
                0x00008a9c                ___Unwind_ForcedUnwind
                0x00008ac0                ___Unwind_Backtrace
                0x00008ac0                _Unwind_Backtrace
 .text          0x00008ae4      0x340 c:/progra~3/matlab/suppor~1/r2022a/3p778c~1.ins/gnuarm~1.ins/win/bin/../lib/gcc/arm-none-eabi/9.3.1/thumb/v7e-m+fp/hard\libgcc.a(pr-support.o)
                0x00008b3c                __gnu_unwind_execute
                0x00008dd8                __gnu_unwind_frame
                0x00008e04                _Unwind_GetRegionStart
                0x00008e10                _Unwind_GetLanguageSpecificData
 .text          0x00008e24        0x4 c:/progra~3/matlab/suppor~1/r2022a/3p778c~1.ins/gnuarm~1.ins/win/bin/../lib/gcc/arm-none-eabi/9.3.1/thumb/v7e-m+fp/hard\libgcc.a(_dvmd_tls.o)
                0x00008e24                __aeabi_idiv0
                0x00008e24                __aeabi_ldiv0
 *fill*         0x00008e28        0x8 
 .text          0x00008e30       0xa0 c:/progra~3/matlab/suppor~1/r2022a/3p778c~1.ins/gnuarm~1.ins/win/bin/../lib/gcc/arm-none-eabi/9.3.1/../../../../arm-none-eabi/lib/thumb/v7e-m+fp/hard\libg.a(lib_a-memchr.o)
                0x00008e30                memchr
 .text          0x00008ed0      0x134 c:/progra~3/matlab/suppor~1/r2022a/3p778c~1.ins/gnuarm~1.ins/win/bin/../lib/gcc/arm-none-eabi/9.3.1/../../../../arm-none-eabi/lib/thumb/v7e-m+fp/hard\libg.a(lib_a-memcpy.o)
                0x00008ed0                memcpy
 *fill*         0x00009004       0x1c 
 .text          0x00009020      0x2dc c:/progra~3/matlab/suppor~1/r2022a/3p778c~1.ins/gnuarm~1.ins/win/bin/../lib/gcc/arm-none-eabi/9.3.1/../../../../arm-none-eabi/lib/thumb/v7e-m+fp/hard\libg.a(lib_a-strcmp.o)
                0x00009028                strcmp
 *fill*         0x000092fc        0x4 
 .text          0x00009300       0xdc c:/progra~3/matlab/suppor~1/r2022a/3p778c~1.ins/gnuarm~1.ins/win/bin/../lib/gcc/arm-none-eabi/9.3.1/../../../../arm-none-eabi/lib/thumb/v7e-m+fp/hard\libg.a(lib_a-strlen.o)
                0x00009300                strlen
 .text          0x000093dc       0x2c c:/progra~3/matlab/suppor~1/r2022a/3p778c~1.ins/gnuarm~1.ins/win/bin/../lib/gcc/arm-none-eabi/9.3.1/thumb/v7e-m+fp/hard\libgcc.a(_arm_unorddf2.o)
                0x000093dc                __unorddf2
                0x000093dc                __aeabi_dcmpun
 *(.text*)
 .text.PORT_HAL_SetMuxMode
                0x00009408       0x58 MW_PWM.o
 .text.FTM_HAL_SetClockSource
                0x00009460       0x2e MW_PWM.o
 *fill*         0x0000948e        0x2 
 .text.MW_PWM_Open
                0x00009490      0x164 MW_PWM.o
                0x00009490                MW_PWM_Open
 .text.MW_PWM_Start
                0x000095f4       0x14 MW_PWM.o
                0x000095f4                MW_PWM_Start
 .text.MW_PWM_SetDutyCycle
                0x00009608       0x7c MW_PWM.o
                0x00009608                MW_PWM_SetDutyCycle
 .text.MW_PWM_Stop
                0x00009684       0x2c MW_PWM.o
                0x00009684                MW_PWM_Stop
 .text.MW_PWM_Close
                0x000096b0       0x14 MW_PWM.o
                0x000096b0                MW_PWM_Close
 .text.MW_digitalIO_open
                0x000096c4       0xe0 MW_digitalIO.o
                0x000096c4                MW_digitalIO_open
 .text.MW_digitalIO_read
                0x000097a4       0x70 MW_digitalIO.o
                0x000097a4                MW_digitalIO_read
 .text.MW_digitalIO_write
                0x00009814       0x7e MW_digitalIO.o
                0x00009814                MW_digitalIO_write
 .text.MW_digitalIO_close
                0x00009892       0x3c MW_digitalIO.o
                0x00009892                MW_digitalIO_close
 .text.CLOCK_SYS_GetI2cFreq
                0x000098ce       0x16 i2c_api.o
 .text.I2C_HAL_Enable
                0x000098e4       0x28 i2c_api.o
 .text.I2C_HAL_SendAck
                0x0000990c       0x28 i2c_api.o
 .text.I2C_HAL_SendNak
                0x00009934       0x28 i2c_api.o
 .text.I2C_HAL_SetDirMode
                0x0000995c       0x2e i2c_api.o
 .text.I2C_HAL_ReadByte
                0x0000998a       0x1a i2c_api.o
 .text.I2C_HAL_WriteByte
                0x000099a4       0x1e i2c_api.o
 .text.I2C_HAL_GetStatusFlag
                0x000099c2       0x34 i2c_api.o
 .text.I2C_HAL_IsMaster
                0x000099f6       0x32 i2c_api.o
 .text.I2C_HAL_SetIntCmd
                0x00009a28       0x2c i2c_api.o
 .text.I2C_HAL_ClearInt
                0x00009a54       0x1a i2c_api.o
 *fill*         0x00009a6e        0x2 
 .text.PORT_HAL_SetOpenDrainCmd
                0x00009a70       0x50 i2c_api.o
 .text.PORT_HAL_SetMuxMode
                0x00009ac0       0x58 i2c_api.o
 .text.i2c_init
                0x00009b18       0x54 i2c_api.o
                0x00009b18                i2c_init
 .text.i2c_start
                0x00009b6c       0x28 i2c_api.o
                0x00009b6c                i2c_start
 .text.i2c_stop
                0x00009b94       0x50 i2c_api.o
                0x00009b94                i2c_stop
 .text.timeout_status_poll
                0x00009be4       0x58 i2c_api.o
 .text.i2c_wait_end_tx_transfer
                0x00009c3c       0x54 i2c_api.o
 .text.i2c_wait_end_rx_transfer
                0x00009c90       0x3c i2c_api.o
 .text.i2c_do_write
                0x00009ccc       0x38 i2c_api.o
 .text.i2c_do_read
                0x00009d04       0x50 i2c_api.o
 .text.i2c_frequency
                0x00009d54       0x50 i2c_api.o
                0x00009d54                i2c_frequency
 .text.i2c_read
                0x00009da4       0xe0 i2c_api.o
                0x00009da4                i2c_read
 .text.i2c_write
                0x00009e84       0x90 i2c_api.o
                0x00009e84                i2c_write
 .text.configure_i2c_pins
                0x00009f14       0x7c i2c_api.o
                0x00009f14                configure_i2c_pins
 .text.MW_I2C_Open
                0x00009f90       0x48 MW_I2C.o
                0x00009f90                MW_I2C_Open
 .text.MW_I2C_SetBusSpeed
                0x00009fd8       0x2e MW_I2C.o
                0x00009fd8                MW_I2C_SetBusSpeed
 .text.MW_I2C_MasterRead
                0x0000a006       0x68 MW_I2C.o
                0x0000a006                MW_I2C_MasterRead
 .text.MW_I2C_MasterWrite
                0x0000a06e       0x68 MW_I2C.o
                0x0000a06e                MW_I2C_MasterWrite
 .text.MW_I2C_Close
                0x0000a0d6       0x14 MW_I2C.o
                0x0000a0d6                MW_I2C_Close
 *fill*         0x0000a0ea        0x2 
 .text.baseRateTask
                0x0000a0ec       0xec ert_main.o
                0x0000a0ec                baseRateTask
 .text.terminateTask
                0x0000a1d8       0x58 ert_main.o
                0x0000a1d8                terminateTask
 .text.backgroundTask
                0x0000a230       0x50 ert_main.o
                0x0000a230                backgroundTask
 .text.main     0x0000a280       0xac ert_main.o
                0x0000a280                main
 .text.assignment_1_bitshift_anonFcn1
                0x0000a32c       0xb4 assignment_1.o
 .text.assign_enter_atomic_Charging_gp
                0x0000a3e0       0x60 assignment_1.o
 .text.assignmen_enter_atomic_Charging
                0x0000a440       0x60 assignment_1.o
 .text.assignment_1_SystemCore_setup
                0x0000a4a0      0x158 assignment_1.o
 .text.assignment_1_step
                0x0000a5f8     0x12f8 assignment_1.o
                0x0000a5f8                assignment_1_step
 .text.assignment_1_initialize
                0x0000b8f0      0x7b4 assignment_1.o
                0x0000b8f0                assignment_1_initialize
 .text.assignment_1_terminate
                0x0000c0a4      0x3ec assignment_1.o
                0x0000c0a4                assignment_1_terminate
 .text.TgtConnInit
                0x0000c490       0x1c assignment_1_tgtconn.o
                0x0000c490                TgtConnInit
 .text.TgtConnTerm
                0x0000c4ac        0xc assignment_1_tgtconn.o
                0x0000c4ac                TgtConnTerm
 .text.SetParam
                0x0000c4b8      0x120 updown.o
                0x0000c4b8                SetParam
 .text.InitUploadSection
                0x0000c5d8       0xc0 updown.o
 .text.InitSysUploadTable
                0x0000c698      0x17c updown.o
 .text.UploadBufInit
                0x0000c814       0x70 updown.o
 .text.UploadDestroyTrigger
                0x0000c884       0xd0 updown.o
 .text.UploadLogInfoReset
                0x0000c954       0x6c updown.o
                0x0000c954                UploadLogInfoReset
 .text.UploadLogInfoTerm
                0x0000c9c0      0x108 updown.o
                0x0000c9c0                UploadLogInfoTerm
 .text.UploadPrepareForFinalFlush
                0x0000cac8       0x50 updown.o
                0x0000cac8                UploadPrepareForFinalFlush
 .text.UploadLogInfoInit
                0x0000cb18      0x184 updown.o
                0x0000cb18                UploadLogInfoInit
 .text.UploadInitTrigger
                0x0000cc9c      0x1cc updown.o
                0x0000cc9c                UploadInitTrigger
 .text.UploadArmTrigger
                0x0000ce68       0xa0 updown.o
                0x0000ce68                UploadArmTrigger
 .text.UploadEndLoggingSession
                0x0000cf08       0x38 updown.o
                0x0000cf08                UploadEndLoggingSession
 .text.UploadCancelLogging
                0x0000cf40       0x64 updown.o
                0x0000cf40                UploadCancelLogging
 .text.UploadBufDataSent
                0x0000cfa4       0x68 updown.o
                0x0000cfa4                UploadBufDataSent
 .text.UploadBufAssignMem
                0x0000d00c      0x11e updown.o
 *fill*         0x0000d12a        0x2 
 .text.UploadCheckTriggerSignals
                0x0000d12c      0x198 updown.o
 .text.UploadBufAddTimePoint
                0x0000d2c4      0x4d4 updown.o
                0x0000d2c4                UploadBufAddTimePoint
 .text.UploadCheckTrigger
                0x0000d798       0x94 updown.o
                0x0000d798                UploadCheckTrigger
 .text.UploadCheckEndTrigger
                0x0000d82c       0x5c updown.o
                0x0000d82c                UploadCheckEndTrigger
 .text.SetExtBufListFields
                0x0000d888      0x108 updown.o
 .text.SetExtBufListFieldsForEmptyList
                0x0000d990       0x44 updown.o
 .text.UploadBufGetData
                0x0000d9d4       0xbc updown.o
                0x0000d9d4                UploadBufGetData
 .text.rtExtModePauseIfNeeded
                0x0000da90       0x5c ext_work.o
                0x0000da90                rtExtModePauseIfNeeded
 .text.rtExtModeWaitForStartPkt
                0x0000daec       0x64 ext_work.o
                0x0000daec                rtExtModeWaitForStartPkt
 .text.rtExtModeOneStep
                0x0000db50       0x34 ext_work.o
                0x0000db50                rtExtModeOneStep
 .text.rtExtModeUpload
                0x0000db84       0x1e ext_work.o
                0x0000db84                rtExtModeUpload
 .text.rtExtModeCheckEndTrigger
                0x0000dba2        0xc ext_work.o
                0x0000dba2                rtExtModeCheckEndTrigger
 .text.rtExtModeUploadCheckTrigger
                0x0000dbae       0x16 ext_work.o
                0x0000dbae                rtExtModeUploadCheckTrigger
 .text.rtExtModeCheckInit
                0x0000dbc4       0x14 ext_work.o
                0x0000dbc4                rtExtModeCheckInit
 .text.rtExtModeShutdown
                0x0000dbd8       0x16 ext_work.o
                0x0000dbd8                rtExtModeShutdown
 .text.rtExtModeParseArgs
                0x0000dbee       0x1c ext_work.o
                0x0000dbee                rtExtModeParseArgs
 *fill*         0x0000dc0a        0x2 
 .text.rtERTExtModeSetTFinal
                0x0000dc0c       0x54 ext_work.o
                0x0000dc0c                rtERTExtModeSetTFinal
 .text.rtSetTFinalForExtMode
                0x0000dc60       0x16 ext_work.o
                0x0000dc60                rtSetTFinalForExtMode
 .text.rtERTExtModeStartMsg
                0x0000dc76        0xe ext_work.o
                0x0000dc76                rtERTExtModeStartMsg
 .text.init_data_bss
                0x0000dc84       0xd0 startup.o
                0x0000dc84                init_data_bss
 .text.SystemInit
                0x0000dd54      0x1dc system_MK64F12.o
                0x0000dd54                SystemInit
 .text.SystemCoreClockUpdate
                0x0000df30      0x290 system_MK64F12.o
                0x0000df30                SystemCoreClockUpdate
 .text.PORT_HAL_SetMuxMode
                0x0000e1c0       0x58 board.o
 .text.SMC_HAL_SetProtection
                0x0000e218       0x1e board.o
 *fill*         0x0000e236        0x2 
 .text.BOARD_InitOsc0
                0x0000e238       0x30 board.o
                0x0000e238                BOARD_InitOsc0
 .text.BOARD_InitRtcOsc
                0x0000e268       0x28 board.o
                0x0000e268                BOARD_InitRtcOsc
 .text.BOARD_ClockInit
                0x0000e290       0x34 board.o
                0x0000e290                BOARD_ClockInit
 .text.hardware_init
                0x0000e2c4       0x3c hardware_init.o
                0x0000e2c4                hardware_init
 .text.PORT_HAL_SetMuxMode
                0x0000e300       0x58 pin_mux.o
 .text.SIM_HAL_EnableClock
                0x0000e358       0x44 pin_mux.o
 .text.configure_uart_pins
                0x0000e39c      0x194 pin_mux.o
                0x0000e39c                configure_uart_pins
 .text.DMA0_IRQHandler
                0x0000e530        0xe fsl_edma_irq.o
                0x0000e530                DMA0_IRQHandler
 .text.DMA1_IRQHandler
                0x0000e53e        0xe fsl_edma_irq.o
                0x0000e53e                DMA1_IRQHandler
 .text.DMA2_IRQHandler
                0x0000e54c        0xe fsl_edma_irq.o
                0x0000e54c                DMA2_IRQHandler
 .text.DMA3_IRQHandler
                0x0000e55a        0xe fsl_edma_irq.o
                0x0000e55a                DMA3_IRQHandler
 .text.DMA4_IRQHandler
                0x0000e568        0xe fsl_edma_irq.o
                0x0000e568                DMA4_IRQHandler
 .text.DMA5_IRQHandler
                0x0000e576        0xe fsl_edma_irq.o
                0x0000e576                DMA5_IRQHandler
 .text.DMA6_IRQHandler
                0x0000e584        0xe fsl_edma_irq.o
                0x0000e584                DMA6_IRQHandler
 .text.DMA7_IRQHandler
                0x0000e592        0xe fsl_edma_irq.o
                0x0000e592                DMA7_IRQHandler
 .text.DMA8_IRQHandler
                0x0000e5a0        0xe fsl_edma_irq.o
                0x0000e5a0                DMA8_IRQHandler
 .text.DMA9_IRQHandler
                0x0000e5ae        0xe fsl_edma_irq.o
                0x0000e5ae                DMA9_IRQHandler
 .text.DMA10_IRQHandler
                0x0000e5bc        0xe fsl_edma_irq.o
                0x0000e5bc                DMA10_IRQHandler
 .text.DMA11_IRQHandler
                0x0000e5ca        0xe fsl_edma_irq.o
                0x0000e5ca                DMA11_IRQHandler
 .text.DMA12_IRQHandler
                0x0000e5d8        0xe fsl_edma_irq.o
                0x0000e5d8                DMA12_IRQHandler
 .text.DMA13_IRQHandler
                0x0000e5e6        0xe fsl_edma_irq.o
                0x0000e5e6                DMA13_IRQHandler
 .text.DMA14_IRQHandler
                0x0000e5f4        0xe fsl_edma_irq.o
                0x0000e5f4                DMA14_IRQHandler
 .text.DMA15_IRQHandler
                0x0000e602        0xe fsl_edma_irq.o
                0x0000e602                DMA15_IRQHandler
 .text.DMA_Error_IRQHandler
                0x0000e610        0xe fsl_edma_irq.o
                0x0000e610                DMA_Error_IRQHandler
 .text.UART0_RX_TX_IRQHandler
                0x0000e61e        0xe fsl_uart_irq.o
                0x0000e61e                UART0_RX_TX_IRQHandler
 .text.UART1_RX_TX_IRQHandler
                0x0000e62c        0xe fsl_uart_irq.o
                0x0000e62c                UART1_RX_TX_IRQHandler
 .text.UART2_RX_TX_IRQHandler
                0x0000e63a        0xe fsl_uart_irq.o
                0x0000e63a                UART2_RX_TX_IRQHandler
 .text.UART3_RX_TX_IRQHandler
                0x0000e648        0xe fsl_uart_irq.o
                0x0000e648                UART3_RX_TX_IRQHandler
 .text.UART4_RX_TX_IRQHandler
                0x0000e656        0xe fsl_uart_irq.o
                0x0000e656                UART4_RX_TX_IRQHandler
 .text.UART5_RX_TX_IRQHandler
                0x0000e664        0xe fsl_uart_irq.o
                0x0000e664                UART5_RX_TX_IRQHandler
 .text.NMI_Handler
                0x0000e672        0x6 irq_stub.o
                0x0000e672                NMI_Handler
 .text.HardFault_Handler
                0x0000e678        0x6 irq_stub.o
                0x0000e678                HardFault_Handler
 .text.MemManage_Handler
                0x0000e67e        0x6 irq_stub.o
                0x0000e67e                MemManage_Handler
 .text.BusFault_Handler
                0x0000e684        0x6 irq_stub.o
                0x0000e684                BusFault_Handler
 .text.UsageFault_Handler
                0x0000e68a        0x6 irq_stub.o
                0x0000e68a                UsageFault_Handler
 .text.DebugMon_Handler
                0x0000e690        0x6 irq_stub.o
                0x0000e690                DebugMon_Handler
 .text.MCM_IRQHandler
                0x0000e696        0x6 irq_stub.o
                0x0000e696                MCM_IRQHandler
 .text.FTFE_IRQHandler
                0x0000e69c        0x6 irq_stub.o
                0x0000e69c                FTFE_IRQHandler
 .text.Read_Collision_IRQHandler
                0x0000e6a2        0x6 irq_stub.o
                0x0000e6a2                Read_Collision_IRQHandler
 .text.LVD_LVW_IRQHandler
                0x0000e6a8        0x6 irq_stub.o
                0x0000e6a8                LVD_LVW_IRQHandler
 .text.LLWU_IRQHandler
                0x0000e6ae        0x6 irq_stub.o
                0x0000e6ae                LLWU_IRQHandler
 .text.WDOG_EWM_IRQHandler
                0x0000e6b4        0x6 irq_stub.o
                0x0000e6b4                WDOG_EWM_IRQHandler
 .text.RNG_IRQHandler
                0x0000e6ba        0x6 irq_stub.o
                0x0000e6ba                RNG_IRQHandler
 .text.I2C0_IRQHandler
                0x0000e6c0        0x6 irq_stub.o
                0x0000e6c0                I2C0_IRQHandler
 .text.I2C1_IRQHandler
                0x0000e6c6        0x6 irq_stub.o
                0x0000e6c6                I2C1_IRQHandler
 .text.SPI0_IRQHandler
                0x0000e6cc        0x6 irq_stub.o
                0x0000e6cc                SPI0_IRQHandler
 .text.SPI1_IRQHandler
                0x0000e6d2        0x6 irq_stub.o
                0x0000e6d2                SPI1_IRQHandler
 .text.I2S0_Tx_IRQHandler
                0x0000e6d8        0x6 irq_stub.o
                0x0000e6d8                I2S0_Tx_IRQHandler
 .text.I2S0_Rx_IRQHandler
                0x0000e6de        0x6 irq_stub.o
                0x0000e6de                I2S0_Rx_IRQHandler
 .text.UART0_LON_IRQHandler
                0x0000e6e4        0x6 irq_stub.o
                0x0000e6e4                UART0_LON_IRQHandler
 .text.UART0_ERR_IRQHandler
                0x0000e6ea        0x6 irq_stub.o
                0x0000e6ea                UART0_ERR_IRQHandler
 .text.UART1_ERR_IRQHandler
                0x0000e6f0        0x6 irq_stub.o
                0x0000e6f0                UART1_ERR_IRQHandler
 .text.UART2_ERR_IRQHandler
                0x0000e6f6        0x6 irq_stub.o
                0x0000e6f6                UART2_ERR_IRQHandler
 .text.UART3_ERR_IRQHandler
                0x0000e6fc        0x6 irq_stub.o
                0x0000e6fc                UART3_ERR_IRQHandler
 .text.ADC0_IRQHandler
                0x0000e702        0x6 irq_stub.o
                0x0000e702                ADC0_IRQHandler
 .text.CMP0_IRQHandler
                0x0000e708        0x6 irq_stub.o
                0x0000e708                CMP0_IRQHandler
 .text.CMP1_IRQHandler
                0x0000e70e        0x6 irq_stub.o
                0x0000e70e                CMP1_IRQHandler
 .text.FTM0_IRQHandler
                0x0000e714        0x6 irq_stub.o
                0x0000e714                FTM0_IRQHandler
 .text.FTM1_IRQHandler
                0x0000e71a        0x6 irq_stub.o
                0x0000e71a                FTM1_IRQHandler
 .text.FTM2_IRQHandler
                0x0000e720        0x6 irq_stub.o
                0x0000e720                FTM2_IRQHandler
 .text.CMT_IRQHandler
                0x0000e726        0x6 irq_stub.o
                0x0000e726                CMT_IRQHandler
 .text.RTC_IRQHandler
                0x0000e72c        0x6 irq_stub.o
                0x0000e72c                RTC_IRQHandler
 .text.RTC_Seconds_IRQHandler
                0x0000e732        0x6 irq_stub.o
                0x0000e732                RTC_Seconds_IRQHandler
 .text.PDB0_IRQHandler
                0x0000e738        0x6 irq_stub.o
                0x0000e738                PDB0_IRQHandler
 .text.USB0_IRQHandler
                0x0000e73e        0x6 irq_stub.o
                0x0000e73e                USB0_IRQHandler
 .text.USBDCD_IRQHandler
                0x0000e744        0x6 irq_stub.o
                0x0000e744                USBDCD_IRQHandler
 .text.Reserved71_IRQHandler
                0x0000e74a        0x6 irq_stub.o
                0x0000e74a                Reserved71_IRQHandler
 .text.DAC0_IRQHandler
                0x0000e750        0x6 irq_stub.o
                0x0000e750                DAC0_IRQHandler
 .text.MCG_IRQHandler
                0x0000e756        0x6 irq_stub.o
                0x0000e756                MCG_IRQHandler
 .text.LPTMR0_IRQHandler
                0x0000e75c        0x6 irq_stub.o
                0x0000e75c                LPTMR0_IRQHandler
 .text.PORTA_IRQHandler
                0x0000e762        0x6 irq_stub.o
                0x0000e762                PORTA_IRQHandler
 .text.PORTB_IRQHandler
                0x0000e768        0x6 irq_stub.o
                0x0000e768                PORTB_IRQHandler
 .text.PORTC_IRQHandler
                0x0000e76e        0x6 irq_stub.o
                0x0000e76e                PORTC_IRQHandler
 .text.PORTD_IRQHandler
                0x0000e774        0x6 irq_stub.o
                0x0000e774                PORTD_IRQHandler
 .text.PORTE_IRQHandler
                0x0000e77a        0x6 irq_stub.o
                0x0000e77a                PORTE_IRQHandler
 .text.SWI_IRQHandler
                0x0000e780        0x6 irq_stub.o
                0x0000e780                SWI_IRQHandler
 .text.SPI2_IRQHandler
                0x0000e786        0x6 irq_stub.o
                0x0000e786                SPI2_IRQHandler
 .text.UART4_ERR_IRQHandler
                0x0000e78c        0x6 irq_stub.o
                0x0000e78c                UART4_ERR_IRQHandler
 .text.UART5_ERR_IRQHandler
                0x0000e792        0x6 irq_stub.o
                0x0000e792                UART5_ERR_IRQHandler
 .text.CMP2_IRQHandler
                0x0000e798        0x6 irq_stub.o
                0x0000e798                CMP2_IRQHandler
 .text.FTM3_IRQHandler
                0x0000e79e        0x6 irq_stub.o
                0x0000e79e                FTM3_IRQHandler
 .text.DAC1_IRQHandler
                0x0000e7a4        0x6 irq_stub.o
                0x0000e7a4                DAC1_IRQHandler
 .text.ADC1_IRQHandler
                0x0000e7aa        0x6 irq_stub.o
                0x0000e7aa                ADC1_IRQHandler
 .text.I2C2_IRQHandler
                0x0000e7b0        0x6 irq_stub.o
                0x0000e7b0                I2C2_IRQHandler
 .text.CAN0_ORed_Message_buffer_IRQHandler
                0x0000e7b6        0x6 irq_stub.o
                0x0000e7b6                CAN0_ORed_Message_buffer_IRQHandler
 .text.CAN0_Bus_Off_IRQHandler
                0x0000e7bc        0x6 irq_stub.o
                0x0000e7bc                CAN0_Bus_Off_IRQHandler
 .text.CAN0_Error_IRQHandler
                0x0000e7c2        0x6 irq_stub.o
                0x0000e7c2                CAN0_Error_IRQHandler
 .text.CAN0_Tx_Warning_IRQHandler
                0x0000e7c8        0x6 irq_stub.o
                0x0000e7c8                CAN0_Tx_Warning_IRQHandler
 .text.CAN0_Rx_Warning_IRQHandler
                0x0000e7ce        0x6 irq_stub.o
                0x0000e7ce                CAN0_Rx_Warning_IRQHandler
 .text.CAN0_Wake_Up_IRQHandler
                0x0000e7d4        0x6 irq_stub.o
                0x0000e7d4                CAN0_Wake_Up_IRQHandler
 *fill*         0x0000e7da        0x2 
 .text._sbrk    0x0000e7dc       0x5c sbrk.o
                0x0000e7dc                _sbrk
 .text.schedulerTask
                0x0000e838       0x1c cmsis_rtos_init.o
                0x0000e838                schedulerTask
 .text.mw_initSignalEvents
                0x0000e854       0x40 cmsis_rtos_init.o
                0x0000e854                mw_initSignalEvents
 .text.mw_RTOSInit
                0x0000e894       0xa8 cmsis_rtos_init.o
                0x0000e894                mw_RTOSInit
 .text.os_idle_demon
                0x0000e93c        0x8 RTX_Conf_CM.o
                0x0000e93c                os_idle_demon
 .text.os_error
                0x0000e944       0x2c RTX_Conf_CM.o
                0x0000e944                os_error
 .text.rt_init_robin
                0x0000e970        0x4 RTX_Conf_CM.o
                0x0000e970                rt_init_robin
 .text.rt_chk_robin
                0x0000e974        0x4 RTX_Conf_CM.o
                0x0000e974                rt_chk_robin
 .text.software_init_hook
                0x0000e978       0x34 RTX_Conf_CM.o
                0x0000e978                software_init_hook
 .text.mw_osThreadCreate
                0x0000e9ac       0x52 mw_thread.o
                0x0000e9ac                mw_osThreadCreate
 .text.mw_osThreadGetId
                0x0000e9fe        0xe mw_thread.o
                0x0000e9fe                mw_osThreadGetId
 .text.mw_osThreadExit
                0x0000ea0c       0x22 mw_thread.o
                0x0000ea0c                mw_osThreadExit
 .text.mw_osThreadJoin
                0x0000ea2e       0x1a mw_thread.o
                0x0000ea2e                mw_osThreadJoin
 .text.mw_osTimerCreate
                0x0000ea48       0x4e mw_timer.o
                0x0000ea48                mw_osTimerCreate
 .text.mw_osTimerStart
                0x0000ea96       0x24 mw_timer.o
                0x0000ea96                mw_osTimerStart
 .text.mw_osSignalSet
                0x0000eaba       0x2e mw_signal.o
                0x0000eaba                mw_osSignalSet
 .text.mw_osSignalClear
                0x0000eae8       0x26 mw_signal.o
                0x0000eae8                mw_osSignalClear
 .text.mw_osSignalWaitEver
                0x0000eb0e       0x20 mw_signal.o
                0x0000eb0e                mw_osSignalWaitEver
 .text.mw_osSignalEventCreate
                0x0000eb2e       0x20 mw_signal.o
                0x0000eb2e                mw_osSignalEventCreate
 .text.mw_osSignalEventRelease
                0x0000eb4e       0x26 mw_signal.o
                0x0000eb4e                mw_osSignalEventRelease
 .text.mw_osSignalEventWaitEver
                0x0000eb74       0x34 mw_signal.o
                0x0000eb74                mw_osSignalEventWaitEver
 .text.ExtProcessArgs
                0x0000eba8       0xc8 k64f_rtiostream_interface.o
                0x0000eba8                ExtProcessArgs
 .text.ExtUserDataCreate
                0x0000ec70       0x14 k64f_rtiostream_interface.o
                0x0000ec70                ExtUserDataCreate
 .text.ExtInit  0x0000ec84       0x1a k64f_rtiostream_interface.o
                0x0000ec84                ExtInit
 .text.ExtSetHostPkt
                0x0000ec9e       0x48 k64f_rtiostream_interface.o
                0x0000ec9e                ExtSetHostPkt
 .text.ExtGetHostPkt
                0x0000ece6       0x46 k64f_rtiostream_interface.o
                0x0000ece6                ExtGetHostPkt
 .text.ExtWaitForStartPktFromHost
                0x0000ed2c       0x18 k64f_rtiostream_interface.o
                0x0000ed2c                ExtWaitForStartPktFromHost
 .text.ExtUserDataDestroy
                0x0000ed44       0x14 k64f_rtiostream_interface.o
                0x0000ed44                ExtUserDataDestroy
 .text.ExtModeSleep
                0x0000ed58       0x18 k64f_rtiostream_interface.o
                0x0000ed58                ExtModeSleep
 .text.ExtOpenConnection
                0x0000ed70       0x22 k64f_rtiostream_interface.o
                0x0000ed70                ExtOpenConnection
 .text.ExtForceDisconnect
                0x0000ed92       0x14 k64f_rtiostream_interface.o
                0x0000ed92                ExtForceDisconnect
 .text.ExtCloseConnection
                0x0000eda6       0x14 k64f_rtiostream_interface.o
                0x0000eda6                ExtCloseConnection
 .text.ExtShutDown
                0x0000edba       0x1a k64f_rtiostream_interface.o
                0x0000edba                ExtShutDown
 .text.initializeCommService
                0x0000edd4        0xe k64f_rtiostream_commservice.o
                0x0000edd4                initializeCommService
 .text.terminateCommService
                0x0000ede2        0xc k64f_rtiostream_commservice.o
                0x0000ede2                terminateCommService
 .text.rtIOStreamOpen
                0x0000edee       0x18 k64f_rtiostream_commservice.o
                0x0000edee                rtIOStreamOpen
 .text.rtIOStreamSend
                0x0000ee06       0x32 k64f_rtiostream_commservice.o
                0x0000ee06                rtIOStreamSend
 .text.rtIOStreamRecv
                0x0000ee38       0x32 k64f_rtiostream_commservice.o
                0x0000ee38                rtIOStreamRecv
 .text.rtIOStreamClose
                0x0000ee6a       0x16 k64f_rtiostream_commservice.o
                0x0000ee6a                rtIOStreamClose
 .text.GrowRecvBufIfNeeded
                0x0000ee80       0x60 k64f_ext_svr.o
 .text.GetPktHdr
                0x0000eee0       0x80 k64f_ext_svr.o
 .text.ClearPkt
                0x0000ef60       0x60 k64f_ext_svr.o
 .text.GetPkt   0x0000efc0       0x8c k64f_ext_svr.o
 .text.DisconnectFromHost
                0x0000f04c       0x68 k64f_ext_svr.o
 .text.ForceDisconnectFromHost
                0x0000f0b4       0x4c k64f_ext_svr.o
 .text.ProcessConnectPkt
                0x0000f100      0x180 k64f_ext_svr.o
 .text.SendPktHdrToHost
                0x0000f280       0x50 k64f_ext_svr.o
 .text.SendPktDataToHost
                0x0000f2d0       0x48 k64f_ext_svr.o
 .text.SendPktToHost
                0x0000f318       0x4e k64f_ext_svr.o
                0x0000f318                SendPktToHost
 .text.SendResponseStatus
                0x0000f366       0x38 k64f_ext_svr.o
 .text.ProcessSetParamPkt
                0x0000f39e       0x64 k64f_ext_svr.o
 .text.ProcessGetParamsPkt
                0x0000f402      0x12a k64f_ext_svr.o
 .text.ProcessSelectTriggerSignalPkt
                0x0000f52c       0xa8 k64f_ext_svr.o
 .text.ProcessCancelLoggingArmTriggerPkt
                0x0000f5d4       0x7e k64f_ext_svr.o
 *fill*         0x0000f652        0x2 
 .text.ExtParseArgsAndInitUD
                0x0000f654       0x68 k64f_ext_svr.o
                0x0000f654                ExtParseArgsAndInitUD
 .text.ExtWaitForStartPkt
                0x0000f6bc       0x18 k64f_ext_svr.o
                0x0000f6bc                ExtWaitForStartPkt
 .text.UploadServerWork
                0x0000f6d4       0xcc k64f_ext_svr.o
                0x0000f6d4                UploadServerWork
 .text.rt_UploadServerWork
                0x0000f7a0       0x2c k64f_ext_svr.o
                0x0000f7a0                rt_UploadServerWork
 .text.rt_ExtModeInit
                0x0000f7cc       0x54 k64f_ext_svr.o
                0x0000f7cc                rt_ExtModeInit
 .text.rt_ExtModeSleep
                0x0000f820       0x24 k64f_ext_svr.o
                0x0000f820                rt_ExtModeSleep
 .text.rt_PktServerWork
                0x0000f844      0x264 k64f_ext_svr.o
                0x0000f844                rt_PktServerWork
 .text.ExtModeShutdown
                0x0000faa8       0x44 k64f_ext_svr.o
 .text.rt_ExtModeShutdown
                0x0000faec       0x84 k64f_ext_svr.o
                0x0000faec                rt_ExtModeShutdown
 .text.rt_UploadCheckTrigger
                0x0000fb70       0x2c k64f_ext_svr.o
                0x0000fb70                rt_UploadCheckTrigger
 .text.rt_UploadCheckEndTrigger
                0x0000fb9c       0x28 k64f_ext_svr.o
                0x0000fb9c                rt_UploadCheckEndTrigger
 .text.rt_UploadBufAddTimePoint
                0x0000fbc4       0x34 k64f_ext_svr.o
                0x0000fbc4                rt_UploadBufAddTimePoint
 .text.rtIOStreamBlockingSend
                0x0000fbf8       0x70 k64f_rtiostream_utils.o
                0x0000fbf8                rtIOStreamBlockingSend
 .text.getUARTBaudrate
                0x0000fc68       0x12 tgtSvc_UARTInfo.o
                0x0000fc68                getUARTBaudrate
 .text.getUARTInstance
                0x0000fc7a       0x10 tgtSvc_UARTInfo.o
                0x0000fc7a                getUARTInstance
 *fill*         0x0000fc8a        0x2 
 .text.sendToCommSvc
                0x0000fc8c       0x1c C:/ProgramData/MATLAB/SupportPackages/R2022a/toolbox/target/supportpackages/freedomk64f/bin/libcodertarget_RTIOStreamAppSvc.lib(RTIOStreamTgtAppSvcCIntrf.o)
                0x0000fc8c                sendToCommSvc
 .text.receiveFromCommSvc
                0x0000fca8       0x1c C:/ProgramData/MATLAB/SupportPackages/R2022a/toolbox/target/supportpackages/freedomk64f/bin/libcodertarget_RTIOStreamAppSvc.lib(RTIOStreamTgtAppSvcCIntrf.o)
                0x0000fca8                receiveFromCommSvc
 .text._ZN19RTIOStreamTgtAppSvc2idEv
                0x0000fcc4        0x4 C:/ProgramData/MATLAB/SupportPackages/R2022a/toolbox/target/supportpackages/freedomk64f/bin/libcodertarget_RTIOStreamAppSvc.lib(RTIOStreamTgtAppSvc.o)
                0x0000fcc4                RTIOStreamTgtAppSvc::id()
 .text._ZN19RTIOStreamTgtAppSvc13handleConnectEb
                0x0000fcc8        0x4 C:/ProgramData/MATLAB/SupportPackages/R2022a/toolbox/target/supportpackages/freedomk64f/bin/libcodertarget_RTIOStreamAppSvc.lib(RTIOStreamTgtAppSvc.o)
                0x0000fcc8                RTIOStreamTgtAppSvc::handleConnect(bool)
 .text._ZNK5coder6tgtsvc7Message7payloadEv.part.1
                0x0000fccc       0x1c C:/ProgramData/MATLAB/SupportPackages/R2022a/toolbox/target/supportpackages/freedomk64f/bin/libcodertarget_RTIOStreamAppSvc.lib(RTIOStreamTgtAppSvc.o)
 .text.unlikely._ZNK5coder6tgtsvc7Message6headerEv.part.2
                0x0000fce8       0x1c C:/ProgramData/MATLAB/SupportPackages/R2022a/toolbox/target/supportpackages/freedomk64f/bin/libcodertarget_RTIOStreamAppSvc.lib(RTIOStreamTgtAppSvc.o)
 .text._ZN19RTIOStreamTgtAppSvcD2Ev
                0x0000fd04       0x64 C:/ProgramData/MATLAB/SupportPackages/R2022a/toolbox/target/supportpackages/freedomk64f/bin/libcodertarget_RTIOStreamAppSvc.lib(RTIOStreamTgtAppSvc.o)
                0x0000fd04                RTIOStreamTgtAppSvc::~RTIOStreamTgtAppSvc()
                0x0000fd04                RTIOStreamTgtAppSvc::~RTIOStreamTgtAppSvc()
 .text._ZN19RTIOStreamTgtAppSvcD0Ev
                0x0000fd68       0x14 C:/ProgramData/MATLAB/SupportPackages/R2022a/toolbox/target/supportpackages/freedomk64f/bin/libcodertarget_RTIOStreamAppSvc.lib(RTIOStreamTgtAppSvc.o)
                0x0000fd68                RTIOStreamTgtAppSvc::~RTIOStreamTgtAppSvc()
 .text._ZN19RTIOStreamTgtAppSvc13handleMessageEPN5coder6tgtsvc7MessageE
                0x0000fd7c       0xac C:/ProgramData/MATLAB/SupportPackages/R2022a/toolbox/target/supportpackages/freedomk64f/bin/libcodertarget_RTIOStreamAppSvc.lib(RTIOStreamTgtAppSvc.o)
                0x0000fd7c                RTIOStreamTgtAppSvc::handleMessage(coder::tgtsvc::Message*)
 .text._ZN19RTIOStreamTgtAppSvc12get_instanceEv
                0x0000fe28       0x80 C:/ProgramData/MATLAB/SupportPackages/R2022a/toolbox/target/supportpackages/freedomk64f/bin/libcodertarget_RTIOStreamAppSvc.lib(RTIOStreamTgtAppSvc.o)
                0x0000fe28                RTIOStreamTgtAppSvc::get_instance()
 .text._ZN19RTIOStreamTgtAppSvc21sendDataToCommServiceEPKvjPj
                0x0000fea8      0x1b8 C:/ProgramData/MATLAB/SupportPackages/R2022a/toolbox/target/supportpackages/freedomk64f/bin/libcodertarget_RTIOStreamAppSvc.lib(RTIOStreamTgtAppSvc.o)
                0x0000fea8                RTIOStreamTgtAppSvc::sendDataToCommService(void const*, unsigned int, unsigned int*)
 .text._ZN19RTIOStreamTgtAppSvc26receiveDataFromCommServiceEPvjPj
                0x00010060       0xe0 C:/ProgramData/MATLAB/SupportPackages/R2022a/toolbox/target/supportpackages/freedomk64f/bin/libcodertarget_RTIOStreamAppSvc.lib(RTIOStreamTgtAppSvc.o)
                0x00010060                RTIOStreamTgtAppSvc::receiveDataFromCommService(void*, unsigned int, unsigned int*)
 .text._ZN5coder6tgtsvc11CommServiceD2Ev
                0x00010140       0x18 C:/ProgramData/MATLAB/SupportPackages/R2022a/toolbox/target/supportpackages/freedomk64f/bin/bm/libcodertarget_TargetServices.lib(CommService.o)
                0x00010140                coder::tgtsvc::CommService::~CommService()
                0x00010140                coder::tgtsvc::CommService::~CommService()
 .text.unlikely._ZNK5coder6tgtsvc7Message7payloadEv.part.5
                0x00010158       0x1c C:/ProgramData/MATLAB/SupportPackages/R2022a/toolbox/target/supportpackages/freedomk64f/bin/bm/libcodertarget_TargetServices.lib(CommService.o)
 .text.unlikely._ZNK5coder6tgtsvc7Message6headerEv.part.6
                0x00010174       0x1c C:/ProgramData/MATLAB/SupportPackages/R2022a/toolbox/target/supportpackages/freedomk64f/bin/bm/libcodertarget_TargetServices.lib(CommService.o)
 .text._ZN5coder6tgtsvc11CommService13initializeDMAEv.part.7
                0x00010190       0x64 C:/ProgramData/MATLAB/SupportPackages/R2022a/toolbox/target/supportpackages/freedomk64f/bin/bm/libcodertarget_TargetServices.lib(CommService.o)
 .text._ZN5coder6tgtsvc11CommService15deinitializeDMAEv.part.8
                0x000101f4       0x48 C:/ProgramData/MATLAB/SupportPackages/R2022a/toolbox/target/supportpackages/freedomk64f/bin/bm/libcodertarget_TargetServices.lib(CommService.o)
 .text._ZN5coder6tgtsvc11StatusFlags8instanceEv
                0x0001023c        0x8 C:/ProgramData/MATLAB/SupportPackages/R2022a/toolbox/target/supportpackages/freedomk64f/bin/bm/libcodertarget_TargetServices.lib(CommService.o)
                0x0001023c                coder::tgtsvc::StatusFlags::instance()
 .text._ZN5coder6tgtsvc11CommService11sendMessageEPNS0_7MessageENS2_8PriorityE
                0x00010244       0xa8 C:/ProgramData/MATLAB/SupportPackages/R2022a/toolbox/target/supportpackages/freedomk64f/bin/bm/libcodertarget_TargetServices.lib(CommService.o)
                0x00010244                coder::tgtsvc::CommService::sendMessage(coder::tgtsvc::Message*, coder::tgtsvc::Message::Priority)
 .text._ZN5coder6tgtsvc11CommService16updateSendStatusEv
                0x000102ec       0x64 C:/ProgramData/MATLAB/SupportPackages/R2022a/toolbox/target/supportpackages/freedomk64f/bin/bm/libcodertarget_TargetServices.lib(CommService.o)
                0x000102ec                coder::tgtsvc::CommService::updateSendStatus()
 .text._ZN5coder6tgtsvc11CommService5resetEv
                0x00010350      0x140 C:/ProgramData/MATLAB/SupportPackages/R2022a/toolbox/target/supportpackages/freedomk64f/bin/bm/libcodertarget_TargetServices.lib(CommService.o)
                0x00010350                coder::tgtsvc::CommService::reset()
 .text._ZN5coder6tgtsvc11CommServiceC2Ev
                0x00010490       0x90 C:/ProgramData/MATLAB/SupportPackages/R2022a/toolbox/target/supportpackages/freedomk64f/bin/bm/libcodertarget_TargetServices.lib(CommService.o)
                0x00010490                coder::tgtsvc::CommService::CommService()
                0x00010490                coder::tgtsvc::CommService::CommService()
 .text._ZN5coder6tgtsvc11CommService8instanceEv
                0x00010520       0x4c C:/ProgramData/MATLAB/SupportPackages/R2022a/toolbox/target/supportpackages/freedomk64f/bin/bm/libcodertarget_TargetServices.lib(CommService.o)
                0x00010520                coder::tgtsvc::CommService::instance()
 .text.receiveComplete
                0x0001056c       0x5c C:/ProgramData/MATLAB/SupportPackages/R2022a/toolbox/target/supportpackages/freedomk64f/bin/bm/libcodertarget_TargetServices.lib(CommService.o)
                0x0001056c                receiveComplete
 .text.sendComplete
                0x000105c8       0x70 C:/ProgramData/MATLAB/SupportPackages/R2022a/toolbox/target/supportpackages/freedomk64f/bin/bm/libcodertarget_TargetServices.lib(CommService.o)
                0x000105c8                sendComplete
 .text._ZN5coder6tgtsvc11CommService12sendQueuePopEv
                0x00010638       0x60 C:/ProgramData/MATLAB/SupportPackages/R2022a/toolbox/target/supportpackages/freedomk64f/bin/bm/libcodertarget_TargetServices.lib(CommService.o)
                0x00010638                coder::tgtsvc::CommService::sendQueuePop()
 .text._ZN5coder6tgtsvc11CommService17connectedSendTaskEv
                0x00010698      0x278 C:/ProgramData/MATLAB/SupportPackages/R2022a/toolbox/target/supportpackages/freedomk64f/bin/bm/libcodertarget_TargetServices.lib(CommService.o)
                0x00010698                coder::tgtsvc::CommService::connectedSendTask()
 .text._ZN5coder6tgtsvc11CommService22verifyNextSerialPacketEv
                0x00010910      0x170 C:/ProgramData/MATLAB/SupportPackages/R2022a/toolbox/target/supportpackages/freedomk64f/bin/bm/libcodertarget_TargetServices.lib(CommService.o)
                0x00010910                coder::tgtsvc::CommService::verifyNextSerialPacket()
 .text._ZN5coder6tgtsvc11CommService13handleMessageEPNS0_7MessageE
                0x00010a80      0x164 C:/ProgramData/MATLAB/SupportPackages/R2022a/toolbox/target/supportpackages/freedomk64f/bin/bm/libcodertarget_TargetServices.lib(CommService.o)
                0x00010a80                coder::tgtsvc::CommService::handleMessage(coder::tgtsvc::Message*)
 .text._ZN5coder6tgtsvc11CommService13handleAppDataEv
                0x00010be4      0x240 C:/ProgramData/MATLAB/SupportPackages/R2022a/toolbox/target/supportpackages/freedomk64f/bin/bm/libcodertarget_TargetServices.lib(CommService.o)
                0x00010be4                coder::tgtsvc::CommService::handleAppData()
 .text._ZN5coder6tgtsvc11CommService17connectedRecvTaskEv
                0x00010e24       0xc0 C:/ProgramData/MATLAB/SupportPackages/R2022a/toolbox/target/supportpackages/freedomk64f/bin/bm/libcodertarget_TargetServices.lib(CommService.o)
                0x00010e24                coder::tgtsvc::CommService::connectedRecvTask()
 .text._ZN5coder6tgtsvc11CommService3runEv
                0x00010ee4      0x1cc C:/ProgramData/MATLAB/SupportPackages/R2022a/toolbox/target/supportpackages/freedomk64f/bin/bm/libcodertarget_TargetServices.lib(CommService.o)
                0x00010ee4                coder::tgtsvc::CommService::run()
 .text.runCommService
                0x000110b0       0xac C:/ProgramData/MATLAB/SupportPackages/R2022a/toolbox/target/supportpackages/freedomk64f/bin/bm/libcodertarget_TargetServices.lib(CommService.o)
                0x000110b0                runCommService
 .text.terminateCommServiceTask
                0x0001115c       0x40 C:/ProgramData/MATLAB/SupportPackages/R2022a/toolbox/target/supportpackages/freedomk64f/bin/bm/libcodertarget_TargetServices.lib(CommService.o)
                0x0001115c                terminateCommServiceTask
 .text.setCommServiceErrorState
                0x0001119c       0x10 C:/ProgramData/MATLAB/SupportPackages/R2022a/toolbox/target/supportpackages/freedomk64f/bin/bm/libcodertarget_TargetServices.lib(CommService.o)
                0x0001119c                setCommServiceErrorState
 .text.startup._GLOBAL__sub_I_receiveComplete
                0x000111ac       0x1c C:/ProgramData/MATLAB/SupportPackages/R2022a/toolbox/target/supportpackages/freedomk64f/bin/bm/libcodertarget_TargetServices.lib(CommService.o)
 .text._ZN5coder6tgtsvc11Application8dispatchEPNS0_7MessageE
                0x000111c8       0x80 C:/ProgramData/MATLAB/SupportPackages/R2022a/toolbox/target/supportpackages/freedomk64f/bin/bm/libcodertarget_TargetServices.lib(Application.o)
                0x000111c8                coder::tgtsvc::Application::dispatch(coder::tgtsvc::Message*)
 .text._ZN5coder6tgtsvc11Application17connectionChangedEb
                0x00011248       0x24 C:/ProgramData/MATLAB/SupportPackages/R2022a/toolbox/target/supportpackages/freedomk64f/bin/bm/libcodertarget_TargetServices.lib(Application.o)
                0x00011248                coder::tgtsvc::Application::connectionChanged(bool)
 .text._ZN5coder6tgtsvc7MessagenwEj
                0x0001126c       0x14 C:/ProgramData/MATLAB/SupportPackages/R2022a/toolbox/target/supportpackages/freedomk64f/bin/bm/libcodertarget_TargetServices.lib(Message.o)
                0x0001126c                coder::tgtsvc::Message::operator new(unsigned int)
 .text._ZN5coder6tgtsvc7MessagedlEPv
                0x00011280       0x1c C:/ProgramData/MATLAB/SupportPackages/R2022a/toolbox/target/supportpackages/freedomk64f/bin/bm/libcodertarget_TargetServices.lib(Message.o)
                0x00011280                coder::tgtsvc::Message::operator delete(void*)
 .text._ZN5coder6tgtsvc7Message5allocEt
                0x0001129c       0x14 C:/ProgramData/MATLAB/SupportPackages/R2022a/toolbox/target/supportpackages/freedomk64f/bin/bm/libcodertarget_TargetServices.lib(Message.o)
                0x0001129c                coder::tgtsvc::Message::alloc(unsigned short)
 .text._ZNK5coder6tgtsvc7Message15payloadCapacityEv
                0x000112b0        0xc C:/ProgramData/MATLAB/SupportPackages/R2022a/toolbox/target/supportpackages/freedomk64f/bin/bm/libcodertarget_TargetServices.lib(Message.o)
                0x000112b0                coder::tgtsvc::Message::payloadCapacity() const
 .text._ZN5coder6tgtsvc7Message18maxPayloadCapacityEv
                0x000112bc        0xc C:/ProgramData/MATLAB/SupportPackages/R2022a/toolbox/target/supportpackages/freedomk64f/bin/bm/libcodertarget_TargetServices.lib(Message.o)
                0x000112bc                coder::tgtsvc::Message::maxPayloadCapacity()
 .text.enter_critical_section
                0x000112c8       0x10 C:/ProgramData/MATLAB/SupportPackages/R2022a/toolbox/target/supportpackages/freedomk64f/bin/bm/libcodertarget_TargetServices.lib(critical_section.o)
                0x000112c8                enter_critical_section
 .text.leave_critical_section
                0x000112d8       0x30 C:/ProgramData/MATLAB/SupportPackages/R2022a/toolbox/target/supportpackages/freedomk64f/bin/bm/libcodertarget_TargetServices.lib(critical_section.o)
                0x000112d8                leave_critical_section
 .text._ZN5coder6tgtsvc13MemoryServiceD2Ev
                0x00011308        0x4 C:/ProgramData/MATLAB/SupportPackages/R2022a/toolbox/target/supportpackages/freedomk64f/bin/bm/libcodertarget_TargetServices.lib(MemoryService.o)
                0x00011308                coder::tgtsvc::MemoryService::~MemoryService()
                0x00011308                coder::tgtsvc::MemoryService::~MemoryService()
 .text._ZN5coder6tgtsvc13MemoryService8instanceEv
                0x0001130c       0x64 C:/ProgramData/MATLAB/SupportPackages/R2022a/toolbox/target/supportpackages/freedomk64f/bin/bm/libcodertarget_TargetServices.lib(MemoryService.o)
                0x0001130c                coder::tgtsvc::MemoryService::instance()
 .text._ZN5coder6tgtsvc13MemoryService5allocEj
                0x00011370       0x2c C:/ProgramData/MATLAB/SupportPackages/R2022a/toolbox/target/supportpackages/freedomk64f/bin/bm/libcodertarget_TargetServices.lib(MemoryService.o)
                0x00011370                coder::tgtsvc::MemoryService::alloc(unsigned int)
 .text._ZN5coder6tgtsvc13MemoryService4freeEPv
                0x0001139c       0x1c C:/ProgramData/MATLAB/SupportPackages/R2022a/toolbox/target/supportpackages/freedomk64f/bin/bm/libcodertarget_TargetServices.lib(MemoryService.o)
                0x0001139c                coder::tgtsvc::MemoryService::free(void*)
 .text.osThreadExit
                0x000113b8       0x18 C:/ProgramData/MATLAB/SupportPackages/R2022a/3P.instrset/cmsis.instrset/CMSIS/RTOS/RTX/LIB/GCC/libRTX_CM4.a(rt_cmsis.o)
                0x000113b8                osThreadExit
 .text.svcKernelInitialize
                0x000113d0      0x104 C:/ProgramData/MATLAB/SupportPackages/R2022a/3P.instrset/cmsis.instrset/CMSIS/RTOS/RTX/LIB/GCC/libRTX_CM4.a(rt_cmsis.o)
                0x000113d0                svcKernelInitialize
 .text.svcKernelStart
                0x000114d4       0x48 C:/ProgramData/MATLAB/SupportPackages/R2022a/3P.instrset/cmsis.instrset/CMSIS/RTOS/RTX/LIB/GCC/libRTX_CM4.a(rt_cmsis.o)
                0x000114d4                svcKernelStart
 .text.osKernelInitialize
                0x0001151c       0x28 C:/ProgramData/MATLAB/SupportPackages/R2022a/3P.instrset/cmsis.instrset/CMSIS/RTOS/RTX/LIB/GCC/libRTX_CM4.a(rt_cmsis.o)
                0x0001151c                osKernelInitialize
 .text.osKernelStart
                0x00011544       0x74 C:/ProgramData/MATLAB/SupportPackages/R2022a/3P.instrset/cmsis.instrset/CMSIS/RTOS/RTX/LIB/GCC/libRTX_CM4.a(rt_cmsis.o)
                0x00011544                osKernelStart
 .text.svcThreadCreate
                0x000115b8       0x7c C:/ProgramData/MATLAB/SupportPackages/R2022a/3P.instrset/cmsis.instrset/CMSIS/RTOS/RTX/LIB/GCC/libRTX_CM4.a(rt_cmsis.o)
                0x000115b8                svcThreadCreate
 .text.svcThreadGetId
                0x00011634       0x18 C:/ProgramData/MATLAB/SupportPackages/R2022a/3P.instrset/cmsis.instrset/CMSIS/RTOS/RTX/LIB/GCC/libRTX_CM4.a(rt_cmsis.o)
                0x00011634                svcThreadGetId
 .text.svcThreadTerminate
                0x0001164c       0x48 C:/ProgramData/MATLAB/SupportPackages/R2022a/3P.instrset/cmsis.instrset/CMSIS/RTOS/RTX/LIB/GCC/libRTX_CM4.a(rt_cmsis.o)
                0x0001164c                svcThreadTerminate
 .text.osThreadCreate
                0x00011694       0xa4 C:/ProgramData/MATLAB/SupportPackages/R2022a/3P.instrset/cmsis.instrset/CMSIS/RTOS/RTX/LIB/GCC/libRTX_CM4.a(rt_cmsis.o)
                0x00011694                osThreadCreate
 .text.osThreadGetId
                0x00011738       0x18 C:/ProgramData/MATLAB/SupportPackages/R2022a/3P.instrset/cmsis.instrset/CMSIS/RTOS/RTX/LIB/GCC/libRTX_CM4.a(rt_cmsis.o)
                0x00011738                osThreadGetId
 .text.osThreadTerminate
                0x00011750       0x18 C:/ProgramData/MATLAB/SupportPackages/R2022a/3P.instrset/cmsis.instrset/CMSIS/RTOS/RTX/LIB/GCC/libRTX_CM4.a(rt_cmsis.o)
                0x00011750                osThreadTerminate
 .text.svcTimerCreate
                0x00011768       0x40 C:/ProgramData/MATLAB/SupportPackages/R2022a/3P.instrset/cmsis.instrset/CMSIS/RTOS/RTX/LIB/GCC/libRTX_CM4.a(rt_cmsis.o)
                0x00011768                svcTimerCreate
 .text.svcTimerStart
                0x000117a8       0xdc C:/ProgramData/MATLAB/SupportPackages/R2022a/3P.instrset/cmsis.instrset/CMSIS/RTOS/RTX/LIB/GCC/libRTX_CM4.a(rt_cmsis.o)
                0x000117a8                svcTimerStart
 .text.svcTimerCall
                0x00011884       0x18 C:/ProgramData/MATLAB/SupportPackages/R2022a/3P.instrset/cmsis.instrset/CMSIS/RTOS/RTX/LIB/GCC/libRTX_CM4.a(rt_cmsis.o)
                0x00011884                svcTimerCall
 .text.sysTimerTick
                0x0001189c       0xc8 C:/ProgramData/MATLAB/SupportPackages/R2022a/3P.instrset/cmsis.instrset/CMSIS/RTOS/RTX/LIB/GCC/libRTX_CM4.a(rt_cmsis.o)
                0x0001189c                sysTimerTick
 .text.osTimerCreate
                0x00011964       0x68 C:/ProgramData/MATLAB/SupportPackages/R2022a/3P.instrset/cmsis.instrset/CMSIS/RTOS/RTX/LIB/GCC/libRTX_CM4.a(rt_cmsis.o)
                0x00011964                osTimerCreate
 .text.osTimerStart
                0x000119cc       0x18 C:/ProgramData/MATLAB/SupportPackages/R2022a/3P.instrset/cmsis.instrset/CMSIS/RTOS/RTX/LIB/GCC/libRTX_CM4.a(rt_cmsis.o)
                0x000119cc                osTimerStart
 .text.osTimerThread
                0x000119e4       0x3c C:/ProgramData/MATLAB/SupportPackages/R2022a/3P.instrset/cmsis.instrset/CMSIS/RTOS/RTX/LIB/GCC/libRTX_CM4.a(rt_cmsis.o)
                0x000119e4                osTimerThread
 .text.svcSignalSet
                0x00011a20       0x2c C:/ProgramData/MATLAB/SupportPackages/R2022a/3P.instrset/cmsis.instrset/CMSIS/RTOS/RTX/LIB/GCC/libRTX_CM4.a(rt_cmsis.o)
                0x00011a20                svcSignalSet
 .text.svcSignalClear
                0x00011a4c       0x2c C:/ProgramData/MATLAB/SupportPackages/R2022a/3P.instrset/cmsis.instrset/CMSIS/RTOS/RTX/LIB/GCC/libRTX_CM4.a(rt_cmsis.o)
                0x00011a4c                svcSignalClear
 .text.svcSignalWait
                0x00011a78      0x100 C:/ProgramData/MATLAB/SupportPackages/R2022a/3P.instrset/cmsis.instrset/CMSIS/RTOS/RTX/LIB/GCC/libRTX_CM4.a(rt_cmsis.o)
                0x00011a78                svcSignalWait
 .text.osSignalSet
                0x00011b78       0x40 C:/ProgramData/MATLAB/SupportPackages/R2022a/3P.instrset/cmsis.instrset/CMSIS/RTOS/RTX/LIB/GCC/libRTX_CM4.a(rt_cmsis.o)
                0x00011b78                osSignalSet
 .text.osSignalClear
                0x00011bb8       0x1c C:/ProgramData/MATLAB/SupportPackages/R2022a/3P.instrset/cmsis.instrset/CMSIS/RTOS/RTX/LIB/GCC/libRTX_CM4.a(rt_cmsis.o)
                0x00011bb8                osSignalClear
 .text.osSignalWait
                0x00011bd4       0x2c C:/ProgramData/MATLAB/SupportPackages/R2022a/3P.instrset/cmsis.instrset/CMSIS/RTOS/RTX/LIB/GCC/libRTX_CM4.a(rt_cmsis.o)
                0x00011bd4                osSignalWait
 .text.svcMessageGet
                0x00011c00       0xbc C:/ProgramData/MATLAB/SupportPackages/R2022a/3P.instrset/cmsis.instrset/CMSIS/RTOS/RTX/LIB/GCC/libRTX_CM4.a(rt_cmsis.o)
                0x00011c00                svcMessageGet
 .text.rt_init_stack
                0x00011cbc       0xa8 C:/ProgramData/MATLAB/SupportPackages/R2022a/3P.instrset/cmsis.instrset/CMSIS/RTOS/RTX/LIB/GCC/libRTX_CM4.a(hal_cm.o)
                0x00011cbc                rt_init_stack
 .text.rt_ret_val
                0x00011d64       0x14 C:/ProgramData/MATLAB/SupportPackages/R2022a/3P.instrset/cmsis.instrset/CMSIS/RTOS/RTX/LIB/GCC/libRTX_CM4.a(hal_cm.o)
                0x00011d64                rt_ret_val
 .text.rt_ret_val2
                0x00011d78       0x24 C:/ProgramData/MATLAB/SupportPackages/R2022a/3P.instrset/cmsis.instrset/CMSIS/RTOS/RTX/LIB/GCC/libRTX_CM4.a(hal_cm.o)
                0x00011d78                rt_ret_val2
 .text.dbg_init
                0x00011d9c       0x34 C:/ProgramData/MATLAB/SupportPackages/R2022a/3P.instrset/cmsis.instrset/CMSIS/RTOS/RTX/LIB/GCC/libRTX_CM4.a(hal_cm.o)
                0x00011d9c                dbg_init
 .text.dbg_task_notify
                0x00011dd0       0x2c C:/ProgramData/MATLAB/SupportPackages/R2022a/3P.instrset/cmsis.instrset/CMSIS/RTOS/RTX/LIB/GCC/libRTX_CM4.a(hal_cm.o)
                0x00011dd0                dbg_task_notify
 .text.dbg_task_switch
                0x00011dfc       0x14 C:/ProgramData/MATLAB/SupportPackages/R2022a/3P.instrset/cmsis.instrset/CMSIS/RTOS/RTX/LIB/GCC/libRTX_CM4.a(hal_cm.o)
                0x00011dfc                dbg_task_switch
 .text.rt_init_mem
                0x00011e10       0x1c C:/ProgramData/MATLAB/SupportPackages/R2022a/3P.instrset/cmsis.instrset/CMSIS/RTOS/RTX/LIB/GCC/libRTX_CM4.a(rt_memory.o)
                0x00011e10                rt_init_mem
 .text.rt_alloc_mem
                0x00011e2c       0x48 C:/ProgramData/MATLAB/SupportPackages/R2022a/3P.instrset/cmsis.instrset/CMSIS/RTOS/RTX/LIB/GCC/libRTX_CM4.a(rt_memory.o)
                0x00011e2c                rt_alloc_mem
 .text.rt_free_mem
                0x00011e74       0x54 C:/ProgramData/MATLAB/SupportPackages/R2022a/3P.instrset/cmsis.instrset/CMSIS/RTOS/RTX/LIB/GCC/libRTX_CM4.a(rt_memory.o)
                0x00011e74                rt_free_mem
 .text._init_box
                0x00011ec8       0x58 C:/ProgramData/MATLAB/SupportPackages/R2022a/3P.instrset/cmsis.instrset/CMSIS/RTOS/RTX/LIB/GCC/libRTX_CM4.a(rt_membox.o)
                0x00011ec8                _init_box
 .text.rt_alloc_box
                0x00011f20       0x1c C:/ProgramData/MATLAB/SupportPackages/R2022a/3P.instrset/cmsis.instrset/CMSIS/RTOS/RTX/LIB/GCC/libRTX_CM4.a(rt_membox.o)
                0x00011f20                rt_alloc_box
 .text.rt_free_box
                0x00011f3c       0x28 C:/ProgramData/MATLAB/SupportPackages/R2022a/3P.instrset/cmsis.instrset/CMSIS/RTOS/RTX/LIB/GCC/libRTX_CM4.a(rt_membox.o)
                0x00011f3c                rt_free_box
 .text.rt_sem_psh
                0x00011f64       0x34 C:/ProgramData/MATLAB/SupportPackages/R2022a/3P.instrset/cmsis.instrset/CMSIS/RTOS/RTX/LIB/GCC/libRTX_CM4.a(rt_semaphore.o)
                0x00011f64                rt_sem_psh
 .text.rt_mbx_init
                0x00011f98       0x18 C:/ProgramData/MATLAB/SupportPackages/R2022a/3P.instrset/cmsis.instrset/CMSIS/RTOS/RTX/LIB/GCC/libRTX_CM4.a(rt_mailbox.o)
                0x00011f98                rt_mbx_init
 .text.rt_mbx_wait
                0x00011fb0       0xa8 C:/ProgramData/MATLAB/SupportPackages/R2022a/3P.instrset/cmsis.instrset/CMSIS/RTOS/RTX/LIB/GCC/libRTX_CM4.a(rt_mailbox.o)
                0x00011fb0                rt_mbx_wait
 .text.rt_mbx_check
                0x00012058        0x8 C:/ProgramData/MATLAB/SupportPackages/R2022a/3P.instrset/cmsis.instrset/CMSIS/RTOS/RTX/LIB/GCC/libRTX_CM4.a(rt_mailbox.o)
                0x00012058                rt_mbx_check
 .text.isr_mbx_send
                0x00012060       0x10 C:/ProgramData/MATLAB/SupportPackages/R2022a/3P.instrset/cmsis.instrset/CMSIS/RTOS/RTX/LIB/GCC/libRTX_CM4.a(rt_mailbox.o)
                0x00012060                isr_mbx_send
 .text.rt_mbx_psh
                0x00012070       0xe8 C:/ProgramData/MATLAB/SupportPackages/R2022a/3P.instrset/cmsis.instrset/CMSIS/RTOS/RTX/LIB/GCC/libRTX_CM4.a(rt_mailbox.o)
                0x00012070                rt_mbx_psh
 .text.rt_put_prio
                0x00012158       0x50 C:/ProgramData/MATLAB/SupportPackages/R2022a/3P.instrset/cmsis.instrset/CMSIS/RTOS/RTX/LIB/GCC/libRTX_CM4.a(rt_list.o)
                0x00012158                rt_put_prio
 .text.rt_get_first
                0x000121a8       0x28 C:/ProgramData/MATLAB/SupportPackages/R2022a/3P.instrset/cmsis.instrset/CMSIS/RTOS/RTX/LIB/GCC/libRTX_CM4.a(rt_list.o)
                0x000121a8                rt_get_first
 .text.rt_put_rdy_first
                0x000121d0       0x14 C:/ProgramData/MATLAB/SupportPackages/R2022a/3P.instrset/cmsis.instrset/CMSIS/RTOS/RTX/LIB/GCC/libRTX_CM4.a(rt_list.o)
                0x000121d0                rt_put_rdy_first
 .text.rt_resort_prio
                0x000121e4       0xac C:/ProgramData/MATLAB/SupportPackages/R2022a/3P.instrset/cmsis.instrset/CMSIS/RTOS/RTX/LIB/GCC/libRTX_CM4.a(rt_list.o)
                0x000121e4                rt_resort_prio
 .text.rt_put_dly
                0x00012290       0x60 C:/ProgramData/MATLAB/SupportPackages/R2022a/3P.instrset/cmsis.instrset/CMSIS/RTOS/RTX/LIB/GCC/libRTX_CM4.a(rt_list.o)
                0x00012290                rt_put_dly
 .text.rt_dec_dly
                0x000122f0       0xbc C:/ProgramData/MATLAB/SupportPackages/R2022a/3P.instrset/cmsis.instrset/CMSIS/RTOS/RTX/LIB/GCC/libRTX_CM4.a(rt_list.o)
                0x000122f0                rt_dec_dly
 .text.rt_rmv_list
                0x000123ac       0x2c C:/ProgramData/MATLAB/SupportPackages/R2022a/3P.instrset/cmsis.instrset/CMSIS/RTOS/RTX/LIB/GCC/libRTX_CM4.a(rt_list.o)
                0x000123ac                rt_rmv_list
 .text.rt_rmv_dly
                0x000123d8       0x30 C:/ProgramData/MATLAB/SupportPackages/R2022a/3P.instrset/cmsis.instrset/CMSIS/RTOS/RTX/LIB/GCC/libRTX_CM4.a(rt_list.o)
                0x000123d8                rt_rmv_dly
 .text.rt_psq_enq
                0x00012408       0x44 C:/ProgramData/MATLAB/SupportPackages/R2022a/3P.instrset/cmsis.instrset/CMSIS/RTOS/RTX/LIB/GCC/libRTX_CM4.a(rt_list.o)
                0x00012408                rt_psq_enq
 .text.rt_evt_wait
                0x0001244c       0x44 C:/ProgramData/MATLAB/SupportPackages/R2022a/3P.instrset/cmsis.instrset/CMSIS/RTOS/RTX/LIB/GCC/libRTX_CM4.a(rt_event.o)
                0x0001244c                rt_evt_wait
 .text.rt_evt_set
                0x00012490       0x58 C:/ProgramData/MATLAB/SupportPackages/R2022a/3P.instrset/cmsis.instrset/CMSIS/RTOS/RTX/LIB/GCC/libRTX_CM4.a(rt_event.o)
                0x00012490                rt_evt_set
 .text.rt_evt_clr
                0x000124e8       0x18 C:/ProgramData/MATLAB/SupportPackages/R2022a/3P.instrset/cmsis.instrset/CMSIS/RTOS/RTX/LIB/GCC/libRTX_CM4.a(rt_event.o)
                0x000124e8                rt_evt_clr
 .text.isr_evt_set
                0x00012500       0x24 C:/ProgramData/MATLAB/SupportPackages/R2022a/3P.instrset/cmsis.instrset/CMSIS/RTOS/RTX/LIB/GCC/libRTX_CM4.a(rt_event.o)
                0x00012500                isr_evt_set
 .text.rt_evt_psh
                0x00012524       0x50 C:/ProgramData/MATLAB/SupportPackages/R2022a/3P.instrset/cmsis.instrset/CMSIS/RTOS/RTX/LIB/GCC/libRTX_CM4.a(rt_event.o)
                0x00012524                rt_evt_psh
 .text.rt_psh_req
                0x00012574       0x20 C:/ProgramData/MATLAB/SupportPackages/R2022a/3P.instrset/cmsis.instrset/CMSIS/RTOS/RTX/LIB/GCC/libRTX_CM4.a(rt_system.o)
                0x00012574                rt_psh_req
 .text.rt_pop_req
                0x00012594       0x9c C:/ProgramData/MATLAB/SupportPackages/R2022a/3P.instrset/cmsis.instrset/CMSIS/RTOS/RTX/LIB/GCC/libRTX_CM4.a(rt_system.o)
                0x00012594                rt_pop_req
 .text.os_tick_init
                0x00012630       0x40 C:/ProgramData/MATLAB/SupportPackages/R2022a/3P.instrset/cmsis.instrset/CMSIS/RTOS/RTX/LIB/GCC/libRTX_CM4.a(rt_system.o)
                0x00012630                os_tick_init
 .text.os_tick_irqack
                0x00012670        0x4 C:/ProgramData/MATLAB/SupportPackages/R2022a/3P.instrset/cmsis.instrset/CMSIS/RTOS/RTX/LIB/GCC/libRTX_CM4.a(rt_system.o)
                0x00012670                os_tick_irqack
 .text.rt_systick
                0x00012674       0x3c C:/ProgramData/MATLAB/SupportPackages/R2022a/3P.instrset/cmsis.instrset/CMSIS/RTOS/RTX/LIB/GCC/libRTX_CM4.a(rt_system.o)
                0x00012674                rt_systick
 .text.rt_stk_check
                0x000126b0       0x24 C:/ProgramData/MATLAB/SupportPackages/R2022a/3P.instrset/cmsis.instrset/CMSIS/RTOS/RTX/LIB/GCC/libRTX_CM4.a(rt_system.o)
                0x000126b0                rt_stk_check
 .text.rt_switch_req
                0x000126d4       0x24 C:/ProgramData/MATLAB/SupportPackages/R2022a/3P.instrset/cmsis.instrset/CMSIS/RTOS/RTX/LIB/GCC/libRTX_CM4.a(rt_task.o)
                0x000126d4                rt_switch_req
 .text.rt_dispatch
                0x000126f8       0x78 C:/ProgramData/MATLAB/SupportPackages/R2022a/3P.instrset/cmsis.instrset/CMSIS/RTOS/RTX/LIB/GCC/libRTX_CM4.a(rt_task.o)
                0x000126f8                rt_dispatch
 .text.rt_block
                0x00012770       0x50 C:/ProgramData/MATLAB/SupportPackages/R2022a/3P.instrset/cmsis.instrset/CMSIS/RTOS/RTX/LIB/GCC/libRTX_CM4.a(rt_task.o)
                0x00012770                rt_block
 .text.rt_tsk_self
                0x000127c0       0x10 C:/ProgramData/MATLAB/SupportPackages/R2022a/3P.instrset/cmsis.instrset/CMSIS/RTOS/RTX/LIB/GCC/libRTX_CM4.a(rt_task.o)
                0x000127c0                rt_tsk_self
 .text.rt_tsk_prio
                0x000127d0       0xa0 C:/ProgramData/MATLAB/SupportPackages/R2022a/3P.instrset/cmsis.instrset/CMSIS/RTOS/RTX/LIB/GCC/libRTX_CM4.a(rt_task.o)
                0x000127d0                rt_tsk_prio
 .text.rt_tsk_create
                0x00012870       0xc8 C:/ProgramData/MATLAB/SupportPackages/R2022a/3P.instrset/cmsis.instrset/CMSIS/RTOS/RTX/LIB/GCC/libRTX_CM4.a(rt_task.o)
                0x00012870                rt_tsk_create
 .text.rt_tsk_delete
                0x00012938      0x1bc C:/ProgramData/MATLAB/SupportPackages/R2022a/3P.instrset/cmsis.instrset/CMSIS/RTOS/RTX/LIB/GCC/libRTX_CM4.a(rt_task.o)
                0x00012938                rt_tsk_delete
 .text.rt_sys_init
                0x00012af4       0xdc C:/ProgramData/MATLAB/SupportPackages/R2022a/3P.instrset/cmsis.instrset/CMSIS/RTOS/RTX/LIB/GCC/libRTX_CM4.a(rt_task.o)
                0x00012af4                rt_sys_init
 .text.rt_sys_start
                0x00012bd0       0x8c C:/ProgramData/MATLAB/SupportPackages/R2022a/3P.instrset/cmsis.instrset/CMSIS/RTOS/RTX/LIB/GCC/libRTX_CM4.a(rt_task.o)
                0x00012bd0                rt_sys_start
 .text.OSA_TimeInit
                0x00012c5c       0x40 C:/ProgramData/MATLAB/SupportPackages/R2022a/toolbox/target/supportpackages/freedomk64f/src/ksdk_armgcc_lib/bm/libksdk_platform.a(fsl_os_abstraction_bm.o)
                0x00012c5c                OSA_TimeInit
 .text.OSA_TimeDiff
                0x00012c9c        0xe C:/ProgramData/MATLAB/SupportPackages/R2022a/toolbox/target/supportpackages/freedomk64f/src/ksdk_armgcc_lib/bm/libksdk_platform.a(fsl_os_abstraction_bm.o)
                0x00012c9c                OSA_TimeDiff
 *fill*         0x00012caa        0x2 
 .text.OSA_SemaCreate
                0x00012cac       0x2c C:/ProgramData/MATLAB/SupportPackages/R2022a/toolbox/target/supportpackages/freedomk64f/src/ksdk_armgcc_lib/bm/libksdk_platform.a(fsl_os_abstraction_bm.o)
                0x00012cac                OSA_SemaCreate
 .text.OSA_SemaPost
                0x00012cd8       0x3c C:/ProgramData/MATLAB/SupportPackages/R2022a/toolbox/target/supportpackages/freedomk64f/src/ksdk_armgcc_lib/bm/libksdk_platform.a(fsl_os_abstraction_bm.o)
                0x00012cd8                OSA_SemaPost
 .text.OSA_SemaDestroy
                0x00012d14       0x20 C:/ProgramData/MATLAB/SupportPackages/R2022a/toolbox/target/supportpackages/freedomk64f/src/ksdk_armgcc_lib/bm/libksdk_platform.a(fsl_os_abstraction_bm.o)
                0x00012d14                OSA_SemaDestroy
 .text.task_init
                0x00012d34       0x38 C:/ProgramData/MATLAB/SupportPackages/R2022a/toolbox/target/supportpackages/freedomk64f/src/ksdk_armgcc_lib/bm/libksdk_platform.a(fsl_os_abstraction_bm.o)
                0x00012d34                task_init
 .text.OSA_TimeGetMsec
                0x00012d6c        0xc C:/ProgramData/MATLAB/SupportPackages/R2022a/toolbox/target/supportpackages/freedomk64f/src/ksdk_armgcc_lib/bm/libksdk_platform.a(fsl_os_abstraction_bm.o)
                0x00012d6c                OSA_TimeGetMsec
 .text.OSA_TimeDelay
                0x00012d78       0x1c C:/ProgramData/MATLAB/SupportPackages/R2022a/toolbox/target/supportpackages/freedomk64f/src/ksdk_armgcc_lib/bm/libksdk_platform.a(fsl_os_abstraction_bm.o)
                0x00012d78                OSA_TimeDelay
 .text.OSA_Init
                0x00012d94        0xe C:/ProgramData/MATLAB/SupportPackages/R2022a/toolbox/target/supportpackages/freedomk64f/src/ksdk_armgcc_lib/bm/libksdk_platform.a(fsl_os_abstraction_bm.o)
                0x00012d94                OSA_Init
 *fill*         0x00012da2        0x2 
 .text.CLOCK_SYS_SetMcgPeeToFbe
                0x00012da4       0x34 C:/ProgramData/MATLAB/SupportPackages/R2022a/toolbox/target/supportpackages/freedomk64f/src/ksdk_armgcc_lib/bm/libksdk_platform.a(fsl_clock_manager.o)
 .text.CLOCK_SYS_SetMcgMode
                0x00012dd8      0x124 C:/ProgramData/MATLAB/SupportPackages/R2022a/toolbox/target/supportpackages/freedomk64f/src/ksdk_armgcc_lib/bm/libksdk_platform.a(fsl_clock_manager.o)
                0x00012dd8                CLOCK_SYS_SetMcgMode
 .text.CLOCK_SYS_SetOscerConfigration
                0x00012efc       0x20 C:/ProgramData/MATLAB/SupportPackages/R2022a/toolbox/target/supportpackages/freedomk64f/src/ksdk_armgcc_lib/bm/libksdk_platform.a(fsl_clock_manager.o)
                0x00012efc                CLOCK_SYS_SetOscerConfigration
 .text.CLOCK_SYS_OscInit
                0x00012f1c       0x98 C:/ProgramData/MATLAB/SupportPackages/R2022a/toolbox/target/supportpackages/freedomk64f/src/ksdk_armgcc_lib/bm/libksdk_platform.a(fsl_clock_manager.o)
                0x00012f1c                CLOCK_SYS_OscInit
 .text.CLOCK_SYS_RtcOscInit
                0x00012fb4       0x6c C:/ProgramData/MATLAB/SupportPackages/R2022a/toolbox/target/supportpackages/freedomk64f/src/ksdk_armgcc_lib/bm/libksdk_platform.a(fsl_clock_manager.o)
                0x00012fb4                CLOCK_SYS_RtcOscInit
 .text.SIM_HAL_GetGateCmd.constprop.0
                0x00013020       0x20 C:/ProgramData/MATLAB/SupportPackages/R2022a/toolbox/target/supportpackages/freedomk64f/src/ksdk_armgcc_lib/bm/libksdk_platform.a(fsl_clock_MK64F12.o)
 .text.SIM_HAL_DisableClock.constprop.0
                0x00013040       0x1c C:/ProgramData/MATLAB/SupportPackages/R2022a/toolbox/target/supportpackages/freedomk64f/src/ksdk_armgcc_lib/bm/libksdk_platform.a(fsl_clock_MK64F12.o)
 .text.SIM_HAL_EnableClock.constprop.0
                0x0001305c       0x1c C:/ProgramData/MATLAB/SupportPackages/R2022a/toolbox/target/supportpackages/freedomk64f/src/ksdk_armgcc_lib/bm/libksdk_platform.a(fsl_clock_MK64F12.o)
 .text.CLOCK_SYS_GetCoreClockFreq
                0x00013078       0x24 C:/ProgramData/MATLAB/SupportPackages/R2022a/toolbox/target/supportpackages/freedomk64f/src/ksdk_armgcc_lib/bm/libksdk_platform.a(fsl_clock_MK64F12.o)
                0x00013078                CLOCK_SYS_GetCoreClockFreq
 .text.CLOCK_SYS_SetConfiguration
                0x0001309c       0x94 C:/ProgramData/MATLAB/SupportPackages/R2022a/toolbox/target/supportpackages/freedomk64f/src/ksdk_armgcc_lib/bm/libksdk_platform.a(fsl_clock_MK64F12.o)
                0x0001309c                CLOCK_SYS_SetConfiguration
 .text.CLOCK_SYS_FllStableDelay
                0x00013130       0x18 C:/ProgramData/MATLAB/SupportPackages/R2022a/toolbox/target/supportpackages/freedomk64f/src/ksdk_armgcc_lib/bm/libksdk_platform.a(fsl_clock_MK64F12.o)
 .text.CLOCK_SYS_GetBusClockFreq
                0x00013148       0x24 C:/ProgramData/MATLAB/SupportPackages/R2022a/toolbox/target/supportpackages/freedomk64f/src/ksdk_armgcc_lib/bm/libksdk_platform.a(fsl_clock_MK64F12.o)
                0x00013148                CLOCK_SYS_GetBusClockFreq
 .text.CLOCK_SYS_GetUartFreq
                0x0001316c       0x16 C:/ProgramData/MATLAB/SupportPackages/R2022a/toolbox/target/supportpackages/freedomk64f/src/ksdk_armgcc_lib/bm/libksdk_platform.a(fsl_clock_MK64F12.o)
                0x0001316c                CLOCK_SYS_GetUartFreq
 *fill*         0x00013182        0x2 
 .text.CLOCK_SYS_GetFtmExternalFreq
                0x00013184       0x20 C:/ProgramData/MATLAB/SupportPackages/R2022a/toolbox/target/supportpackages/freedomk64f/src/ksdk_armgcc_lib/bm/libksdk_platform.a(fsl_clock_MK64F12.o)
                0x00013184                CLOCK_SYS_GetFtmExternalFreq
 .text.CLOCK_SYS_EnablePortClock
                0x000131a4       0x30 C:/ProgramData/MATLAB/SupportPackages/R2022a/toolbox/target/supportpackages/freedomk64f/src/ksdk_armgcc_lib/bm/libksdk_platform.a(fsl_clock_MK64F12.o)
                0x000131a4                CLOCK_SYS_EnablePortClock
 .text.CLOCK_SYS_EnableFtmClock
                0x000131d4       0x30 C:/ProgramData/MATLAB/SupportPackages/R2022a/toolbox/target/supportpackages/freedomk64f/src/ksdk_armgcc_lib/bm/libksdk_platform.a(fsl_clock_MK64F12.o)
                0x000131d4                CLOCK_SYS_EnableFtmClock
 .text.CLOCK_SYS_EnableI2cClock
                0x00013204       0x30 C:/ProgramData/MATLAB/SupportPackages/R2022a/toolbox/target/supportpackages/freedomk64f/src/ksdk_armgcc_lib/bm/libksdk_platform.a(fsl_clock_MK64F12.o)
                0x00013204                CLOCK_SYS_EnableI2cClock
 .text.CLOCK_SYS_EnableUartClock
                0x00013234       0x30 C:/ProgramData/MATLAB/SupportPackages/R2022a/toolbox/target/supportpackages/freedomk64f/src/ksdk_armgcc_lib/bm/libksdk_platform.a(fsl_clock_MK64F12.o)
                0x00013234                CLOCK_SYS_EnableUartClock
 .text.CLOCK_SYS_DisableUartClock
                0x00013264       0x30 C:/ProgramData/MATLAB/SupportPackages/R2022a/toolbox/target/supportpackages/freedomk64f/src/ksdk_armgcc_lib/bm/libksdk_platform.a(fsl_clock_MK64F12.o)
                0x00013264                CLOCK_SYS_DisableUartClock
 .text.CLOCK_SYS_GetUartGateCmd
                0x00013294       0x30 C:/ProgramData/MATLAB/SupportPackages/R2022a/toolbox/target/supportpackages/freedomk64f/src/ksdk_armgcc_lib/bm/libksdk_platform.a(fsl_clock_MK64F12.o)
                0x00013294                CLOCK_SYS_GetUartGateCmd
 .text.INT_SYS_EnableIRQGlobal
                0x000132c4       0x14 C:/ProgramData/MATLAB/SupportPackages/R2022a/toolbox/target/supportpackages/freedomk64f/src/ksdk_armgcc_lib/bm/libksdk_platform.a(fsl_interrupt_manager.o)
                0x000132c4                INT_SYS_EnableIRQGlobal
 .text.INT_SYS_DisableIRQGlobal
                0x000132d8       0x10 C:/ProgramData/MATLAB/SupportPackages/R2022a/toolbox/target/supportpackages/freedomk64f/src/ksdk_armgcc_lib/bm/libksdk_platform.a(fsl_interrupt_manager.o)
                0x000132d8                INT_SYS_DisableIRQGlobal
 .text.INT_SYS_EnableIRQ
                0x000132e8       0x48 C:/ProgramData/MATLAB/SupportPackages/R2022a/toolbox/target/supportpackages/freedomk64f/src/ksdk_armgcc_lib/bm/libksdk_platform.a(fsl_edma_driver.o)
 .text.EDMA_DRV_ClaimChannel
                0x00013330       0x70 C:/ProgramData/MATLAB/SupportPackages/R2022a/toolbox/target/supportpackages/freedomk64f/src/ksdk_armgcc_lib/bm/libksdk_platform.a(fsl_edma_driver.o)
 .text.EDMA_DRV_Init
                0x000133a0       0x84 C:/ProgramData/MATLAB/SupportPackages/R2022a/toolbox/target/supportpackages/freedomk64f/src/ksdk_armgcc_lib/bm/libksdk_platform.a(fsl_edma_driver.o)
                0x000133a0                EDMA_DRV_Init
 .text.EDMA_DRV_InstallCallback
                0x00013424        0x8 C:/ProgramData/MATLAB/SupportPackages/R2022a/toolbox/target/supportpackages/freedomk64f/src/ksdk_armgcc_lib/bm/libksdk_platform.a(fsl_edma_driver.o)
                0x00013424                EDMA_DRV_InstallCallback
 .text.EDMA_DRV_RequestChannel
                0x0001342c       0x70 C:/ProgramData/MATLAB/SupportPackages/R2022a/toolbox/target/supportpackages/freedomk64f/src/ksdk_armgcc_lib/bm/libksdk_platform.a(fsl_edma_driver.o)
                0x0001342c                EDMA_DRV_RequestChannel
 .text.EDMA_DRV_ReleaseChannel
                0x0001349c       0x44 C:/ProgramData/MATLAB/SupportPackages/R2022a/toolbox/target/supportpackages/freedomk64f/src/ksdk_armgcc_lib/bm/libksdk_platform.a(fsl_edma_driver.o)
                0x0001349c                EDMA_DRV_ReleaseChannel
 .text.EDMA_DRV_IRQHandler
                0x000134e0       0x30 C:/ProgramData/MATLAB/SupportPackages/R2022a/toolbox/target/supportpackages/freedomk64f/src/ksdk_armgcc_lib/bm/libksdk_platform.a(fsl_edma_driver.o)
                0x000134e0                EDMA_DRV_IRQHandler
 .text.EDMA_DRV_ErrorIRQHandler
                0x00013510       0x8c C:/ProgramData/MATLAB/SupportPackages/R2022a/toolbox/target/supportpackages/freedomk64f/src/ksdk_armgcc_lib/bm/libksdk_platform.a(fsl_edma_driver.o)
                0x00013510                EDMA_DRV_ErrorIRQHandler
 .text.FTM_HAL_SetClockSource
                0x0001359c       0x12 C:/ProgramData/MATLAB/SupportPackages/R2022a/toolbox/target/supportpackages/freedomk64f/src/ksdk_armgcc_lib/bm/libksdk_platform.a(fsl_ftm_driver.o)
 *fill*         0x000135ae        0x2 
 .text.FTM_HAL_SetChnCountVal.part.0
                0x000135b0       0x1c C:/ProgramData/MATLAB/SupportPackages/R2022a/toolbox/target/supportpackages/freedomk64f/src/ksdk_armgcc_lib/bm/libksdk_platform.a(fsl_ftm_driver.o)
 .text.FTM_DRV_Init
                0x000135cc      0x10c C:/ProgramData/MATLAB/SupportPackages/R2022a/toolbox/target/supportpackages/freedomk64f/src/ksdk_armgcc_lib/bm/libksdk_platform.a(fsl_ftm_driver.o)
                0x000135cc                FTM_DRV_Init
 .text.FTM_DRV_SetClock
                0x000136d8       0x54 C:/ProgramData/MATLAB/SupportPackages/R2022a/toolbox/target/supportpackages/freedomk64f/src/ksdk_armgcc_lib/bm/libksdk_platform.a(fsl_ftm_driver.o)
                0x000136d8                FTM_DRV_SetClock
 .text.FTM_DRV_GetClock
                0x0001372c       0x68 C:/ProgramData/MATLAB/SupportPackages/R2022a/toolbox/target/supportpackages/freedomk64f/src/ksdk_armgcc_lib/bm/libksdk_platform.a(fsl_ftm_driver.o)
                0x0001372c                FTM_DRV_GetClock
 .text.FTM_DRV_PwmStart
                0x00013794      0x1cc C:/ProgramData/MATLAB/SupportPackages/R2022a/toolbox/target/supportpackages/freedomk64f/src/ksdk_armgcc_lib/bm/libksdk_platform.a(fsl_ftm_driver.o)
                0x00013794                FTM_DRV_PwmStart
 .text.PORT_HAL_SetMuxMode.part.0
                0x00013960       0x1c C:/ProgramData/MATLAB/SupportPackages/R2022a/toolbox/target/supportpackages/freedomk64f/src/ksdk_armgcc_lib/bm/libksdk_platform.a(fsl_gpio_driver.o)
 .text.GPIO_DRV_InputPinInit
                0x0001397c       0xe4 C:/ProgramData/MATLAB/SupportPackages/R2022a/toolbox/target/supportpackages/freedomk64f/src/ksdk_armgcc_lib/bm/libksdk_platform.a(fsl_gpio_driver.o)
                0x0001397c                GPIO_DRV_InputPinInit
 .text.GPIO_DRV_OutputPinInit
                0x00013a60       0x78 C:/ProgramData/MATLAB/SupportPackages/R2022a/toolbox/target/supportpackages/freedomk64f/src/ksdk_armgcc_lib/bm/libksdk_platform.a(fsl_gpio_driver.o)
                0x00013a60                GPIO_DRV_OutputPinInit
 .text.GPIO_DRV_WritePinOutput
                0x00013ad8       0x1c C:/ProgramData/MATLAB/SupportPackages/R2022a/toolbox/target/supportpackages/freedomk64f/src/ksdk_armgcc_lib/bm/libksdk_platform.a(fsl_gpio_driver.o)
                0x00013ad8                GPIO_DRV_WritePinOutput
 .text.GPIO_DRV_ReadPinInput
                0x00013af4       0x3c C:/ProgramData/MATLAB/SupportPackages/R2022a/toolbox/target/supportpackages/freedomk64f/src/ksdk_armgcc_lib/bm/libksdk_platform.a(fsl_gpio_driver.o)
                0x00013af4                GPIO_DRV_ReadPinInput
 .text.I2C_HAL_Init
                0x00013b30       0x1c C:/ProgramData/MATLAB/SupportPackages/R2022a/toolbox/target/supportpackages/freedomk64f/src/ksdk_armgcc_lib/bm/libksdk_platform.a(fsl_i2c_hal.o)
                0x00013b30                I2C_HAL_Init
 .text.I2C_HAL_SetBaudRate
                0x00013b4c       0x70 C:/ProgramData/MATLAB/SupportPackages/R2022a/toolbox/target/supportpackages/freedomk64f/src/ksdk_armgcc_lib/bm/libksdk_platform.a(fsl_i2c_hal.o)
                0x00013b4c                I2C_HAL_SetBaudRate
 .text.I2C_HAL_SendStart
                0x00013bbc       0x20 C:/ProgramData/MATLAB/SupportPackages/R2022a/toolbox/target/supportpackages/freedomk64f/src/ksdk_armgcc_lib/bm/libksdk_platform.a(fsl_i2c_hal.o)
                0x00013bbc                I2C_HAL_SendStart
 .text.I2C_HAL_SendStop
                0x00013bdc       0x50 C:/ProgramData/MATLAB/SupportPackages/R2022a/toolbox/target/supportpackages/freedomk64f/src/ksdk_armgcc_lib/bm/libksdk_platform.a(fsl_i2c_hal.o)
                0x00013bdc                I2C_HAL_SendStop
 .text.LPTMR_HAL_SetTimerWorkingMode
                0x00013c2c       0x3c C:/ProgramData/MATLAB/SupportPackages/R2022a/toolbox/target/supportpackages/freedomk64f/src/ksdk_armgcc_lib/bm/libksdk_platform.a(fsl_lptmr_hal.o)
                0x00013c2c                LPTMR_HAL_SetTimerWorkingMode
 .text.LPTMR_HAL_SetPrescalerMode
                0x00013c68       0x1c C:/ProgramData/MATLAB/SupportPackages/R2022a/toolbox/target/supportpackages/freedomk64f/src/ksdk_armgcc_lib/bm/libksdk_platform.a(fsl_lptmr_hal.o)
                0x00013c68                LPTMR_HAL_SetPrescalerMode
 .text.LPTMR_HAL_GetCounterValue
                0x00013c84        0xe C:/ProgramData/MATLAB/SupportPackages/R2022a/toolbox/target/supportpackages/freedomk64f/src/ksdk_armgcc_lib/bm/libksdk_platform.a(fsl_lptmr_hal.o)
                0x00013c84                LPTMR_HAL_GetCounterValue
 *fill*         0x00013c92        0x2 
 .text.CLOCK_HAL_TestOscFreq
                0x00013c94       0x28 C:/ProgramData/MATLAB/SupportPackages/R2022a/toolbox/target/supportpackages/freedomk64f/src/ksdk_armgcc_lib/bm/libksdk_platform.a(fsl_mcg_hal.o)
                0x00013c94                CLOCK_HAL_TestOscFreq
 .text.CLOCK_HAL_GetMcgExternalClkFreq
                0x00013cbc        0xa C:/ProgramData/MATLAB/SupportPackages/R2022a/toolbox/target/supportpackages/freedomk64f/src/ksdk_armgcc_lib/bm/libksdk_platform.a(fsl_mcg_hal.o)